01-07 00:14:20.867 4407 4528 I BugleRcsEngine: No RCS Configuration was found in Bugle for simID: redacted-pii:sim_id[chars:20,last3:897] [CONTEXT log_prefix="ProvisioningEngineDataRetriever" thread_id=73 ]
01-07 00:14:54.044 4407 4449 I BugleRcsEngine: Connected state: [1], networkType: [WIFI] [CONTEXT thread_id=67 ]
01-07 00:14:54.044 4407 4528 I BugleRcsEngine: handleMessage processing message:[NOTIFY_UPTIME_IGNORE_STATE_CHANGED] with [non-null]:RcsEngineImpl reference [CONTEXT log_prefix="RcsEngineImpl[DUAL_REG]:[a637de82-00e6]>Handler" thread_id=73 ]
01-07 00:14:54.052 4407 4528 I BugleRcsEngine: No RCS Configuration was found in Bugle for simID: redacted-pii:sim_id[chars:20,last3:897] [CONTEXT log_prefix="ProvisioningEngineDataRetriever" thread_id=73 ]
01-07 00:15:24.155 4407 4528 I BugleRcsEngine: handleMessage processing message:[NOTIFY_UPTIME_IGNORE_STATE_CHANGED] with [non-null]:RcsEngineImpl reference [CONTEXT log_prefix="RcsEngineImpl[DUAL_REG]:[a637de82-00e6]>Handler" thread_id=73 ]
01-07 00:15:24.155 4407 4449 I BugleRcsEngine: Connected state: [1], networkType: [WIFI] [CONTEXT thread_id=67 ]
01-07 00:15:24.161 4407 4528 I BugleRcsEngine: No RCS Configuration was found in Bugle for simID: redacted-pii:sim_id[chars:20,last3:897] [CONTEXT log_prefix="ProvisioningEngineDataRetriever" thread_id=73 ]
01-07 00:16:08.978 4407 4528 I BugleRcsEngine: handleMessage processing message:[NOTIFY_UPTIME_IGNORE_STATE_CHANGED] with [non-null]:RcsEngineImpl reference [CONTEXT log_prefix="RcsEngineImpl[DUAL_REG]:[a637de82-00e6]>Handler" thread_id=73 ]
01-07 00:16:08.978 4407 4449 I BugleRcsEngine: Connected state: [1], networkType: [WIFI] [CONTEXT thread_id=67 ]
01-07 00:16:08.985 4407 4528 I BugleRcsEngine: No RCS Configuration was found in Bugle for simID: redacted-pii:sim_id[chars:20,last3:897] [CONTEXT log_prefix="ProvisioningEngineDataRetriever" thread_id=73 ]
01-07 00:16:55.332 4407 4528 I BugleRcsEngine: handleMessage processing message:[NOTIFY_UPTIME_IGNORE_STATE_CHANGED] with [non-null]:RcsEngineImpl reference [CONTEXT log_prefix="RcsEngineImpl[DUAL_REG]:[a637de82-00e6]>Handler" thread_id=73 ]
01-07 00:16:55.335 4407 4449 I BugleRcsEngine: Connected state: [1], networkType: [WIFI] [CONTEXT thread_id=67 ]
01-07 00:16:55.369 4407 4528 I BugleRcsEngine: No RCS Configuration was found in Bugle for simID: redacted-pii:sim_id[chars:20,last3:897] [CONTEXT log_prefix="ProvisioningEngineDataRetriever" thread_id=73 ]
01-07 00:17:17.520 4407 4449 I BugleRcsEngine: Connected state: [1], networkType: [WIFI] [CONTEXT thread_id=67 ]
01-07 00:17:17.519 4407 4528 I BugleRcsEngine: handleMessage processing message:[NOTIFY_UPTIME_IGNORE_STATE_CHANGED] with [non-null]:RcsEngineImpl reference [CONTEXT log_prefix="RcsEngineImpl[DUAL_REG]:[a637de82-00e6]>Handler" thread_id=73 ]
01-07 00:17:17.527 4407 4528 I BugleRcsEngine: No RCS Configuration was found in Bugle for simID: redacted-pii:sim_id[chars:20,last3:897] [CONTEXT log_prefix="ProvisioningEngineDataRetriever" thread_id=73 ]
01-07 00:17:20.547 4407 4528 I BugleRcsEngine: handleMessage processing message:[NOTIFY_UPTIME_IGNORE_STATE_CHANGED] with [non-null]:RcsEngineImpl reference [CONTEXT log_prefix="RcsEngineImpl[DUAL_REG]:[a637de82-00e6]>Handler" thread_id=73 ]
01-07 00:17:20.547 4407 4449 I BugleRcsEngine: Connected state: [1], networkType: [WIFI] [CONTEXT thread_id=67 ]
01-07 00:17:20.554 4407 4528 I BugleRcsEngine: No RCS Configuration was found in Bugle for simID: redacted-pii:sim_id[chars:20,last3:897] [CONTEXT log_prefix="ProvisioningEngineDataRetriever" thread_id=73 ]
01-07 00:17:56.124 4407 4528 I BugleRcsEngine: handleMessage processing message:[NOTIFY_UPTIME_IGNORE_STATE_CHANGED] with [non-null]:RcsEngineImpl reference [CONTEXT log_prefix="RcsEngineImpl[DUAL_REG]:[a637de82-00e6]>Handler" thread_id=73 ]
01-07 00:17:56.124 4407 4449 I BugleRcsEngine: Connected state: [1], networkType: [WIFI] [CONTEXT thread_id=67 ]
01-07 00:17:56.145 4407 4528 I BugleRcsEngine: No RCS Configuration was found in Bugle for simID: redacted-pii:sim_id[chars:20,last3:897] [CONTEXT log_prefix="ProvisioningEngineDataRetriever" thread_id=73 ]
01-07 00:18:56.389 4407 4528 I BugleRcsEngine: handleMessage processing message:[NOTIFY_UPTIME_IGNORE_STATE_CHANGED] with [non-null]:RcsEngineImpl reference [CONTEXT log_prefix="RcsEngineImpl[DUAL_REG]:[a637de82-00e6]>Handler" thread_id=73 ]
01-07 00:18:56.389 4407 4449 I BugleRcsEngine: Connected state: [1], networkType: [WIFI] [CONTEXT thread_id=67 ]
01-07 00:18:56.396 4407 4528 I BugleRcsEngine: No RCS Configuration was found in Bugle for simID: redacted-pii:sim_id[chars:20,last3:897] [CONTEXT log_prefix="ProvisioningEngineDataRetriever" thread_id=73 ]
01-07 00:19:26.538 4407 4449 I BugleRcsEngine: Connected state: [1], networkType: [WIFI] [CONTEXT thread_id=67 ]
01-07 00:19:26.538 4407 4528 I BugleRcsEngine: handleMessage processing message:[NOTIFY_UPTIME_IGNORE_STATE_CHANGED] with [non-null]:RcsEngineImpl reference [CONTEXT log_prefix="RcsEngineImpl[DUAL_REG]:[a637de82-00e6]>Handler" thread_id=73 ]
01-07 00:19:26.547 4407 4528 I BugleRcsEngine: No RCS Configuration was found in Bugle for simID: redacted-pii:sim_id[chars:20,last3:897] [CONTEXT log_prefix="ProvisioningEngineDataRetriever" thread_id=73 ]
01-07 00:20:08.726 4407 4528 I BugleRcsEngine: handleMessage processing message:[NOTIFY_UPTIME_IGNORE_STATE_CHANGED] with [non-null]:RcsEngineImpl reference [CONTEXT log_prefix="RcsEngineImpl[DUAL_REG]:[a637de82-00e6]>Handler" thread_id=73 ]
01-07 00:20:08.727 4407 4449 I BugleRcsEngine: Connected state: [1], networkType: [WIFI] [CONTEXT thread_id=67 ]
01-07 00:20:08.737 4407 4528 I BugleRcsEngine: No RCS Configuration was found in Bugle for simID: redacted-pii:sim_id[chars:20,last3:897] [CONTEXT log_prefix="ProvisioningEngineDataRetriever" thread_id=73 ]
01-07 00:20:38.849 4407 4528 I BugleRcsEngine: handleMessage processing message:[NOTIFY_UPTIME_IGNORE_STATE_CHANGED] with [non-null]:RcsEngineImpl reference [CONTEXT log_prefix="RcsEngineImpl[DUAL_REG]:[a637de82-00e6]>Handler" thread_id=73 ]
01-07 00:20:38.850 4407 4449 I BugleRcsEngine: Connected state: [1], networkType: [WIFI] [CONTEXT thread_id=67 ]
01-07 00:20:38.858 4407 4528 I BugleRcsEngine: No RCS Configuration was found in Bugle for simID: redacted-pii:sim_id[chars:20,last3:897] [CONTEXT log_prefix="ProvisioningEngineDataRetriever" thread_id=73 ]
01-07 00:21:36.106 4407 4528 I BugleRcsEngine: handleMessage processing message:[NOTIFY_UPTIME_IGNORE_STATE_CHANGED] with [non-null]:RcsEngineImpl reference [CONTEXT log_prefix="RcsEngineImpl[DUAL_REG]:[a637de82-00e6]>Handler" thread_id=73 ]
01-07 00:21:36.106 4407 4449 I BugleRcsEngine: Connected state: [1], networkType: [WIFI] [CONTEXT thread_id=67 ]
01-07 00:21:36.114 4407 4528 I BugleRcsEngine: No RCS Configuration was found in Bugle for simID: redacted-pii:sim_id[chars:20,last3:897] [CONTEXT log_prefix="ProvisioningEngineDataRetriever" thread_id=73 ]
01-07 00:21:42.137 4407 4528 I BugleRcsEngine: handleMessage processing message:[NOTIFY_UPTIME_IGNORE_STATE_CHANGED] with [non-null]:RcsEngineImpl reference [CONTEXT log_prefix="RcsEngineImpl[DUAL_REG]:[a637de82-00e6]>Handler" thread_id=73 ]
01-07 00:21:42.137 4407 4449 I BugleRcsEngine: Connected state: [1], networkType: [WIFI] [CONTEXT thread_id=67 ]
01-07 00:21:42.144 4407 4528 I BugleRcsEngine: No RCS Configuration was found in Bugle for simID: redacted-pii:sim_id[chars:20,last3:897] [CONTEXT log_prefix="ProvisioningEngineDataRetriever" thread_id=73 ]
01-07 00:21:45.156 4407 4449 I BugleRcsEngine: Connected state: [1], networkType: [WIFI] [CONTEXT thread_id=67 ]
01-07 00:21:45.156 4407 4528 I BugleRcsEngine: handleMessage processing message:[NOTIFY_UPTIME_IGNORE_STATE_CHANGED] with [non-null]:RcsEngineImpl reference [CONTEXT log_prefix="RcsEngineImpl[DUAL_REG]:[a637de82-00e6]>Handler" thread_id=73 ]
01-07 00:21:45.165 4407 4528 I BugleRcsEngine: No RCS Configuration was found in Bugle for simID: redacted-pii:sim_id[chars:20,last3:897] [CONTEXT log_prefix="ProvisioningEngineDataRetriever" thread_id=73 ]
01-07 00:22:36.424 4407 4449 I BugleRcsEngine: Connected state: [1], networkType: [WIFI] [CONTEXT thread_id=67 ]
01-07 00:22:36.424 4407 4528 I BugleRcsEngine: handleMessage processing message:[NOTIFY_UPTIME_IGNORE_STATE_CHANGED] with [non-null]:RcsEngineImpl reference [CONTEXT log_prefix="RcsEngineImpl[DUAL_REG]:[a637de82-00e6]>Handler" thread_id=73 ]
01-07 00:22:36.432 4407 4528 I BugleRcsEngine: No RCS Configuration was found in Bugle for simID: redacted-pii:sim_id[chars:20,last3:897] [CONTEXT log_prefix="ProvisioningEngineDataRetriever" thread_id=73 ]
01-07 00:23:07.435 4407 4528 I BugleRcsEngine: handleMessage processing message:[NOTIFY_UPTIME_IGNORE_STATE_CHANGED] with [non-null]:RcsEngineImpl reference [CONTEXT log_prefix="RcsEngineImpl[DUAL_REG]:[a637de82-00e6]>Handler" thread_id=73 ]
01-07 00:23:07.435 4407 4449 I BugleRcsEngine: Connected state: [1], networkType: [WIFI] [CONTEXT thread_id=67 ]
01-07 00:23:07.442 4407 4528 I BugleRcsEngine: No RCS Configuration was found in Bugle for simID: redacted-pii:sim_id[chars:20,last3:897] [CONTEXT log_prefix="ProvisioningEngineDataRetriever" thread_id=73 ]
01-07 00:23:10.451 4407 4528 I BugleRcsEngine: handleMessage processing message:[NOTIFY_UPTIME_IGNORE_STATE_CHANGED] with [non-null]:RcsEngineImpl reference [CONTEXT log_prefix="RcsEngineImpl[DUAL_REG]:[a637de82-00e6]>Handler" thread_id=73 ]
01-07 00:23:10.452 4407 4449 I BugleRcsEngine: Connected state: [1], networkType: [WIFI] [CONTEXT thread_id=67 ]
01-07 00:23:10.458 4407 4528 I BugleRcsEngine: No RCS Configuration was found in Bugle for simID: redacted-pii:sim_id[chars:20,last3:897] [CONTEXT log_prefix="ProvisioningEngineDataRetriever" thread_id=73 ]
01-07 00:24:13.791 4407 4528 I BugleRcsEngine: handleMessage processing message:[NOTIFY_UPTIME_IGNORE_STATE_CHANGED] with [non-null]:RcsEngineImpl reference [CONTEXT log_prefix="RcsEngineImpl[DUAL_REG]:[a637de82-00e6]>Handler" thread_id=73 ]
01-07 00:24:13.791 4407 4449 I BugleRcsEngine: Connected state: [1], networkType: [WIFI] [CONTEXT thread_id=67 ]
01-07 00:24:13.799 4407 4528 I BugleRcsEngine: No RCS Configuration was found in Bugle for simID: redacted-pii:sim_id[chars:20,last3:897] [CONTEXT log_prefix="ProvisioningEngineDataRetriever" thread_id=73 ]
01-07 00:24:50.016 4407 4528 I BugleRcsEngine: handleMessage processing message:[NOTIFY_UPTIME_IGNORE_STATE_CHANGED] with [non-null]:RcsEngineImpl reference [CONTEXT log_prefix="RcsEngineImpl[DUAL_REG]:[a637de82-00e6]>Handler" thread_id=73 ]
01-07 00:24:50.017 4407 4449 I BugleRcsEngine: Connected state: [1], networkType: [WIFI] [CONTEXT thread_id=67 ]
01-07 00:24:50.024 4407 4528 I BugleRcsEngine: No RCS Configuration was found in Bugle for simID: redacted-pii:sim_id[chars:20,last3:897] [CONTEXT log_prefix="ProvisioningEngineDataRetriever" thread_id=73 ]
01-07 00:25:17.167 4407 4528 I BugleRcsEngine: handleMessage processing message:[NOTIFY_UPTIME_IGNORE_STATE_CHANGED] with [non-null]:RcsEngineImpl reference [CONTEXT log_prefix="RcsEngineImpl[DUAL_REG]:[a637de82-00e6]>Handler" thread_id=73 ]
01-07 00:25:17.168 4407 4449 I BugleRcsEngine: Connected state: [1], networkType: [WIFI] [CONTEXT thread_idData-1-cc2)" thread_id=112 ]
01-07 00:21:40.959 6289 6555 I BugleRcsEngine: Enter EnabledState [null] [CONTEXT log_prefix="(PEv2-SM204073028-DefaultCallSmsData-1-cc2)" thread_id=113 ]
01-07 00:21:40.968 6289 6555 W BugleRcsEngine: Unable to send diagnostic log [CONTEXT thread_id=113 ]
01-07 00:21:40.972 6289 6555 I BugleRcsEngine: Sending ProvisioningEvent to Bugle [Send Provisioning Session ID (18)], redacted-pii:[chars:65] [CONTEXT thread_id=113 ]
01-07 00:21:40.972 6289 6555 I BugleRcsEngine: Broadcasting provisioning intent com.google.android.ims.provisioning.engine.provisioningEventAction to Bugle with extras redacted-pii:[chars:223] from source PROVISIONING_EVENT [CONTEXT log_prefix="EngineBroadcaster" thread_id=113 ]
01-07 00:21:40.977 6289 6553 I BugleRcsProvisioning: RcsProvisioningEventReceiver: Received ProvisioningEvent: Send Provisioning Session ID
01-07 00:21:40.978 6289 6555 I BugleRcsEngine: Start a new provisioning session [1f5291c0-2136-4d80-8f0e-684c0d5a187c] [CONTEXT log_prefix="(PEv2-SM204073028-DefaultCallSmsData-1-cc2)" thread_id=113 ]
01-07 00:21:40.978 6289 6330 I Bugle: BroadcastReceiverAsyncWorkTracker: Acknowledging broadcast of com.google.android.apps.messaging.shared.receiver.RcsProvisioningEventReceiver@b4122ae
01-07 00:21:40.979 6289 6555 I BugleRcsEngine: No RCS Configuration was found in Bugle for simID: redacted-pii:sim_id[chars:20,last3:897] [CONTEXT log_prefix="ProvisioningEngineDataRetriever" thread_id=113 ]
01-07 00:21:40.982 6289 6555 I BugleRcsEngine: No RCS Configuration was found in Bugle for simID: redacted-pii:sim_id[chars:20,last3:897] [CONTEXT log_prefix="ProvisioningEngineDataRetriever" thread_id=113 ]
01-07 00:21:40.983 6289 6555 I BugleRcsEngine: transitionViaMessage, srcState=EnabledState, destState = CheckPreconditionsState [1f5291c0-2136-4d80-8f0e-684c0d5a187c] [CONTEXT log_prefix="(PEv2-SM204073028-DefaultCallSmsData-1-cc2)" thread_id=113 ]
01-07 00:21:40.984 6289 6555 I BugleRcsEngine: Sending ProvisioningEvent to Bugle [Update provisioning status (11)], redacted-pii:[chars:85] [CONTEXT thread_id=113 ]
01-07 00:21:40.986 6289 6555 I BugleRcsEngine: Broadcasting provisioning intent com.google.android.ims.provisioning.engine.provisioningEventAction to Bugle with extras redacted-pii:[chars:243] from source PROVISIONING_EVENT [CONTEXT log_prefix="EngineBroadcaster" thread_id=113 ]
01-07 00:21:40.988 6289 6555 I BugleRcsEngine: EnabledState: Transition to check preconditions [1f5291c0-2136-4d80-8f0e-684c0d5a187c] [CONTEXT log_prefix="(PEv2-SM204073028-DefaultCallSmsData-1-cc2)" thread_id=113 ]
01-07 00:21:40.989 6289 6555 I BugleRcsEngine: transitionTo: destState=CheckPreconditionsState [1f5291c0-2136-4d80-8f0e-684c0d5a187c] [CONTEXT log_prefix="(PEv2-SM204073028-DefaultCallSmsData-1-cc2)" thread_id=113 ]
01-07 00:21:40.990 6289 6554 I BugleRcsProvisioning: RcsProvisioningEventReceiver: Received ProvisioningEvent: Update provisioning status
01-07 00:21:40.990 6289 6555 I BugleRcsEngine: onTransitionRequested EnabledState [1f5291c0-2136-4d80-8f0e-684c0d5a187c] [CONTEXT log_prefix="(PEv2-SM204073028-DefaultCallSmsData-1-cc2)" thread_id=113 ]
01-07 00:21:40.991 6289 6330 I Bugle: BroadcastReceiverAsyncWorkTracker: Acknowledging broadcast of com.google.android.apps.messaging.shared.receiver.RcsProvisioningEventReceiver@d377a61
01-07 00:21:40.991 6289 6555 I BugleRcsEngine: Enter CheckPreconditionsState [1f5291c0-2136-4d80-8f0e-684c0d5a187c] [CONTEXT log_prefix="(PEv2-SM204073028-DefaultCallSmsData-1-cc2)" thread_id=113 ]
01-07 00:21:40.996 6289 6555 W BugleRcsEngine: Unable to send diagnostic log [CONTEXT thread_id=113 ]
01-07 00:21:40.998 6289 6555 I BugleRcsEngine: getRcsProvisioningGoogleTosConfiguration # bnuv@5d5fcd, consentState = 0, ServerUpdateTime = 0 [CONTEXT log_prefix="ProvisioningEngineDataRetriever" thread_id=113 ]
01-07 00:21:41.000 6289 6555 I BugleRcsEngine: getRcsProvisioningGoogleTosConfiguration # bnuv@5d5fcd, consentState = 0, ServerUpdateTime = 0 [CONTEXT log_prefix="ProvisioningEngineDataRetriever" thread_id=113 ]
01-07 00:21:41.002 6289 6555 I BugleRcsEngine: provisioningEngineDataRetriever = cjww@1b5998f, googleToSConsentCache.hasClientConsent() = false, provisioningEngineDataRetriever.getGoogleTosConsent = false rcsDefaultOnConsentCache.hasClientConsent = false [1f5291c0-2136-4d80-8f0e-684c0d5a187c] [CONTEXT log_prefix="(PEv2-SM204073028-DefaultCallSmsData-1-cc2)" thread_id=113 ]
01-07 00:21:41.004 6289 6555 I BugleRcsEngine: transitionViaMessage, srcState=CheckPreconditionsState, destState = WaitingForRcsDefaultOnState [1f5291c0-2136-4d80-8f0e-684c0d5a187c] [CONTEXT log_prefix="(PEv2-SM204073028-DefaultCallSmsData-1-cc2)" thread_id=113 ]
01-07 00:21:41.005 6289 6555 I BugleRcsEngine: CheckPreconditionsState: Transition to Waiting For RCS Default On [1f5291c0-2136-4d80-8f0e-684c0d5a187c] [CONTEXT log_prefix="(PEv2-SM204073028-DefaultCallSmsData-1-cc2)" thread_id=113 ]
01-07 00:21:41.005 6289 6555 I BugleRcsEngine: transitionTo: destState=WaitingForRcsDefaultOnState [1f5291c0-2136-4d80-8f0e-684c0d5a187c] [CONTEXT log_prefix="(PEv2-SM204073028-DefaultCallSmsData-1-cc2)" thread_id=113 ]
01-07 00:21:41.006 6289 6555 I BugleRcsEngine: onTransitionRequested CheckPreconditionsState [1f5291c0-2136-4d80-8f0e-684c0d5a187c] [CONTEXT log_prefix="(PEv2-SM204073028-DefaultCallSmsData-1-cc2)" thread_id=113 ]
01-07 00:21:41.007 6289 6555 I BugleRcsEngine: Enter WaitingForRcsDefaultOnState [1f5291c0-2136-4d80-8f0e-684c0d5a187c] [CONTEXT log_prefix="(PEv2-SM204073028-DefaultCallSmsData-1-cc2)" thread_id=113 ]
01-07 00:21:41.010 6289 6555 W BugleRcsEngine: Unable to send diagnostic log [CONTEXT thread_id=113 ]
01-07 00:21:41.012 6289 6553 W BugleRcsEngine: Unable to send diagnostic log [CONTEXT thread_id=111 ]
01-07 00:21:41.012 6289 6555 W BugleRcsEngine: Unable to send diagnostic log [CONTEXT thread_id=113 ]
01-07 00:21:41.013 6289 6555 I BugleRcsEngine: Sending ProvisioningEvent to Bugle [Show RCS default on UI (24)], no extra data [CONTEXT thread_id=113 ]
01-07 00:21:41.014 6289 6555 I BugleRcsEngine: Broadcasting provisioning intent com.google.android.ims.provisioning.engine.provisioningEventAction to Bugle with extras redacted-pii:[chars:83] from source PROVISIONING_EVENT [CONTEXT log_prefix="EngineBroadcaster" thread_id=113 ]
01-07 00:21:41.018 6289 6556 I BugleRcsProvisioning: RcsProvisioningEventReceiver: Received ProvisioningEvent: Show RCS default on UI
01-07 00:21:41.018 6289 6555 I BugleRcsEngine: transitionViaMessage, srcState=WaitingForRcsDefaultOnState, destState = SetGoogleToSConsentState [1f5291c0-2136-4d80-8f0e-684c0d5a187c] [CONTEXT log_prefix="(PEv2-SM204073028-DefaultCallSmsData-1-cc2)" thread_id=113 ]
01-07 00:21:41.020 6289 6555 I BugleRcsEngine: WaitingForRcsDefaultOnState: Transition to set Google ToS Consent [1f5291c0-2136-4d80-8f0e-684c0d5a187c] [CONTEXT log_prefix="(PEv2-SM204073028-DefaultCallSmsData-1-cc2)" thread_id=113 ]
01-07 00:21:41.020 6289 6323 I Bugle: BroadcastReceiverAsyncWorkTracker: Acknowledging broadcast of com.google.android.apps.messaging.shared.receiver.RcsProvisioningEventReceiver@16599c2
01-07 00:21:41.020 6289 6555 I BugleRcsEngine: transitionTo: destState=SetGoogleToSConsentState [1f5291c0-2136-4d80-8f0e-684c0d5a187c] [CONTEXT log_prefix="(PEv2-SM204073028-DefaultCallSmsData-1-cc2)" thread_id=113 ]
01-07 00:21:41.021 6289 6555 I BugleRcsEngine: onTransitionRequested WaitingForRcsDefaultOnState [1f5291c0-2136-4d80-8f0e-684c0d5a187c] [CONTEXT log_prefix="(PEv2-SM204073028-DefaultCallSmsData-1-cc2)" thread_id=113 ]
01-07 00:21:41.022 6289 6555 I BugleRcsEngine: Exit WaitingForRcsDefaultOnState [1f5291c0-2136-4d80-8f0e-684c0d5a187c] [CONTEXT log_prefix="(PEv2-SM204073028-DefaultCallSmsData-1-cc2)" thread_id=113 ]
01-07 00:21:41.023 6289 6555 W BugleRcsEngine: Unable to send diagnostic log [CONTEXT thread_id=113 ]
01-07 00:21:41.023 6289 6555 I BugleRcsEngine: Enter SetGoogleToSConsentState [1f5291c0-2136-4d80-8f0e-684c0d5a187c] [CONTEXT log_prefix="(PEv2-SM204073028-DefaultCallSmsData-1-cc2)" thread_id=113 ]
01-07 00:21:41.027 6289 6555 W BugleRcsEngine: Unable to send diagnostic log [CONTEXT thread_id=113 ]
01-07 00:21:41.028 6289 6556 W BugleRcsEngine: Unable to send diagnostic log [CONTEXT thread_id=114 ]
01-07 00:21:41.030 6289 6555 I BugleRcsEngine: getRcsProvisioningGoogleTosConfiguration # bnuv@5d5fcd, consentState = 0, ServerUpdateTime = 0 [CONTEXT log_prefix="ProvisioningEngineDataRetriever" thread_id=113 ]
01-07 00:21:41.032 6289 6555 I BugleRcsEngine: getRcsProvisioningGoogleTosConfiguration # bnuv@5d5fcd, consentState = 0, ServerUpdateTime = 0 [CONTEXT log_prefix="ProvisioningEngineDataRetriever" thread_id=113 ]
01-07 00:21:41.045 6289 6553 W BugleRcsEngine: Unable to send diagnostic log [CONTEXT thread_id=111 ]
01-07 00:21:42.509 6289 6480 E Bugle: SharedStorageInteractor: Security error,calling app is not whitelisted to access Bugle's data, uid: 10144
01-07 00:21:42.511 6289 6480 W BugleRcsEngine: Unable to send ContentProvider request event log [CONTEXT thread_id=102 ]
01-07 00:21:42.516 6289 6480 E BugleRcsEngine: Error while retrieving RcsProvisioningRcsDefaultOnConfiguration from Bugle storage. [CONTEXT log_prefix="ProvisioningEngineDataRetriever" thread_id=102 ] cknl: ContentProvider request failed, failureReason: UID_NOT_VERIFIED_ERRORcknl: ContentProvider request failed, failureReason: UID_NOT_VERIFIED_ERROR
	at cknm.g(PG:134)
	at cknm.i(PG:14)
	at cknm.o(PG:7)
	at cjww.e(PG:7)
	at cjnx.a(PG:3)
	at cjnp.i(PG:9)
	at cjnj.apply(PG:7)
	at dkwh.a(PG:7)
	at dqra.run(PG:18)
	at dqqd.execute(PG:1)
	at dkwl.execute(PG:18)
	at dqod.o(PG:1)
	at dqod.j(PG:95)
	at dqod.setException(PG:19)
	at dqoj.run(PG:81)
	at dqqd.execute(PG:1)
	at dqod.o(PG:1)
	at dqod.j(PG:95)
	at dqod.setException(PG:19)
	at cuol.a(PG:35)
	at chhd.run(PG:12)
	at dqqd.execute(PG:1)
	at chhe.c(PG:12)
	at chht.b(PG:36)
	at chhz.u(PG:20)
	at chhv.a(PG:3)
	at cfoh.b(PG:15)
	at cesy.onConsentRegistered(PG:3)
	at com.google.android.gms.asterism.internal.IAsterismCallbacks$Stub.dispatchTransaction(PG:28)
	at com.google.android.aidl.BaseStub.onTransact(PG:13)
	at android.os.Binder.execTransactInternal(Binder.java:1505)
	at android.os.Binder.execTransact(Binder.java:1444)

01-07 00:21:42.517 6289 6480 W BugleRcsEngine: setAsterismConsent failure: sessionId=1f5291c0-2136-4d80-8f0e-684c0d5a187c requestCode=1 consent=0 googleToSConsentSource=4 [CONTEXT thread_id=102 ] cfko: 34504: cfko: 34504: 
	at cfox.a(PG:15)
	at cfoh.b(PG:11)
	at cesy.onConsentRegistered(PG:3)
	at com.google.android.gms.asterism.internal.IAsterismCallbacks$Stub.dispatchTransaction(PG:28)
	at com.google.android.aidl.BaseStub.onTransact(PG:13)
	at android.os.Binder.execTransactInternal(Binder.java:1505)
	at android.os.Binder.execTransact(Binder.java:1444)

01-07 00:21:42.524 6289 6480 W BugleRcsEngine: Unable to send diagnostic log [CONTEXT thread_id=102 ]
01-07 00:21:42.527 6289 6553 W BugleRcsEngine: googleToSConsentApi.setConsent 0 failed [1f5291c0-2136-4d80-8f0e-684c0d5a187c] [CONTEXT log_prefix="(PEv2-SM204073028-DefaultCallSmsData-1-cc2)" thread_id=111 ] cfko: 34504: cfko: 34504: 
	at cfox.a(PG:15)
	at cfoh.b(PG:11)
	at cesy.onConsentRegistered(PG:3)
	at com.google.android.gms.asterism.internal.IAsterismCallbacks$Stub.dispatchTransaction(PG:28)
	at com.google.android.aidl.BaseStub.onTransact(PG:13)
	at android.os.Binder.execTransactInternal(Binder.java:1505)
	at android.os.Binder.execTransact(Binder.java:1444)

01-07 00:21:42.529 6289 6555 I BugleRcsEngine: SetGoogleToSConsentState: event Set Consent API error [1f5291c0-2136-4d80-8f0e-684c0d5a187c] [CONTEXT log_prefix="(PEv2-SM204073028-DefaultCallSmsData-1-cc2)" thread_id=113 ]
01-07 00:22:41.051 6289 6555 I BugleRcsEngine: SetGoogleToSConsentState: event Timeout [1f5291c0-2136-4d80-8f0e-684c0d5a187c] [CONTEXT log_prefix="(PEv2-SM204073028-DefaultCallSmsData-1-cc2)" thread_id=113 ]
01-07 00:22:41.055 6289 6555 I BugleRcsEngine: transitionTo: destState=RetryState [1f5291c0-2136-4d80-8f0e-684c0d5a187c] [CONTEXT log_prefix="(PEv2-SM204073028-DefaultCallSmsData-1-cc2)" thread_id=113 ]
01-07 00:22:41.057 6289 6555 I BugleRcsEngine: onTransitionRequested SetGoogleToSConsentState [1f5291c0-2136-4d80-8f0e-684c0d5a187c] [CONTEXT log_prefix="(PEv2-SM204073028-DefaultCallSmsData-1-cc2)" thread_id=113 ]
01-07 00:22:41.061 6289 6555 I BugleRcsEngine: Exit SetGoogleToSConsentState [1f5291c0-2136-4d80-8f0e-684c0d5a187c] [CONTEXT log_prefix="(PEv2-SM204073028-DefaultCallSmsData-1-cc2)" thread_id=113 ]
01-07 00:22:41.063 6289 6555 W BugleRcsEngine: Unable to send diagnostic log [CONTEXT thread_id=113 ]
01-07 00:22:41.065 6289 6555 I BugleRcsEngine: Exit CheckPreconditionsState [1f5291c0-2136-4d80-8f0e-684c0d5a187c] [CONTEXT log_prefix="(PEv2-SM204073028-DefaultCallSmsData-1-cc2)" thread_id=113 ]
01-07 00:22:41.066 6289 6555 I BugleRcsEngine: Exit EnabledState [1f5291c0-2136-4d80-8f0e-684c0d5a187c] [CONTEXT log_prefix="(PEv2-SM204073028-DefaultCallSmsData-1-cc2)" thread_id=113 ]
01-07 00:22:41.068 6289 6553 W BugleRcsEngine: Unable to send diagnostic log [CONTEXT thread_id=111 ]
01-07 00:22:41.068 6289 6555 W BugleRcsEngine: Unable to send diagnostic log [CONTEXT thread_id=113 ]
01-07 00:22:41.070 6289 6555 I BugleRcsEngine: Enter RetryState [1f5291c0-2136-4d80-8f0e-684c0d5a187c] [CONTEXT log_prefix="(PEv2-SM204073028-DefaultCallSmsData-1-cc2)" thread_id=113 ]
01-07 00:22:41.075 6289 6555 W BugleRcsEngine: Unable to send diagnostic log [CONTEXT thread_id=113 ]
01-07 00:22:41.076 6289 6555 I BugleRcsEngine: nextRetry = 0 [1f5291c0-2136-4d80-8f0e-684c0d5a187c] [CONTEXT log_prefix="(PEv2-SM204073028-DefaultCallSmsData-1-cc2)" thread_id=113 ]
01-07 00:22:41.077 6289 6555 I BugleRcsEngine: scheduleRetry, currentRetry = 0, retryMillis = 57600000 [1f5291c0-2136-4d80-8f0e-684c0d5a187c] [CONTEXT log_prefix="(PEv2-SM204073028-DefaultCallSmsData-1-cc2)" thread_id=113 ]
01-07 00:22:41.094 6289 6555 I BugleRcsWorker: [seqId=2][workId=52dd9f61-3b5c-4cf2-a93a-0f2f426ffb0c] Received a provisioning state changed event from the provisioning engine RETRY
01-07 00:22:41.095 6289 6555 I BugleRcsWorker: [seqId=2][workId=52dd9f61-3b5c-4cf2-a93a-0f2f426ffb0c] Provisioning Engine entered RetryState, provisioning task will be rescheduled with exponential backoff
01-07 00:22:41.097 6289 6555 I BugleRcsWorker: [seqId=2][workId=52dd9f61-3b5c-4cf2-a93a-0f2f426ffb0c] finish provisioning task with result Success {mOutputData=Data {}}
01-07 00:22:41.097 6289 6555 I BugleRcsWorker: [seqId=2][workId=52dd9f61-3b5c-4cf2-a93a-0f2f426ffb0c] RCS provisioning task has finished with result Success {mOutputData=Data {}}
01-07 00:22:41.103 6289 6305 I Bugle: Scheduling custom retry
01-07 00:22:41.104 6289 6576 I BugleRcsEngine: quit [null] [CONTEXT log_prefix="(PEv2-SM204073028-DefaultCallSmsData-1-cc2)" thread_id=117 ]
01-07 00:22:41.106 6289 6556 I BugleRcsEngine: [SR]: Single Registration is disabled. Skipping Single Registration capability check for subId: 1, OS.isAtLeastS:[true], enableSingleRegistrationProvisioning:[false] [CONTEXT thread_id=114 ]
01-07 00:22:41.107 6289 6555 I BugleRcsEngine: transitionTo: destState=ciru [null] [CONTEXT log_prefix="(PEv2-SM204073028-DefaultCallSmsData-1-cc2)" thread_id=113 ]
01-07 00:22:41.107 6289 6555 I BugleRcsEngine: Exit RetryState [null] [CONTEXT log_prefix="(PEv2-SM204073028-DefaultCallSmsData-1-cc2)" thread_id=113 ]
01-07 00:22:41.109 6289 6556 I BugleRcsEngine: No RCS Configuration was found in Bugle for simID: redacted-pii:sim_id[chars:20,last3:897] [CONTEXT log_prefix="ProvisioningEngineDataRetriever" thread_id=114 ]
01-07 00:22:41.109 6289 6555 W BugleRcsEngine: Unable to send diagnostic log [CONTEXT thread_id=113 ]
01-07 00:22:41.110 6289 6555 W BugleRcsEngine: onQuitting [null] [CONTEXT log_prefix="(PEv2-SM204073028-DefaultCallSmsData-1-cc2)" thread_id=113 ]
01-07 00:22:41.113 6289 6556 I BugleRcsEngine: Scheduled provisioning task with 960 seconds delay, APPEND policy, trigger is STATE_MACHINE_RETRY, workerId is 40fdc3b8-ab6e-47de-8ec4-55b729b3b356, simId is redacted-pii:sim_id[chars:20,last3:897] [CONTEXT log_prefix="provisioning" thread_id=114 ]
01-07 00:22:41.113 6289 6576 W BugleRcsEngine: Unable to send diagnostic log [CONTEXT thread_id=117 ]
01-07 00:22:41.114 6289 6576 W BugleRcsEngine: Unable to send diagnostic log [CONTEXT thread_id=117 ]
01-07 00:38:41.235 6289 6289 I BugleRcsWorker: [seqId=3][workId=40fdc3b8-ab6e-47de-8ec4-55b729b3b356] RCS provisioning task has started
01-07 00:38:41.239 6289 6681 I BugleRcsWorker: [seqId=3][workId=40fdc3b8-ab6e-47de-8ec4-55b729b3b356] Starting StateMachine, trigger is STATE_MACHINE_RETRY
01-07 00:38:41.241 6289 6681 I BugleRcsEngine: start PEv2, trigger is STATE_MACHINE_RETRY, workerId is 40fdc3b8-ab6e-47de-8ec4-55b729b3b356 [null] [CONTEXT log_prefix="(PEv2-SM238854762-DefaultCallSmsData-1-cc2)" thread_id=119 ]
01-07 00:38:41.242 6289 6681 I BugleRcsEngine: Created new RcsProvisioningProtoDataStorage for sim redacted-pii:sim_id[chars:20,last3:897] [CONTEXT thread_id=119 ]
01-07 00:38:41.244 6289 6681 I BugleRcsEngine: No RCS Configuration was found in Bugle for simID: redacted-pii:sim_id[chars:20,last3:897] [CONTEXT log_prefix="ProvisioningEngineDataRetriever" thread_id=119 ]
01-07 00:38:41.244 6289 6681 I BugleRcsEngine: start [null] [CONTEXT log_prefix="(PEv2-SM238854762-DefaultCallSmsData-1-cc2)" thread_id=119 ]
01-07 00:38:41.245 6289 6683 I BugleRcsEngine: Enter EnabledState [null] [CONTEXT log_prefix="(PEv2-SM238854762-DefaultCallSmsData-1-cc2)" thread_id=121 ]
01-07 00:38:41.248 6289 6683 W BugleRcsEngine: Unable to send diagnostic log [CONTEXT thread_id=121 ]
01-07 00:38:41.254 6289 6683 I BugleRcsEngine: Sending ProvisioningEvent to Bugle [Send Provisioning Session ID (18)], redacted-pii:[chars:65] [CONTEXT thread_id=121 ]
01-07 00:38:41.255 6289 6683 I BugleRcsEngine: Broadcasting provisioning intent com.google.android.ims.provisioning.engine.provisioningEventAction to Bugle with extras redacted-pii:[chars:223] from source PROVISIONING_EVENT [CONTEXT log_prefix="EngineBroadcaster" thread_id=121 ]
01-07 00:38:41.261 6289 6680 I BugleRcsProvisioning: RcsProvisioningEventReceiver: Received ProvisioningEvent: Send Provisioning Session ID
01-07 00:38:41.261 6289 6683 I BugleRcsEngine: Start a new provisioning session [96423edc-fdb9-483d-a726-e78720d2ce96] [CONTEXT log_prefix="(PEv2-SM238854762-DefaultCallSmsData-1-cc2)" thread_id=121 ]
01-07 00:38:41.263 6289 6330 I Bugle: BroadcastReceiverAsyncWorkTracker: Acknowledging broadcast of com.google.android.apps.messaging.shared.receiver.RcsProvisioningEventReceiver@c76ed0d
01-07 00:38:41.263 6289 6683 I BugleRcsEngine: No RCS Configuration was found in Bugle for simID: redacted-pii:sim_id[chars:20,last3:897] [CONTEXT log_prefix="ProvisioningEngineDataRetriever" thread_id=121 ]
01-07 00:38:41.267 6289 6683 I BugleRcsEngine: No RCS Configuration was found in Bugle for simID: redacted-pii:sim_id[chars:20,last3:897] [CONTEXT log_prefix="ProvisioningEngineDataRetriever" thread_id=121 ]
01-07 00:38:41.267 6289 6683 I BugleRcsEngine: transitionViaMessage, srcState=EnabledState, destState = CheckPreconditionsState [96423edc-fdb9-483d-a726-e78720d2ce96] [CONTEXT log_prefix="(PEv2-SM238854762-DefaultCallSmsData-1-cc2)" thread_id=121 ]
01-07 00:38:41.268 6289 6683 I BugleRcsEngine: Sending ProvisioningEvent to Bugle [Update provisioning status (11)], redacted-pii:[chars:85] [CONTEXT thread_id=121 ]
01-07 00:38:41.268 6289 6683 I BugleRcsEngine: Broadcasting provisioning intent com.google.android.ims.provisioning.engine.provisioningEventAction to Bugle with extras redacted-pii:[chars:243] from source PROVISIONING_EVENT [CONTEXT log_prefix="EngineBroadcaster" thread_id=121 ]
01-07 00:38:41.268 6289 6311 W Bugle: TextClassifierLibManagerImpl: Reclaiming memory at level: 40
01-07 00:38:41.272 6289 6683 I BugleRcsEngine: EnabledState: Transition to check preconditions [96423edc-fdb9-483d-a726-e78720d2ce96] [CONTEXT log_prefix="(PEv2-SM238854762-DefaultCallSmsData-1-cc2)" thread_id=121 ]
01-07 00:38:41.273 6289 6683 I BugleRcsEngine: transitionTo: destState=CheckPreconditionsState [96423edc-fdb9-483d-a726-e78720d2ce96] [CONTEXT log_prefix="(PEv2-SM238854762-DefaultCallSmsData-1-cc2)" thread_id=121 ]
01-07 00:38:41.274 6289 6683 I BugleRcsEngine: onTransitionRequested EnabledState [96423edc-fdb9-483d-a726-e78720d2ce96] [CONTEXT log_prefix="(PEv2-SM238854762-DefaultCallSmsData-1-cc2)" thread_id=121 ]
01-07 00:38:41.275 6289 6683 I BugleRcsEngine: Enter CheckPreconditionsState [96423edc-fdb9-483d-a726-e78720d2ce96] [CONTEXT log_prefix="(PEv2-SM238854762-DefaultCallSmsData-1-cc2)" thread_id=121 ]
01-07 00:38:41.277 6289 6304 W Bugle: TextClassifierLibManagerImpl: Reclaiming memory at level: 40
01-07 00:38:41.280 6289 6304 W Bugle: TextClassifierLibManagerImpl: Reclaiming memory at level: 40
01-07 00:38:41.283 6289 6683 W BugleRcsEngine: Unable to send diagnostic log [CONTEXT thread_id=121 ]
01-07 00:38:41.284 6289 6682 I BugleRcsProvisioning: RcsProvisioningEventReceiver: Received ProvisioningEvent: Update provisioning status
01-07 00:38:41.290 6289 6330 I Bugle: BroadcastReceiverAsyncWorkTracker: Acknowledging broadcast of com.google.android.apps.messaging.shared.receiver.RcsProvisioningEventReceiver@7b15535
01-07 00:38:41.292 6289 6683 I BugleRcsEngine: getRcsProvisioningGoogleTosConfiguration # bnuv@5d5fcd, consentState = 0, ServerUpdateTime = 0 [CONTEXT log_prefix="ProvisioningEngineDataRetriever" thread_id=121 ]
01-07 00:38:41.293 6289 6305 W Bugle: TextClassifierLibManagerImpl: Reclaiming memory at level: 40
01-07 00:38:41.296 6289 6683 I BugleRcsEngine: getRcsProvisioningGoogleTosConfiguration # bnuv@5d5fcd, consentState = 0, ServerUpdateTime = 0 [CONTEXT log_prefix="ProvisioningEngineDataRetriever" thread_id=121 ]
01-07 00:38:41.298 6289 6683 I BugleRcsEngine: provisioningEngineDataRetriever = cjww@1b5998f, googleToSConsentCache.hasClientConsent() = false, provisioningEngineDataRetriever.getGoogleTosConsent = false rcsDefaultOnConsentCache.hasClientConsent = false [96423edc-fdb9-483d-a726-e78720d2ce96] [CONTEXT log_prefix="(PEv2-SM238854762-DefaultCallSmsData-1-cc2)" thread_id=121 ]
01-07 00:38:41.301 6289 6683 I BugleRcsEngine: transitionViaMessage, srcState=CheckPreconditionsState, destState = WaitingForRcsDefaultOnState [96423edc-fdb9-483d-a726-e78720d2ce96] [CONTEXT log_prefix="(PEv2-SM238854762-DefaultCallSmsData-1-cc2)" thread_id=121 ]
01-07 00:38:41.301 6289 6683 I BugleRcsEngine: CheckPreconditionsState: Transition to Waiting For RCS Default On [96423edc-fdb9-483d-a726-e78720d2ce96] [CONTEXT log_prefix="(PEv2-SM238854762-DefaultCallSmsData-1-cc2)" thread_id=121 ]
01-07 00:38:41.303 6289 6683 I BugleRcsEngine: transitionTo: destState=WaitingForRcsDefaultOnState [96423edc-fdb9-483d-a726-e78720d2ce96] [CONTEXT log_prefix="(PEv2-SM238854762-DefaultCallSmsData-1-cc2)" thread_id=121 ]
01-07 00:38:41.303 6289 6683 I BugleRcsEngine: onTransitionRequested CheckPreconditionsState [96423edc-fdb9-483d-a726-e78720d2ce96] [CONTEXT log_prefix="(PEv2-SM238854762-DefaultCallSmsData-1-cc2)" thread_id=121 ]
01-07 00:38:41.305 6289 6683 I BugleRcsEngine: Enter WaitingForRcsDefaultOnState [96423edc-fdb9-483d-a726-e78720d2ce96] [CONTEXT log_prefix="(PEv2-SM238854762-DefaultCallSmsData-1-cc2)" thread_id=121 ]
01-07 00:38:41.310 6289 6683 W BugleRcsEngine: Unable to send diagnostic log [CONTEXT thread_id=121 ]
01-07 00:38:41.313 6289 6683 W BugleRcsEngine: Unable to send diagnostic log [CONTEXT thread_id=121 ]
01-07 00:38:41.314 6289 6683 I BugleRcsEngine: Sending ProvisioningEvent to Bugle [Show RCS default on UI (24)], no extra data [CONTEXT thread_id=121 ]
01-07 00:38:41.315 6289 6683 I BugleRcsEngine: Broadcasting provisioning intent com.google.android.ims.provisioning.engine.provisioningEventAction to Bugle with extras redacted-pii:[chars:83] from source PROVISIONING_EVENT [CONTEXT log_prefix="EngineBroadcaster" thread_id=121 ]
01-07 00:38:41.317 6289 6680 W BugleRcsEngine: Unable to send diagnostic log [CONTEXT thread_id=118 ]
01-07 00:38:41.320 6289 6305 W Bugle: TextClassifierLibManagerImpl: Reclaiming memory at level: 40
01-07 00:38:41.320 6289 6305 W Bugle: TextClassifierLibManagerImpl: Reclaiming memory at level: 40
01-07 00:38:41.321 6289 6683 I BugleRcsEngine: transitionViaMessage, srcState=WaitingForRcsDefaultOnState, destState = SetGoogleToSConsentState [96423edc-fdb9-483d-a726-e78720d2ce96] [CONTEXT log_prefix="(PEv2-SM238854762-DefaultCallSmsData-1-cc2)" thread_id=121 ]
01-07 00:38:41.322 6289 6681 I BugleRcsProvisioning: Rcs=67 ]
01-07 00:25:17.177 4407 4528 I BugleRcsEngine: No RCS Configuration was found in Bugle for simID: redacted-pii:sim_id[chars:20,last3:897] [CONTEXT log_prefix="ProvisioningEngineDataRetriever" thread_id=73 ]
01-07 00:25:23.199 4407 4528 I BugleRcsEngine: handleMessage processing message:[NOTIFY_UPTIME_IGNORE_STATE_CHANGED] with [non-null]:RcsEngineImpl reference [CONTEXT log_prefix="RcsEngineImpl[DUAL_REG]:[a637de82-00e6]>Handler" thread_id=73 ]
01-07 00:25:23.199 4407 4449 I BugleRcsEngine: Connected state: [1], networkType: [WIFI] [CONTEXT thread_id=67 ]
01-07 00:25:23.208 4407 4528 I BugleRcsEngine: No RCS Configuration was found in Bugle for simID: redacted-pii:sim_id[chars:20,last3:897] [CONTEXT log_prefix="ProvisioningEngineDataRetriever" thread_id=73 ]
01-07 00:25:55.993 4407 4449 I BugleRcsEngine: Connected state: [1], networkType: [WIFI] [CONTEXT thread_id=67 ]
01-07 00:25:55.995 4407 4528 I BugleRcsEngine: handleMessage processing message:[NOTIFY_UPTIME_IGNORE_STATE_CHANGED] with [non-null]:RcsEngineImpl reference [CONTEXT log_prefix="RcsEngineImpl[DUAL_REG]:[a637de82-00e6]>Handler" thread_id=73 ]
01-07 00:25:56.022 4407 4528 I BugleRcsEngine: No RCS Configuration was found in Bugle for simID: redacted-pii:sim_id[chars:20,last3:897] [CONTEXT log_prefix="ProvisioningEngineDataRetriever" thread_id=73 ]
01-07 00:26:39.492 4407 4528 I BugleRcsEngine: handleMessage processing message:[NOTIFY_UPTIME_IGNORE_STATE_CHANGED] with [non-null]:RcsEngineImpl reference [CONTEXT log_prefix="RcsEngineImpl[DUAL_REG]:[a637de82-00e6]>Handler" thread_id=73 ]
01-07 00:26:39.492 4407 4449 I BugleRcsEngine: Connected state: [1], networkType: [WIFI] [CONTEXT thread_id=67 ]
01-07 00:26:39.500 4407 4528 I BugleRcsEngine: No RCS Configuration was found in Bugle for simID: redacted-pii:sim_id[chars:20,last3:897] [CONTEXT log_prefix="ProvisioningEngineDataRetriever" thread_id=73 ]
01-07 00:26:57.594 4407 4449 I BugleRcsEngine: Connected state: [1], networkType: [WIFI] [CONTEXT thread_id=67 ]
01-07 00:26:57.594 4407 4528 I BugleRcsEngine: handleMessage processing message:[NOTIFY_UPTIME_IGNORE_STATE_CHANGED] with [non-null]:RcsEngineImpl reference [CONTEXT log_prefix="RcsEngineImpl[DUAL_REG]:[a637de82-00e6]>Handler" thread_id=73 ]
01-07 00:26:57.601 4407 4528 I BugleRcsEngine: No RCS Configuration was found in Bugle for simID: redacted-pii:sim_id[chars:20,last3:897] [CONTEXT log_prefix="ProvisioningEngineDataRetriever" thread_id=73 ]
01-07 00:27:27.761 4407 4528 I BugleRcsEngine: handleMessage processing message:[NOTIFY_UPTIME_IGNORE_STATE_CHANGED] with [non-null]:RcsEngineImpl reference [CONTEXT log_prefix="RcsEngineImpl[DUAL_REG]:[a637de82-00e6]>Handler" thread_id=73 ]
01-07 00:27:27.762 4407 4449 I BugleRcsEngine: Connected state: [1], networkType: [WIFI] [CONTEXT thread_id=67 ]
01-07 00:27:27.769 4407 4528 I BugleRcsEngine: No RCS Configuration was found in Bugle for simID: redacted-pii:sim_id[chars:20,last3:897] [CONTEXT log_prefix="ProvisioningEngineDataRetriever" thread_id=73 ]
01-07 00:27:33.794 4407 4528 I BugleRcsEngine: handleMessage processing message:[NOTIFY_UPTIME_IGNORE_STATE_CHANGED] with [non-null]:RcsEngineImpl reference [CONTEXT log_prefix="RcsEngineImpl[DUAL_REG]:[a637de82-00e6]>Handler" thread_id=73 ]
01-07 00:27:33.794 4407 4449 I BugleRcsEngine: Connected state: [1], networkType: [WIFI] [CONTEXT thread_id=67 ]
01-07 00:27:33.801 4407 4528 I BugleRcsEngine: No RCS Configuration was found in Bugle for simID: redacted-pii:sim_id[chars:20,last3:897] [CONTEXT log_prefix="ProvisioningEngineDataRetriever" thread_id=73 ]
01-07 00:28:39.120 4407 4528 I BugleRcsEngine: handleMessage processing message:[NOTIFY_UPTIME_IGNORE_STATE_CHANGED] with [non-null]:RcsEngineImpl reference [CONTEXT log_prefix="RcsEngineImpl[DUAL_REG]:[a637de82-00e6]>Handler" thread_id=73 ]
01-07 00:28:39.121 4407 4449 I BugleRcsEngine: Connected state: [1], networkType: [WIFI] [CONTEXT thread_id=67 ]
01-07 00:28:39.129 4407 4528 I BugleRcsEngine: No RCS Configuration was found in Bugle for simID: redacted-pii:sim_id[chars:20,last3:897] [CONTEXT log_prefix="ProvisioningEngineDataRetriever" thread_id=73 ]
01-07 00:29:12.091 4407 4528 I BugleRcsEngine: handleMessage processing message:[NOTIFY_UPTIME_IGNORE_STATE_CHANGED] with [non-null]:RcsEngineImpl reference [CONTEXT log_prefix="RcsEngineImpl[DUAL_REG]:[a637de82-00e6]>Handler" thread_id=73 ]
01-07 00:29:12.091 4407 4449 I BugleRcsEngine: Connected state: [1], networkType: [WIFI] [CONTEXT thread_id=67 ]
01-07 00:29:12.099 4407 4528 I BugleRcsEngine: No RCS Configuration was found in Bugle for simID: redacted-pii:sim_id[chars:20,last3:897] [CONTEXT log_prefix="ProvisioningEngineDataRetriever" thread_id=73 ]
01-07 00:29:36.223 4407 4528 I BugleRcsEngine: handleMessage processing message:[NOTIFY_UPTIME_IGNORE_STATE_CHANGED] with [non-null]:RcsEngineImpl reference [CONTEXT log_prefix="RcsEngineImpl[DUAL_REG]:[a637de82-00e6]>Handler" thread_id=73 ]
01-07 00:29:36.223 4407 4449 I BugleRcsEngine: Connected state: [1], networkType: [WIFI] [CONTEXT thread_id=67 ]
01-07 00:29:36.231 4407 4528 I BugleRcsEngine: No RCS Configuration was found in Bugle for simID: redacted-pii:sim_id[chars:20,last3:897] [CONTEXT log_prefix="ProvisioningEngineDataRetriever" thread_id=73 ]
01-07 00:30:09.381 4407 4528 I BugleRcsEngine: handleMessage processing message:[NOTIFY_UPTIME_IGNORE_STATE_CHANGED] with [non-null]:RcsEngineImpl reference [CONTEXT log_prefix="RcsEngineImpl[DUAL_REG]:[a637de82-00e6]>Handler" thread_id=73 ]
01-07 00:30:09.381 4407 4449 I BugleRcsEngine: Connected state: [1], networkType: [WIFI] [CONTEXT thread_id=67 ]
01-07 00:30:09.389 4407 4528 I BugleRcsEngine: No RCS Configuration was found in Bugle for simID: redacted-pii:sim_id[chars:20,last3:897] [CONTEXT log_prefix="ProvisioningEngineDataRetriever" thread_id=73 ]
01-07 00:31:42.843 4407 4528 I BugleRcsEngine: handleMessage processing message:[NOTIFY_UPTIME_IGNORE_STATE_CHANGED] with [non-null]:RcsEngineImpl reference [CONTEXT log_prefix="RcsEngineImpl[DUAL_REG]:[a637de82-00e6]>Handler" thread_id=73 ]
01-07 00:31:42.843 4407 4449 I BugleRcsEngine: Connected state: [1], networkType: [WIFI] [CONTEXT thread_id=67 ]
01-07 00:31:42.853 4407 4528 I BugleRcsEngine: No RCS Configuration was found in Bugle for simID: redacted-pii:sim_id[chars:20,last3:897] [CONTEXT log_prefix="ProvisioningEngineDataRetriever" thread_id=73 ]
01-07 00:31:57.919 4407 4528 I BugleRcsEngine: handleMessage processing message:[NOTIFY_UPTIME_IGNORE_STATE_CHANGED] with [non-null]:RcsEngineImpl reference [CONTEXT log_prefix="RcsEngineImpl[DUAL_REG]:[a637de82-00e6]>Handler" thread_id=73 ]
01-07 00:31:57.920 4407 4449 I BugleRcsEngine: Connected state: [1], networkType: [WIFI] [CONTEXT thread_id=67 ]
01-07 00:31:57.928 4407 4528 I BugleRcsEngine: No RCS Configuration was found in Bugle for simID: redacted-pii:sim_id[chars:20,last3:897] [CONTEXT log_prefix="ProvisioningEngineDataRetriever" thread_id=73 ]
01-07 00:32:00.933 4407 4528 I BugleRcsEngine: handleMessage processing message:[NOTIFY_UPTIME_IGNORE_STATE_CHANGED] with [non-null]:RcsEngineImpl reference [CONTEXT log_prefix="RcsEngineImpl[DUAL_REG]:[a637de82-00e6]>Handler" thread_id=73 ]
01-07 00:32:00.933 4407 4449 I BugleRcsEngine: Connected state: [1], networkType: [WIFI] [CONTEXT thread_id=67 ]
01-07 00:32:00.939 4407 4528 I BugleRcsEngine: No RCS Configuration was found in Bugle for simID: redacted-pii:sim_id[chars:20,last3:897] [CONTEXT log_prefix="ProvisioningEngineDataRetriever" thread_id=73 ]
01-07 00:32:16.013 4407 4528 I BugleRcsEngine: handleMessage processing message:[NOTIFY_UPTIME_IGNORE_STATE_CHANGED] with [non-null]:RcsEngineImpl reference [CONTEXT log_prefix="RcsEngineImpl[DUAL_REG]:[a637de82-00e6]>Handler" thread_id=73 ]
01-07 00:32:16.013 4407 4449 I BugleRcsEngine: Connected state: [1], networkType: [WIFI] [CONTEXT thread_id=67 ]
01-07 00:32:16.024 4407 4528 I BugleRcsEngine: No RCS Configuration was found in Bugle for simID: redacted-pii:sim_id[chars:20,last3:897] [CONTEXT log_prefix="ProvisioningEngineDataRetriever" thread_id=73 ]
01-07 00:32:34.108 4407 4528 I BugleRcsEngine: handleMessage processing message:[NOTIFY_UPTIME_IGNORE_STATE_CHANGED] with [non-null]:RcsEngineImpl reference [CONTEXT log_prefix="RcsEngineImpl[DUAL_REG]:[a637de82-00e6]>Handler" thread_id=73 ]
01-07 00:32:34.108 4407 4449 I BugleRcsEngine: Connected state: [1], networkType: [WIFI] [CONTEXT thread_id=67 ]
01-07 00:32:34.116 4407 4528 I BugleRcsEngine: No RCS Configuration was found in Bugle for simID: redacted-pii:sim_id[chars:20,last3:897] [CONTEXT log_prefix="ProvisioningEngineDataRetriever" thread_id=73 ]
01-07 00:33:04.263 4407 4528 I BugleRcsEngine: handleMessage processing message:[NOTIFY_UPTIME_IGNORE_STATE_CHANGED] with [non-null]:RcsEngineImpl reference [CONTEXT log_prefix="RcsEngineImpl[DUAL_REG]:[a637de82-00e6]>Handler" thread_id=73 ]
01-07 00:33:04.263 4407 4449 I BugleRcsEngine: Connected state: [1], networkType: [WIFI] [CONTEXT thread_id=67 ]
01-07 00:33:04.271 4407 4528 I BugleRcsEngine: No RCS Configuration was found in Bugle for simID: redacted-pii:sim_id[chars:20,last3:897] [CONTEXT log_prefix="ProvisioningEngineDataRetriever" thread_id=73 ]
01-07 00:34:37.778 4407 4528 I BugleRcsEngine: handleMessage processing message:[NOTIFY_UPTIME_IGNORE_STATE_CHANGED] with [non-null]:RcsEngineImpl reference [CONTEXT log_prefix="RcsEngineImpl[DUAL_REG]:[a637de82-00e6]>Handler" thread_id=73 ]
01-07 00:34:37.779 4407 4449 I BugleRcsEngine: Connected state: [1], networkType: [WIFI] [CONTEXT thread_id=67 ]
01-07 00:34:37.786 4407 4528 I BugleRcsEngine: No RCS Configuration was found in Bugle for simID: redacted-pii:sim_id[chars:20,last3:897] [CONTEXT log_prefix="ProvisioningEngineDataRetriever" thread_id=73 ]
01-07 00:34:55.869 4407 4528 I BugleRcsEngine: handleMessage processing message:[NOTIFY_UPTIME_IGNORE_STATE_CHANGED] with [non-null]:RcsEngineImpl reference [CONTEXT log_prefix="RcsEngineImpl[DUAL_REG]:[a637de82-00e6]>Handler" thread_id=73 ]
01-07 00:34:55.870 4407 4449 I BugleRcsEngine: Connected state: [1], networkType: [WIFI] [CONTEXT thread_id=67 ]
01-07 00:34:55.879 4407 4528 I BugleRcsEngine: No RCS Configuration was found in Bugle for simID: redacted-pii:sim_id[chars:20,last3:897] [CONTEXT log_prefix="ProvisioningEngineDataRetriever" thread_id=73 ]
01-07 00:35:27.988 4407 4449 I BugleRcsEngine: Connected state: [1], networkType: [WIFI] [CONTEXT thread_id=67 ]
01-07 00:35:27.988 4407 4528 I BugleRcsEngine: handleMessage processing message:[NOTIFY_UPTIME_IGNORE_STATE_CHANGED] with [non-null]:RcsEngineImpl reference [CONTEXT log_prefix="RcsEngineImpl[DUAL_REG]:[a637de82-00e6]>Handler" thread_id=73 ]
01-07 00:35:27.996 4407 4528 I BugleRcsEngine: No RCS Configuration was found in Bugle for simID: redacted-pii:sim_id[chars:20,last3:897] [CONTEXT log_prefix="ProvisioningEngineDataRetriever" thread_id=73 ]
01-07 00:35:58.149 4407 4528 I BugleRcsEngine: handleMessage processing message:[NOTIFY_UPTIME_IGNORE_STATE_CHANGED] with [non-null]:RcsEngineImpl reference [CONTEXT log_prefix="RcsEngineImpl[DUAL_REG]:[a637de82-00e6]>Handler" thread_id=73 ]
01-07 00:35:58.149 4407 4449 I BugleRcsEngine: Connected state: [1], networkType: [WIFI] [CONTEXT thread_id=67 ]
01-07 00:35:58.157 4407 4528 I BugleRcsEngine: No RCS Configuration was found in Bugle for simID: redacted-pii:sim_id[chars:20,last3:897] [CONTEXT log_prefix="ProvisioningEngineDataRetriever" thread_id=73 ]
01-07 00:37:31.627 4407 4528 I BugleRcsEngine: handleMessage processing message:[NOTIFY_UPTIME_IGNORE_STATE_CHANGED] with [non-null]:RcsEngineImpl reference [CONTEXT log_prefix="RcsEngineImpl[DUAL_REG]:[a637de82-00e6]>Handler" thread_id=73 ]
01-07 00:37:31.627 4407 4449 I BugleRcsEngine: Connected state: [1], networkType: [WIFI] [CONTEXT thread_id=67 ]
01-07 00:37:31.636 4407 4528 I BugleRcsEngine: No RCS Configuration was found in Bugle for simID: redacted-pii:sim_id[chars:20,last3:897] [CONTEXT log_prefix="ProvisioningEngineDataRetriever" thread_id=73 ]
01-07 00:37:37.673 4407 4528 I BugleRcsEngine: handleMessage processing message:[NOTIFY_UPTIME_IGNORE_STATE_CHANGED] with [non-null]:RcsEngineImpl reference [CONTEXT log_prefix="RcsEngineImpl[DUAL_REG]:[a637de82-00e6]>Handler" thread_id=73 ]
01-07 00:37:37.673 4407 4449 I BugleRcsEngine: Connected state: [1], networkType: [WIFI] [CONTEXT thread_id=67 ]
01-07 00:37:37.687 4407 4528 I BugleRcsEngine: No RCS Configuration was found in Bugle for simID: redacted-pii:sim_id[chars:20,last3:897] [CONTEXT log_prefix="ProvisioningEngineDataRetriever" thread_id=73 ]
01-07 00:38:07.847 4407 4528 I BugleRcsEngine: handleMessage processing message:[NOTIFY_UPTIME_IGNORE_STATE_CHANGED] with [non-null]:RcsEngineImpl reference [CONTEXT log_prefix="RcsEngineImpl[DUAL_REG]:[a637de82-00e6]>Handler" thread_id=73 ]
01-07 00:38:07.847 4407 4449 I BugleRcsEngine: Connected state: [1], networkType: [WIFI] [CONTEXT thread_id=67 ]
01-07 00:38:07.861 4407 4528 I BugleRcsEngine: No RCS Configuration was found in Bugle for simID: redacted-pii:sim_id[chars:20,last3:897] [CONTEXT log_prefix="ProvisioningEngineDataRetriever" thread_id=73 ]
01-07 00:40:17.474 4407 4528 I BugleRcsEngine: handleMessage processing message:[NOTIFY_UPTIME_IGNORE_STATE_CHANGED] with [non-null]:RcsEngineImpl reference [CONTEXT log_prefix="RcsEngineImpl[DUAL_REG]:[a637de82-00e6]>Handler" thread_id=73 ]
01-07 00:40:17.475 4407 4449 I BugleRcsEngine: Connected state: [1], networkType: [WIFI] [CONTEXT thread_id=67 ]
01-07 00:40:17.524 4407 4528 I BugleRcsEngine: No RCS Configuration was found in Bugle for simID: redacted-pii:sim_id[chars:20,last3:897] [CONTEXT log_prefix="ProvisioningEngineDataRetriever" thread_id=73 ]
01-07 00:40:20.482 4407 4528 I BugleRcsEngine: handleMessage processing message:[NOTIFY_UPTIME_IGNORE_STATE_CHANGED] with [non-null]:RcsEngineImpl reference [CONTEXT log_prefix="RcsEngineImpl[DUAL_REG]:[a637de82-00e6]>Handler" thread_id=73 ]
01-07 00:40:20.482 4407 4449 I BugleRcsEngine: Connected state: [1], networkType: [WIFI] [CONTEXT thread_id=67 ]
