01-07 00:40:20.488 4407 4528 I BugleRcsEngine: No RCS Configuration was found in Bugle for simID: redacted-pii:sim_id[chars:20,last3:897] [CONTEXT log_prefix="ProvisioningEngineDataRetriever" thread_id=73 ]
01-07 00:40:23.502 4407 4528 I BugleRcsEngine: handleMessage processing message:[NOTIFY_UPTIME_IGNORE_STATE_CHANGED] with [non-null]:RcsEngineImpl reference [CONTEXT log_prefix="RcsEngineImpl[DUAL_REG]:[a637de82-00e6]>Handler" thread_id=73 ]
01-07 00:40:23.502 4407 4449 I BugleRcsEngine: Connected state: [1], networkType: [WIFI] [CONTEXT thread_id=67 ]
01-07 00:40:23.509 4407 4528 I BugleRcsEngine: No RCS Configuration was found in Bugle for simID: redacted-pii:sim_id[chars:20,last3:897] [CONTEXT log_prefix="ProvisioningEngineDataRetriever" thread_id=73 ]
01-07 00:40:29.531 4407 4449 I BugleRcsEngine: Connected state: [1], networkType: [WIFI] [CONTEXT thread_id=67 ]
01-07 00:40:29.531 4407 4528 I BugleRcsEngine: handleMessage processing message:[NOTIFY_UPTIME_IGNORE_STATE_CHANGED] with [non-null]:RcsEngineImpl reference [CONTEXT log_prefix="RcsEngineImpl[DUAL_REG]:[a637de82-00e6]>Handler" thread_id=73 ]
01-07 00:40:29.537 4407 4528 I BugleRcsEngine: No RCS Configuration was found in Bugle for simID: redacted-pii:sim_id[chars:20,last3:897] [CONTEXT log_prefix="ProvisioningEngineDataRetriever" thread_id=73 ]
01-07 00:40:59.688 4407 4528 I BugleRcsEngine: handleMessage processing message:[NOTIFY_UPTIME_IGNORE_STATE_CHANGED] with [non-null]:RcsEngineImpl reference [CONTEXT log_prefix="RcsEngineImpl[DUAL_REG]:[a637de82-00e6]>Handler" thread_id=73 ]
01-07 00:40:59.688 4407 4449 I BugleRcsEngine: Connected state: [1], networkType: [WIFI] [CONTEXT thread_id=67 ]
01-07 00:40:59.695 4407 4528 I BugleRcsEngine: No RCS Configuration was found in Bugle for simID: redacted-pii:sim_id[chars:20,last3:897] [CONTEXT log_prefix="ProvisioningEngineDataRetriever" thread_id=73 ]
01-07 00:41:17.787 4407 4528 I BugleRcsEngine: handleMessage processing message:[NOTIFY_UPTIME_IGNORE_STATE_CHANGED] with [non-null]:RcsEngineImpl reference [CONTEXT log_prefix="RcsEngineImpl[DUAL_REG]:[a637de82-00e6]>Handler" thread_id=73 ]
01-07 00:41:17.787 4407 4449 I BugleRcsEngine: Connected state: [1], networkType: [WIFI] [CONTEXT thread_id=67 ]
01-07 00:41:17.795 4407 4528 I BugleRcsEngine: No RCS Configuration was found in Bugle for simID: redacted-pii:sim_id[chars:20,last3:897] [CONTEXT log_prefix="ProvisioningEngineDataRetriever" thread_id=73 ]
01-07 00:41:23.825 4407 4528 I BugleRcsEngine: handleMessage processing message:[NOTIFY_UPTIME_IGNORE_STATE_CHANGED] with [non-null]:RcsEngineImpl reference [CONTEXT log_prefix="RcsEngineImpl[DUAL_REG]:[a637de82-00e6]>Handler" thread_id=73 ]
01-07 00:41:23.826 4407 4449 I BugleRcsEngine: Connected state: [1], networkType: [WIFI] [CONTEXT thread_id=67 ]
01-07 00:41:23.833 4407 4528 I BugleRcsEngine: No RCS Configuration was found in Bugle for simID: redacted-pii:sim_id[chars:20,last3:897] [CONTEXT log_prefix="ProvisioningEngineDataRetriever" thread_id=73 ]
01-07 00:42:33.186 4407 4528 I BugleRcsEngine: handleMessage processing message:[NOTIFY_UPTIME_IGNORE_STATE_CHANGED] with [non-null]:RcsEngineImpl reference [CONTEXT log_prefix="RcsEngineImpl[DUAL_REG]:[a637de82-00e6]>Handler" thread_id=73 ]
01-07 00:42:33.186 4407 4449 I BugleRcsEngine: Connected state: [1], networkType: [WIFI] [CONTEXT thread_id=67 ]
01-07 00:42:33.192 4407 4528 I BugleRcsEngine: No RCS Configuration was found in Bugle for simID: redacted-pii:sim_id[chars:20,last3:897] [CONTEXT log_prefix="ProvisioningEngineDataRetriever" thread_id=73 ]
01-07 00:43:27.443 4407 4528 I BugleRcsEngine: handleMessage processing message:[NOTIFY_UPTIME_IGNORE_STATE_CHANGED] with [non-null]:RcsEngineImpl reference [CONTEXT log_prefix="RcsEngineImpl[DUAL_REG]:[a637de82-00e6]>Handler" thread_id=73 ]
01-07 00:43:27.443 4407 4449 I BugleRcsEngine: Connected state: [1], networkType: [WIFI] [CONTEXT thread_id=67 ]
01-07 00:43:27.451 4407 4528 I BugleRcsEngine: No RCS Configuration was found in Bugle for simID: redacted-pii:sim_id[chars:20,last3:897] [CONTEXT log_prefix="ProvisioningEngineDataRetriever" thread_id=73 ]
01-07 00:45:40.635 4407 4449 I BugleRcsEngine: Connected state: [1], networkType: [WIFI] [CONTEXT thread_id=67 ]
01-07 00:45:40.634 4407 4528 I BugleRcsEngine: handleMessage processing message:[NOTIFY_UPTIME_IGNORE_STATE_CHANGED] with [non-null]:RcsEngineImpl reference [CONTEXT log_prefix="RcsEngineImpl[DUAL_REG]:[a637de82-00e6]>Handler" thread_id=73 ]
01-07 00:45:40.780 4407 4528 I BugleRcsEngine: No RCS Configuration was found in Bugle for simID: redacted-pii:sim_id[chars:20,last3:897] [CONTEXT log_prefix="ProvisioningEngineDataRetriever" thread_id=73 ]
01-07 00:46:40.822 4407 4449 I BugleRcsEngine: Connected state: [1], networkType: [WIFI] [CONTEXT thread_id=67 ]
01-07 00:46:40.821 4407 4528 I BugleRcsEngine: handleMessage processing message:[NOTIFY_UPTIME_IGNORE_STATE_CHANGED] with [non-null]:RcsEngineImpl reference [CONTEXT log_prefix="RcsEngineImpl[DUAL_REG]:[a637de82-00e6]>Handler" thread_id=73 ]
01-07 00:46:40.833 4407 4528 I BugleRcsEngine: No RCS Configuration was found in Bugle for simID: redacted-pii:sim_id[chars:20,last3:897] [CONTEXT log_prefix="ProvisioningEngineDataRetriever" thread_id=73 ]
01-07 00:47:13.994 4407 4449 I BugleRcsEngine: Connected state: [1], networkType: [WIFI] [CONTEXT thread_id=67 ]
01-07 00:47:13.994 4407 4528 I BugleRcsEngine: handleMessage processing message:[NOTIFY_UPTIME_IGNORE_STATE_CHANGED] with [non-null]:RcsEngineImpl reference [CONTEXT log_prefix="RcsEngineImpl[DUAL_REG]:[a637de82-00e6]>Handler" thread_id=73 ]
01-07 00:47:14.004 4407 4528 I BugleRcsEngine: No RCS Configuration was found in Bugle for simID: redacted-pii:sim_id[chars:20,last3:897] [CONTEXT log_prefix="ProvisioningEngineDataRetriever" thread_id=73 ]
01-07 00:47:44.151 4407 4528 I BugleRcsEngine: handleMessage processing message:[NOTIFY_UPTIME_IGNORE_STATE_CHANGED] with [non-null]:RcsEngineImpl reference [CONTEXT log_prefix="RcsEngineImpl[DUAL_REG]:[a637de82-00e6]>Handler" thread_id=73 ]
01-07 00:47:44.151 4407 4449 I BugleRcsEngine: Connected state: [1], networkType: [WIFI] [CONTEXT thread_id=67 ]
01-07 00:47:44.158 4407 4528 I BugleRcsEngine: No RCS Configuration was found in Bugle for simID: redacted-pii:sim_id[chars:20,last3:897] [CONTEXT log_prefix="ProvisioningEngineDataRetriever" thread_id=73 ]
01-07 00:47:47.170 4407 4528 I BugleRcsEngine: handleMessage processing message:[NOTIFY_UPTIME_IGNORE_STATE_CHANGED] with [non-null]:RcsEngineImpl reference [CONTEXT log_prefix="RcsEngineImpl[DUAL_REG]:[a637de82-00e6]>Handler" thread_id=73 ]
01-07 00:47:47.170 4407 4449 I BugleRcsEngine: Connected state: [1], networkType: [WIFI] [CONTEXT thread_id=67 ]
01-07 00:47:47.176 4407 4528 I BugleRcsEngine: No RCS Configuration was found in Bugle for simID: redacted-pii:sim_id[chars:20,last3:897] [CONTEXT log_prefix="ProvisioningEngineDataRetriever" thread_id=73 ]
01-07 00:48:35.395 4407 4528 I BugleRcsEngine: handleMessage processing message:[NOTIFY_UPTIME_IGNORE_STATE_CHANGED] with [non-null]:RcsEngineImpl reference [CONTEXT log_prefix="RcsEngineImpl[DUAL_REG]:[a637de82-00e6]>Handler" thread_id=73 ]
01-07 00:48:35.396 4407 4449 I BugleRcsEngine: Connected state: [1], networkType: [WIFI] [CONTEXT thread_id=67 ]
01-07 00:48:35.403 4407 4528 I BugleRcsEngine: No RCS Configuration was found in Bugle for simID: redacted-pii:sim_id[chars:20,last3:897] [CONTEXT log_prefix="ProvisioningEngineDataRetriever" thread_id=73 ]
01-07 00:49:05.548 4407 4528 I BugleRcsEngine: handleMessage processing message:[NOTIFY_UPTIME_IGNORE_STATE_CHANGED] with [non-null]:RcsEngineImpl reference [CONTEXT log_prefix="RcsEngineImpl[DUAL_REG]:[a637de82-00e6]>Handler" thread_id=73 ]
01-07 00:49:05.548 4407 4449 I BugleRcsEngine: Connected state: [1], networkType: [WIFI] [CONTEXT thread_id=67 ]
01-07 00:49:05.555 4407 4528 I BugleRcsEngine: No RCS Configuration was found in Bugle for simID: redacted-pii:sim_id[chars:20,last3:897] [CONTEXT log_prefix="ProvisioningEngineDataRetriever" thread_id=73 ]
01-07 00:49:35.700 4407 4449 I BugleRcsEngine: Connected state: [1], networkType: [WIFI] [CONTEXT thread_id=67 ]
01-07 00:49:35.700 4407 4528 I BugleRcsEngine: handleMessage processing message:[NOTIFY_UPTIME_IGNORE_STATE_CHANGED] with [non-null]:RcsEngineImpl reference [CONTEXT log_prefix="RcsEngineImpl[DUAL_REG]:[a637de82-00e6]>Handler" thread_id=73 ]
01-07 00:49:35.708 4407 4528 I BugleRcsEngine: No RCS Configuration was found in Bugle for simID: redacted-pii:sim_id[chars:20,last3:897] [CONTEXT log_prefix="ProvisioningEngineDataRetriever" thread_id=73 ]
01-07 00:50:05.844 4407 4449 I BugleRcsEngine: Connected state: [1], networkType: [WIFI] [CONTEXT thread_id=67 ]
01-07 00:50:05.843 4407 4528 I BugleRcsEngine: handleMessage processing message:[NOTIFY_UPTIME_IGNORE_STATE_CHANGED] with [non-null]:RcsEngineImpl reference [CONTEXT log_prefix="RcsEngineImpl[DUAL_REG]:[a637de82-00e6]>Handler" thread_id=73 ]
01-07 00:50:05.850 4407 4528 I BugleRcsEngine: No RCS Configuration was found in Bugle for simID: redacted-pii:sim_id[chars:20,last3:897] [CONTEXT log_prefix="ProvisioningEngineDataRetriever" thread_id=73 ]
01-07 00:51:15.209 4407 4449 I BugleRcsEngine: Connected state: [1], networkType: [WIFI] [CONTEXT thread_id=67 ]
01-07 00:51:15.208 4407 4528 I BugleRcsEngine: handleMessage processing message:[NOTIFY_UPTIME_IGNORE_STATE_CHANGED] with [non-null]:RcsEngineImpl reference [CONTEXT log_prefix="RcsEngineImpl[DUAL_REG]:[a637de82-00e6]>Handler" thread_id=73 ]
01-07 00:51:15.217 4407 4528 I BugleRcsEngine: No RCS Configuration was found in Bugle for simID: redacted-pii:sim_id[chars:20,last3:897] [CONTEXT log_prefix="ProvisioningEngineDataRetriever" thread_id=73 ]
01-07 00:51:24.266 4407 4449 I BugleRcsEngine: Connected state: [1], networkType: [WIFI] [CONTEXT thread_id=67 ]
01-07 00:51:24.266 4407 4528 I BugleRcsEngine: handleMessage processing message:[NOTIFY_UPTIME_IGNORE_STATE_CHANGED] with [non-null]:RcsEngineImpl reference [CONTEXT log_prefix="RcsEngineImpl[DUAL_REG]:[a637de82-00e6]>Handler" thread_id=73 ]
01-07 00:51:24.272 4407 4528 I BugleRcsEngine: No RCS Configuration was found in Bugle for simID: redacted-pii:sim_id[chars:20,last3:897] [CONTEXT log_prefix="ProvisioningEngineDataRetriever" thread_id=73 ]
01-07 00:51:27.290 4407 4528 I BugleRcsEngine: handleMessage processing message:[NOTIFY_UPTIME_IGNORE_STATE_CHANGED] with [non-null]:RcsEngineImpl reference [CONTEXT log_prefix="RcsEngineImpl[DUAL_ProvisioningEventReceiver: Received ProvisioningEvent: Show RCS default on UI
01-07 00:38:41.323 6289 6683 I BugleRcsEngine: WaitingForRcsDefaultOnState: Transition to set Google ToS Consent [96423edc-fdb9-483d-a726-e78720d2ce96] [CONTEXT log_prefix="(PEv2-SM238854762-DefaultCallSmsData-1-cc2)" thread_id=121 ]
01-07 00:38:41.323 6289 6683 I BugleRcsEngine: transitionTo: destState=SetGoogleToSConsentState [96423edc-fdb9-483d-a726-e78720d2ce96] [CONTEXT log_prefix="(PEv2-SM238854762-DefaultCallSmsData-1-cc2)" thread_id=121 ]
01-07 00:38:41.323 6289 6683 I BugleRcsEngine: onTransitionRequested WaitingForRcsDefaultOnState [96423edc-fdb9-483d-a726-e78720d2ce96] [CONTEXT log_prefix="(PEv2-SM238854762-DefaultCallSmsData-1-cc2)" thread_id=121 ]
01-07 00:38:41.325 6289 6330 I Bugle: BroadcastReceiverAsyncWorkTracker: Acknowledging broadcast of com.google.android.apps.messaging.shared.receiver.RcsProvisioningEventReceiver@20fc92a
01-07 00:38:41.326 6289 6683 I BugleRcsEngine: Exit WaitingForRcsDefaultOnState [96423edc-fdb9-483d-a726-e78720d2ce96] [CONTEXT log_prefix="(PEv2-SM238854762-DefaultCallSmsData-1-cc2)" thread_id=121 ]
01-07 00:38:41.327 6289 6683 W BugleRcsEngine: Unable to send diagnostic log [CONTEXT thread_id=121 ]
01-07 00:38:41.327 6289 6683 I BugleRcsEngine: Enter SetGoogleToSConsentState [96423edc-fdb9-483d-a726-e78720d2ce96] [CONTEXT log_prefix="(PEv2-SM238854762-DefaultCallSmsData-1-cc2)" thread_id=121 ]
01-07 00:38:41.328 6289 6311 W Bugle: TextClassifierLibManagerImpl: Reclaiming memory at level: 40
01-07 00:38:41.336 6289 6683 W BugleRcsEngine: Unable to send diagnostic log [CONTEXT thread_id=121 ]
01-07 00:38:41.339 6289 6683 I BugleRcsEngine: getRcsProvisioningGoogleTosConfiguration # bnuv@5d5fcd, consentState = 0, ServerUpdateTime = 0 [CONTEXT log_prefix="ProvisioningEngineDataRetriever" thread_id=121 ]
01-07 00:38:41.341 6289 6683 I BugleRcsEngine: getRcsProvisioningGoogleTosConfiguration # bnuv@5d5fcd, consentState = 0, ServerUpdateTime = 0 [CONTEXT log_prefix="ProvisioningEngineDataRetriever" thread_id=121 ]
01-07 00:38:41.342 6289 6680 W BugleRcsEngine: Unable to send diagnostic log [CONTEXT thread_id=118 ]
01-07 00:38:41.376 6289 6680 W BugleRcsEngine: Unable to send diagnostic log [CONTEXT thread_id=118 ]
01-07 00:40:17.504 6289 6683 I BugleRcsEngine: SetGoogleToSConsentState: event Timeout [96423edc-fdb9-483d-a726-e78720d2ce96] [CONTEXT log_prefix="(PEv2-SM238854762-DefaultCallSmsData-1-cc2)" thread_id=121 ]
01-07 00:40:17.517 6289 6683 I BugleRcsEngine: transitionTo: destState=RetryState [96423edc-fdb9-483d-a726-e78720d2ce96] [CONTEXT log_prefix="(PEv2-SM238854762-DefaultCallSmsData-1-cc2)" thread_id=121 ]
01-07 00:40:17.519 6289 6683 I BugleRcsEngine: onTransitionRequested SetGoogleToSConsentState [96423edc-fdb9-483d-a726-e78720d2ce96] [CONTEXT log_prefix="(PEv2-SM238854762-DefaultCallSmsData-1-cc2)" thread_id=121 ]
01-07 00:40:17.522 6289 6683 I BugleRcsEngine: Exit SetGoogleToSConsentState [96423edc-fdb9-483d-a726-e78720d2ce96] [CONTEXT log_prefix="(PEv2-SM238854762-DefaultCallSmsData-1-cc2)" thread_id=121 ]
01-07 00:40:17.525 6289 6683 W BugleRcsEngine: Unable to send diagnostic log [CONTEXT thread_id=121 ]
01-07 00:40:17.526 6289 6683 I BugleRcsEngine: Exit CheckPreconditionsState [96423edc-fdb9-483d-a726-e78720d2ce96] [CONTEXT log_prefix="(PEv2-SM238854762-DefaultCallSmsData-1-cc2)" thread_id=121 ]
01-07 00:40:17.527 6289 6683 I BugleRcsEngine: Exit EnabledState [96423edc-fdb9-483d-a726-e78720d2ce96] [CONTEXT log_prefix="(PEv2-SM238854762-DefaultCallSmsData-1-cc2)" thread_id=121 ]
01-07 00:40:17.527 6289 6683 W BugleRcsEngine: Unable to send diagnostic log [CONTEXT thread_id=121 ]
01-07 00:40:17.528 6289 6683 I BugleRcsEngine: Enter RetryState [96423edc-fdb9-483d-a726-e78720d2ce96] [CONTEXT log_prefix="(PEv2-SM238854762-DefaultCallSmsData-1-cc2)" thread_id=121 ]
01-07 00:40:17.532 6289 6683 W BugleRcsEngine: Unable to send diagnostic log [CONTEXT thread_id=121 ]
01-07 00:40:17.533 6289 6683 I BugleRcsEngine: nextRetry = 0 [96423edc-fdb9-483d-a726-e78720d2ce96] [CONTEXT log_prefix="(PEv2-SM238854762-DefaultCallSmsData-1-cc2)" thread_id=121 ]
01-07 00:40:17.535 6289 6683 I BugleRcsEngine: scheduleRetry, currentRetry = 0, retryMillis = 86400000 [96423edc-fdb9-483d-a726-e78720d2ce96] [CONTEXT log_prefix="(PEv2-SM238854762-DefaultCallSmsData-1-cc2)" thread_id=121 ]
01-07 00:40:17.537 6289 6690 W BugleRcsEngine: Unable to send diagnostic log [CONTEXT thread_id=123 ]
01-07 00:40:17.552 6289 6683 I BugleRcsWorker: [seqId=3][workId=40fdc3b8-ab6e-47de-8ec4-55b729b3b356] Received a provisioning state changed event from the provisioning engine RETRY
01-07 00:40:17.559 6289 6683 I BugleRcsWorker: [seqId=3][workId=40fdc3b8-ab6e-47de-8ec4-55b729b3b356] Provisioning Engine entered RetryState, provisioning task will be rescheduled with exponential backoff
01-07 00:40:17.563 6289 6683 I BugleRcsWorker: [seqId=3][workId=40fdc3b8-ab6e-47de-8ec4-55b729b3b356] finish provisioning task with result Success {mOutputData=Data {}}
01-07 00:40:17.568 6289 6683 I BugleRcsWorker: [seqId=3][workId=40fdc3b8-ab6e-47de-8ec4-55b729b3b356] RCS provisioning task has finished with result Success {mOutputData=Data {}}
01-07 00:40:17.579 6289 6690 I BugleRcsEngine: quit [null] [CONTEXT log_prefix="(PEv2-SM238854762-DefaultCallSmsData-1-cc2)" thread_id=123 ]
01-07 00:40:17.588 6289 6683 I BugleRcsEngine: transitionTo: destState=ciru [null] [CONTEXT log_prefix="(PEv2-SM238854762-DefaultCallSmsData-1-cc2)" thread_id=121 ]
01-07 00:40:17.589 6289 6683 I BugleRcsEngine: Exit RetryState [null] [CONTEXT log_prefix="(PEv2-SM238854762-DefaultCallSmsData-1-cc2)" thread_id=121 ]
01-07 00:40:17.590 6289 6683 W BugleRcsEngine: Unable to send diagnostic log [CONTEXT thread_id=121 ]
01-07 00:40:17.590 6289 6683 W BugleRcsEngine: onQuitting [null] [CONTEXT log_prefix="(PEv2-SM238854762-DefaultCallSmsData-1-cc2)" thread_id=121 ]
01-07 00:40:17.595 6289 6311 I Bugle: Scheduling custom retry
01-07 00:40:17.596 6289 6691 I BugleRcsEngine: [SR]: Single Registration is disabled. Skipping Single Registration capability check for subId: 1, OS.isAtLeastS:[true], enableSingleRegistrationProvisioning:[false] [CONTEXT thread_id=124 ]
01-07 00:40:17.601 6289 6691 I BugleRcsEngine: No RCS Configuration was found in Bugle for simID: redacted-pii:sim_id[chars:20,last3:897] [CONTEXT log_prefix="ProvisioningEngineDataRetriever" thread_id=124 ]
01-07 00:40:17.605 6289 6693 W BugleRcsEngine: Unable to send diagnostic log [CONTEXT thread_id=126 ]
01-07 00:40:17.606 6289 6693 W BugleRcsEngine: Unable to send diagnostic log [CONTEXT thread_id=126 ]
01-07 00:40:17.608 6289 6691 I BugleRcsEngine: Scheduled provisioning task with 1920 seconds delay, APPEND policy, trigger is STATE_MACHINE_RETRY, workerId is bf1e97e5-6558-4373-a0f5-860ed62bd732, simId is redacted-pii:sim_id[chars:20,last3:897] [CONTEXT log_prefix="provisioning" thread_id=124 ]
01-07 00:40:19.037 6289 6688 E Bugle: SharedStorageInteractor: Security error,calling app is not whitelisted to access Bugle's data, uid: 10144
01-07 00:40:19.039 6289 6688 W BugleRcsEngine: Unable to send ContentProvider request event log [CONTEXT thread_id=122 ]
01-07 00:40:19.040 6289 6688 E BugleRcsEngine: Error while retrieving RcsProvisioningRcsDefaultOnConfiguration from Bugle storage. [CONTEXT log_prefix="ProvisioningEngineDataRetriever" thread_id=122 ] cknl: ContentProvider request failed, failureReason: UID_NOT_VERIFIED_ERRORcknl: ContentProvider request failed, failureReason: UID_NOT_VERIFIED_ERROR
	at cknm.g(PG:134)
	at cknm.i(PG:14)
	at cknm.o(PG:7)
	at cjww.e(PG:7)
	at cjnx.a(PG:3)
	at cjnp.i(PG:9)
	at cjnj.apply(PG:7)
	at dkwh.a(PG:7)
	at dqra.run(PG:18)
	at dqqd.execute(PG:1)
	at dkwl.execute(PG:18)
	at dqod.o(PG:1)
	at dqod.j(PG:95)
	at dqod.setException(PG:19)
	at dqoj.run(PG:81)
	at dqqd.execute(PG:1)
	at dqod.o(PG:1)
	at dqod.j(PG:95)
	at dqod.setException(PG:19)
	at cuol.a(PG:35)
	at chhd.run(PG:12)
	at dqqd.execute(PG:1)
	at chhe.c(PG:12)
	at chht.b(PG:36)
	at chhz.u(PG:20)
	at chhv.a(PG:3)
	at cfoh.b(PG:15)
	at cesy.onConsentRegistered(PG:3)
	at com.google.android.gms.asterism.internal.IAsterismCallbacks$Stub.dispatchTransaction(PG:28)
	at com.google.android.aidl.BaseStub.onTransact(PG:13)
	at android.os.Binder.execTransactInternal(Binder.java:1505)
	at android.os.Binder.execTransact(Binder.java:1444)

01-07 00:40:19.042 6289 6688 W BugleRcsEngine: setAsterismConsent failure: sessionId=96423edc-fdb9-483d-a726-e78720d2ce96 requestCode=1 consent=0 googleToSConsentSource=4 [CONTEXT thread_id=122 ] cfko: 34504: cfko: 34504: 
	at cfox.a(PG:15)
	at cfoh.b(PG:11)
	at cesy.onConsentRegistered(PG:3)
	at com.google.android.gms.asterism.internal.IAsterismCallbacks$Stub.dispatchTransaction(PG:28)
	at com.google.android.aidl.BaseStub.onTransact(PG:13)
	at android.os.Binder.execTransactInternal(Binder.java:1505)
	at android.os.Binder.execTransact(Binder.java:1444)

01-07 00:40:19.044 6289 6688 W BugleRcsEngine: Unable to send diagnostic log [CONTEXT thread_id=122 ]
01-07 00:40:19.047 6289 6691 W BugleRcsEngine: googleToSConsentApi.setConsent 0 failed [null] [CONTEXT log_prefix="(PEv2-SM238854762-DefaultCallSmsData-1-cc2)" thread_id=124 ] cfko: 34504: cfko: 34504: 
	at cfox.a(PG:15)
	at cfoh.b(PG:11)
	at cesy.onConsentRegistered(PG:3)
	at com.google.android.gms.asterism.internal.IAsterismCallbacks$Stub.dispatchTransaction(PG:28)
	at com.google.android.aidl.BaseStub.onTransact(PG:13)
	at android.os.Binder.execTransactInternal(Binder.java:1505)
	at android.os.Binder.execTransact(Binder.java:1444)

01-07 00:43:23.285 6289 6289 I com.google.apps.tiktok.sync.impl.SyncManagerImpl: #sync(). Running Synclets and scheduling next sync.
01-07 00:43:23.297 6289 6323 I com.google.apps.tiktok.sync.impl.SyncManagerImpl: Starting synclet: TemplateFetcherSynclet
01-07 00:43:23.303 6289 6305 I com.google.apps.tiktok.sync.impl.SyncManagerImpl: #sync() complete
01-07 00:43:23.304 6289 6305 I com.google.apps.tiktok.sync.impl.SyncManagerImpl: Completed sync. Scheduling next wakeup
01-07 00:43:23.305 6289 6305 I com.google.apps.tiktok.sync.impl.workmanager.SyncWorkManagerOneTimeScheduler: Scheduling next onetime WorkManager workers
01-07 00:43:23.340 6289 6763 I com.google.apps.tiktok.sync.impl.workmanager.SyncWorkManagerOneTimeScheduler: Successfully scheduled next onetime workers
01-07 00:43:53.824 6289 6304 W Bugle: TextClassifierLibManagerImpl: Reclaiming memory at level: 40
01-07 00:44:17.772 6289 6311 W Bugle: TextClassifierLibManagerImpl: Reclaiming memory at level: 40
01-07 00:44:17.797 6289 6311 W Bugle: TextClassifierLibManagerImpl: Reclaiming memory at level: 40
01-07 00:44:20.000 6289 6323 E com.google.apps.tiktok.tracing.TraceManagerImpl: Trace BuglePhoneApplicationBase#attatchBaseContext timed out after 2184662 ms. Complete trace: # dkqp@24aea735 dkqx: dkqx: 
	at tk_trace.DatabaseWrapperImpl::run-after-complete-no-txn(Started After:0)
	at tk_trace.DatabaseWrapperImpl.deferredRunnables(Started After:0)
	at tk_trace.WorkQueueWorkerImpl#handleResultInner(Started After:0)
	at tk_trace.WorkQueueWorkerImpl.startWork(Started After:0)
	at tk_trace.WorkQueueBatchingImpl#schedulingDeferred(Started After:0)
	at tk_trace.WorkQueueBatchingImpl#queueWorkItems(Started After:0)
	at tk_trace.WorkQueueBatchingImpl#queueWorkItem(Started After:0)
	at tk_trace.PhoneAsyncAppCreateStartupTask(Started After:0)
	at tk_trace.StartupHandlerImpl#onApplicationCreatedInternal(Started After:0)
	at tk_trace.StartupHandlerImpl#onApplicationCreated(Started After:0)
	at tk_trace.Application.onCreate(Started After:0)
	at tk_trace.Application creation(Started After:0)
	at tk_trace.BuglePhoneApplicationBase#attatchBaseContext(Started After:0)

01-07 00:44:19.998 6289 6330 E com.google.apps.tiktok.tracing.TraceManagerImpl: Trace WorkQueueWorkerShim#startWork timed out after 2183971 ms. Complete trace: # dkqp@b92b2a89 dkqx: dkqx: 
	at tk_trace.DatabaseWrapperImpl.inTransactionDeferredRunnableList(Started After:0)
	at tk_trace.WorkQueueWorkerImpl.startWork(Started After:0)
	at tk_trace.WorkQueueWorkerShim#startWork(Started After:0)

01-07 00:44:37.378 6289 6311 W Bugle: TextClassifierLibManagerImpl: Reclaiming memory at level: 40
01-07 00:45:46.993 6289 6323 I Bugle: BroadcastReceiverAsyncWorkTracker: Acknowledging broadcast of buoi@bf23d53
01-07 01:12:33.689 6289 6289 I BugleRcsWorker: [seqId=4][workId=bf1e97e5-6558-4373-a0f5-860ed62bd732] RCS provisioning task has started
01-07 01:12:33.701 6289 7162 I BugleRcsWorker: [seqId=4][workId=bf1e97e5-6558-4373-a0f5-860ed62bd732] Starting StateMachine, trigger is STATE_MACHINE_RETRY
01-07 01:12:33.702 6289 7162 I BugleRcsEngine: start PEv2, trigger is STATE_MACHINE_RETRY, workerId is bf1e97e5-6558-4373-a0f5-860ed62bd732 [null] [CONTEXT log_prefix="(PEv2-SM172097032-DefaultCallSmsData-1-cc2)" thread_id=134 ]
01-07 01:12:33.705 6289 7162 I BugleRcsEngine: Created new RcsProvisioningProtoDataStorage for sim redacted-pii:sim_id[chars:20,last3:897] [CONTEXT thread_id=134 ]
01-07 01:12:33.707 6289 7162 I BugleRcsEngine: No RCS Configuration was found in Bugle for simID: redacted-pii:sim_id[chars:20,last3:897] [CONTEXT log_prefix="ProvisioningEngineDataRetriever" thread_id=134 ]
01-07 01:12:33.708 6289 7162 I BugleRcsEngine: start [null] [CONTEXT log_prefix="(PEv2-SM172097032-DefaultCallSmsData-1-cc2)" thread_id=134 ]
01-07 01:12:33.709 6289 7164 I BugleRcsEngine: Enter EnabledState [null] [CONTEXT log_prefix="(PEv2-SM172097032-DefaultCallSmsData-1-cc2)" thread_id=136 ]
01-07 01:12:33.715 6289 7164 W BugleRcsEngine: Unable to send diagnostic log [CONTEXT thread_id=136 ]
01-07 01:12:33.724 6289 7164 I BugleRcsEngine: Sending ProvisioningEvent to Bugle [Send Provisioning Session ID (18)], redacted-pii:[chars:65] [CONTEXT thread_id=136 ]
01-07 01:12:33.725 6289 7164 I BugleRcsEngine: Broadcasting provisioning intent com.google.android.ims.provisioning.engine.provisioningEventAction to Bugle with extras redacted-pii:[chars:223] from source PROVISIONING_EVENT [CONTEXT log_prefix="EngineBroadcaster" thread_id=136 ]
01-07 01:12:33.733 6289 7161 I BugleRcsProvisioning: RcsProvisioningEventReceiver: Received ProvisioningEvent: Send Provisioning Session ID
01-07 01:12:33.734 6289 7164 I BugleRcsEngine: Start a new provisioning session [f61fc3f9-9583-42e2-a8b3-3e9c418d9391] [CONTEXT log_prefix="(PEv2-SM172097032-DefaultCallSmsData-1-cc2)" thread_id=136 ]
01-07 01:12:33.736 6289 6323 I Bugle: BroadcastReceiverAsyncWorkTracker: Acknowledging broadcast of com.google.android.apps.messaging.shared.receiver.RcsProvisioningEventReceiver@d08620
01-07 01:12:33.736 6289 7164 I BugleRcsEngine: No RCS Configuration was found in Bugle for simID: redacted-pii:sim_id[chars:20,last3:897] [CONTEXT log_prefix="ProvisioningEngineDataRetriever" thread_id=136 ]
01-07 01:12:33.739 6289 7164 I BugleRcsEngine: No RCS Configuration was found in Bugle for simID: redacted-pii:sim_id[chars:20,last3:897] [CONTEXT log_prefix="ProvisioningEngineDataRetriever" thread_id=136 ]
01-07 01:12:33.742 6289 7164 I BugleRcsEngine: transitionViaMessage, srcState=EnabledState, destState = CheckPreconditionsState [f61fc3f9-9583-42e2-a8b3-3e9c418d9391] [CONTEXT log_prefix="(PEv2-SM172097032-DefaultCallSmsData-1-cc2)" thread_id=136 ]
01-07 01:12:33.743 6289 7164 I BugleRcsEngine: Sending ProvisioningEvent to Bugle [Update provisioning status (11)], redacted-pii:[chars:85] [CONTEXT thread_id=136 ]
01-07 01:12:33.743 6289 7164 I BugleRcsEngine: Broadcasting provisioning intent com.google.android.ims.provisioning.engine.provisioningEventAction to Bugle with extras redacted-pii:[chars:243] from source PROVISIONING_EVENT [CONTEXT log_prefix="EngineBroadcaster" thread_id=136 ]
01-07 01:12:33.746 6289 6311 W Bugle: TextClassifierLibManagerImpl: Reclaiming memory at level: 40
01-07 01:12:33.749 6289 7164 I BugleRcsEngine: EnabledState: Transition to check preconditions [f61fc3f9-9583-42e2-a8b3-3e9c418d9391] [CONTEXT log_prefix="(PEv2-SM172097032-DefaultCallSmsData-1-cc2)" thread_id=136 ]
01-07 01:12:33.750 6289 7164 I BugleRcsEngine: transitionTo: destState=CheckPreconditionsState [f61fc3f9-9583-42e2-a8b3-3e9c418d9391] [CONTEXT log_prefix="(PEv2-SM172097032-DefaultCallSmsData-1-cc2)" thread_id=136 ]
01-07 01:12:33.751 6289 7164 I BugleRcsEngine: onTransitionRequested EnabledState [f61fc3f9-9583-42e2-a8b3-3e9c418d9391] [CONTEXT log_prefix="(PEv2-SM172REG]:[a637de82-00e6]>Handler" thread_id=73 ]
01-07 00:51:27.290 4407 4449 I BugleRcsEngine: Connected state: [1], networkType: [WIFI] [CONTEXT thread_id=67 ]
01-07 00:51:27.297 4407 4528 I BugleRcsEngine: No RCS Configuration was found in Bugle for simID: redacted-pii:sim_id[chars:20,last3:897] [CONTEXT log_prefix="ProvisioningEngineDataRetriever" thread_id=73 ]
01-07 00:51:33.322 4407 4528 I BugleRcsEngine: handleMessage processing message:[NOTIFY_UPTIME_IGNORE_STATE_CHANGED] with [non-null]:RcsEngineImpl reference [CONTEXT log_prefix="RcsEngineImpl[DUAL_REG]:[a637de82-00e6]>Handler" thread_id=73 ]
01-07 00:51:33.323 4407 4449 I BugleRcsEngine: Connected state: [1], networkType: [WIFI] [CONTEXT thread_id=67 ]
01-07 00:51:33.331 4407 4528 I BugleRcsEngine: No RCS Configuration was found in Bugle for simID: redacted-pii:sim_id[chars:20,last3:897] [CONTEXT log_prefix="ProvisioningEngineDataRetriever" thread_id=73 ]
01-07 00:52:06.496 4407 4528 I BugleRcsEngine: handleMessage processing message:[NOTIFY_UPTIME_IGNORE_STATE_CHANGED] with [non-null]:RcsEngineImpl reference [CONTEXT log_prefix="RcsEngineImpl[DUAL_REG]:[a637de82-00e6]>Handler" thread_id=73 ]
01-07 00:52:06.496 4407 4449 I BugleRcsEngine: Connected state: [1], networkType: [WIFI] [CONTEXT thread_id=67 ]
01-07 00:52:06.505 4407 4528 I BugleRcsEngine: No RCS Configuration was found in Bugle for simID: redacted-pii:sim_id[chars:20,last3:897] [CONTEXT log_prefix="ProvisioningEngineDataRetriever" thread_id=73 ]
01-07 00:52:36.651 4407 4528 I BugleRcsEngine: handleMessage processing message:[NOTIFY_UPTIME_IGNORE_STATE_CHANGED] with [non-null]:RcsEngineImpl reference [CONTEXT log_prefix="RcsEngineImpl[DUAL_REG]:[a637de82-00e6]>Handler" thread_id=73 ]
01-07 00:52:36.652 4407 4449 I BugleRcsEngine: Connected state: [1], networkType: [WIFI] [CONTEXT thread_id=67 ]
01-07 00:52:36.660 4407 4528 I BugleRcsEngine: No RCS Configuration was found in Bugle for simID: redacted-pii:sim_id[chars:20,last3:897] [CONTEXT log_prefix="ProvisioningEngineDataRetriever" thread_id=73 ]
01-07 00:52:45.699 4407 4528 I BugleRcsEngine: handleMessage processing message:[NOTIFY_UPTIME_IGNORE_STATE_CHANGED] with [non-null]:RcsEngineImpl reference [CONTEXT log_prefix="RcsEngineImpl[DUAL_REG]:[a637de82-00e6]>Handler" thread_id=73 ]
01-07 00:52:45.700 4407 4449 I BugleRcsEngine: Connected state: [1], networkType: [WIFI] [CONTEXT thread_id=67 ]
01-07 00:52:45.707 4407 4528 I BugleRcsEngine: No RCS Configuration was found in Bugle for simID: redacted-pii:sim_id[chars:20,last3:897] [CONTEXT log_prefix="ProvisioningEngineDataRetriever" thread_id=73 ]
01-07 00:53:21.884 4407 4528 I BugleRcsEngine: handleMessage processing message:[NOTIFY_UPTIME_IGNORE_STATE_CHANGED] with [non-null]:RcsEngineImpl reference [CONTEXT log_prefix="RcsEngineImpl[DUAL_REG]:[a637de82-00e6]>Handler" thread_id=73 ]
01-07 00:53:21.885 4407 4449 I BugleRcsEngine: Connected state: [1], networkType: [WIFI] [CONTEXT thread_id=67 ]
01-07 00:53:21.893 4407 4528 I BugleRcsEngine: No RCS Configuration was found in Bugle for simID: redacted-pii:sim_id[chars:20,last3:897] [CONTEXT log_prefix="ProvisioningEngineDataRetriever" thread_id=73 ]
01-07 00:53:55.066 4407 4528 I BugleRcsEngine: handleMessage processing message:[NOTIFY_UPTIME_IGNORE_STATE_CHANGED] with [non-null]:RcsEngineImpl reference [CONTEXT log_prefix="RcsEngineImpl[DUAL_REG]:[a637de82-00e6]>Handler" thread_id=73 ]
01-07 00:53:55.066 4407 4449 I BugleRcsEngine: Connected state: [1], networkType: [WIFI] [CONTEXT thread_id=67 ]
01-07 00:53:55.074 4407 4528 I BugleRcsEngine: No RCS Configuration was found in Bugle for simID: redacted-pii:sim_id[chars:20,last3:897] [CONTEXT log_prefix="ProvisioningEngineDataRetriever" thread_id=73 ]
01-07 00:54:25.223 4407 4528 I BugleRcsEngine: handleMessage processing message:[NOTIFY_UPTIME_IGNORE_STATE_CHANGED] with [non-null]:RcsEngineImpl reference [CONTEXT log_prefix="RcsEngineImpl[DUAL_REG]:[a637de82-00e6]>Handler" thread_id=73 ]
01-07 00:54:25.224 4407 4449 I BugleRcsEngine: Connected state: [1], networkType: [WIFI] [CONTEXT thread_id=67 ]
01-07 00:54:25.231 4407 4528 I BugleRcsEngine: No RCS Configuration was found in Bugle for simID: redacted-pii:sim_id[chars:20,last3:897] [CONTEXT log_prefix="ProvisioningEngineDataRetriever" thread_id=73 ]
01-07 00:54:58.392 4407 4528 I BugleRcsEngine: handleMessage processing message:[NOTIFY_UPTIME_IGNORE_STATE_CHANGED] with [non-null]:RcsEngineImpl reference [CONTEXT log_prefix="RcsEngineImpl[DUAL_REG]:[a637de82-00e6]>Handler" thread_id=73 ]
01-07 00:54:58.392 4407 4449 I BugleRcsEngine: Connected state: [1], networkType: [WIFI] [CONTEXT thread_id=67 ]
01-07 00:54:58.400 4407 4528 I BugleRcsEngine: No RCS Configuration was found in Bugle for simID: redacted-pii:sim_id[chars:20,last3:897] [CONTEXT log_prefix="ProvisioningEngineDataRetriever" thread_id=73 ]
01-07 00:57:44.237 4407 4528 I BugleRcsEngine: handleMessage processing message:[NOTIFY_UPTIME_IGNORE_STATE_CHANGED] with [non-null]:RcsEngineImpl reference [CONTEXT log_prefix="RcsEngineImpl[DUAL_REG]:[a637de82-00e6]>Handler" thread_id=73 ]
01-07 00:57:44.237 4407 4449 I BugleRcsEngine: Connected state: [1], networkType: [WIFI] [CONTEXT thread_id=67 ]
01-07 00:57:44.244 4407 4528 I BugleRcsEngine: No RCS Configuration was found in Bugle for simID: redacted-pii:sim_id[chars:20,last3:897] [CONTEXT log_prefix="ProvisioningEngineDataRetriever" thread_id=73 ]
01-07 00:58:14.398 4407 4528 I BugleRcsEngine: handleMessage processing message:[NOTIFY_UPTIME_IGNORE_STATE_CHANGED] with [non-null]:RcsEngineImpl reference [CONTEXT log_prefix="RcsEngineImpl[DUAL_REG]:[a637de82-00e6]>Handler" thread_id=73 ]
01-07 00:58:14.399 4407 4449 I BugleRcsEngine: Connected state: [1], networkType: [WIFI] [CONTEXT thread_id=67 ]
01-07 00:58:14.413 4407 4528 I BugleRcsEngine: No RCS Configuration was found in Bugle for simID: redacted-pii:sim_id[chars:20,last3:897] [CONTEXT log_prefix="ProvisioningEngineDataRetriever" thread_id=73 ]
01-07 00:58:41.531 4407 4449 I BugleRcsEngine: Connected state: [1], networkType: [WIFI] [CONTEXT thread_id=67 ]
01-07 00:58:41.531 4407 4528 I BugleRcsEngine: handleMessage processing message:[NOTIFY_UPTIME_IGNORE_STATE_CHANGED] with [non-null]:RcsEngineImpl reference [CONTEXT log_prefix="RcsEngineImpl[DUAL_REG]:[a637de82-00e6]>Handler" thread_id=73 ]
01-07 00:58:41.538 4407 4528 I BugleRcsEngine: No RCS Configuration was found in Bugle for simID: redacted-pii:sim_id[chars:20,last3:897] [CONTEXT log_prefix="ProvisioningEngineDataRetriever" thread_id=73 ]
01-07 00:59:06.965 4407 7094 W BugleRcsEngine: Unable to send diagnostic log [CONTEXT thread_id=81 ]
01-07 00:59:13.537 4407 7094 W BugleRcsEngine: Unable to send diagnostic log [CONTEXT thread_id=81 ]
01-07 00:59:18.801 4407 7093 W BugleRcsEngine: Unable to send diagnostic log [CONTEXT thread_id=80 ]
01-07 01:00:57.235 4407 4528 I BugleRcsEngine: handleMessage processing message:[NOTIFY_UPTIME_IGNORE_STATE_CHANGED] with [non-null]:RcsEngineImpl reference [CONTEXT log_prefix="RcsEngineImpl[DUAL_REG]:[a637de82-00e6]>Handler" thread_id=73 ]
01-07 01:00:57.236 4407 4449 I BugleRcsEngine: Connected state: [1], networkType: [WIFI] [CONTEXT thread_id=67 ]
01-07 01:00:57.244 4407 4528 I BugleRcsEngine: No RCS Configuration was found in Bugle for simID: redacted-pii:sim_id[chars:20,last3:897] [CONTEXT log_prefix="ProvisioningEngineDataRetriever" thread_id=73 ]
01-07 01:01:21.343 4407 4528 I BugleRcsEngine: handleMessage processing message:[NOTIFY_UPTIME_IGNORE_STATE_CHANGED] with [non-null]:RcsEngineImpl reference [CONTEXT log_prefix="RcsEngineImpl[DUAL_REG]:[a637de82-00e6]>Handler" thread_id=73 ]
01-07 01:01:21.344 4407 4449 I BugleRcsEngine: Connected state: [1], networkType: [WIFI] [CONTEXT thread_id=67 ]
01-07 01:01:21.351 4407 4528 I BugleRcsEngine: No RCS Configuration was found in Bugle for simID: redacted-pii:sim_id[chars:20,last3:897] [CONTEXT log_prefix="ProvisioningEngineDataRetriever" thread_id=73 ]
01-07 01:02:42.789 4407 4528 I BugleRcsEngine: handleMessage processing message:[NOTIFY_UPTIME_IGNORE_STATE_CHANGED] with [non-null]:RcsEngineImpl reference [CONTEXT log_prefix="RcsEngineImpl[DUAL_REG]:[a637de82-00e6]>Handler" thread_id=73 ]
01-07 01:02:42.789 4407 4449 I BugleRcsEngine: Connected state: [1], networkType: [WIFI] [CONTEXT thread_id=67 ]
01-07 01:02:42.797 4407 4528 I BugleRcsEngine: No RCS Configuration was found in Bugle for simID: redacted-pii:sim_id[chars:20,last3:897] [CONTEXT log_prefix="ProvisioningEngineDataRetriever" thread_id=73 ]
01-07 01:03:15.962 4407 4528 I BugleRcsEngine: handleMessage processing message:[NOTIFY_UPTIME_IGNORE_STATE_CHANGED] with [non-null]:RcsEngineImpl reference [CONTEXT log_prefix="RcsEngineImpl[DUAL_REG]:[a637de82-00e6]>Handler" thread_id=73 ]
01-07 01:03:15.963 4407 4449 I BugleRcsEngine: Connected state: [1], networkType: [WIFI] [CONTEXT thread_id=67 ]
01-07 01:03:15.970 4407 4528 I BugleRcsEngine: No RCS Configuration was found in Bugle for simID: redacted-pii:sim_id[chars:20,last3:897] [CONTEXT log_prefix="ProvisioningEngineDataRetriever" thread_id=73 ]
01-07 01:03:46.121 4407 4528 I BugleRcsEngine: handleMessage processing message:[NOTIFY_UPTIME_IGNORE_STATE_CHANGED] with [non-null]:RcsEngineImpl reference [CONTEXT log_prefix="RcsEngineImpl[DUAL_REG]:[a637de82-00e6]>Handler" thread_id=73 ]
01-07 01:03:46.121 4407 4449 I BugleRcsEngine: Connected state: [1], networkType: [WIFI] [CONTEXT thread_id=67 ]
01-07 01:03:46.129 4407 4528 I BugleRcsEngine: No RCS Configuration was found in Bugle for simID: redacted-pii:sim_id[chars:20,last3:897] [CONTEXT log_prefix="ProvisioningEngineDataRetriever" thread_id=73 ]
01-07 01:07:32.347 4407 4528 I BugleRcsEngine: handleMessage processing message:[NOTIFY_UPTIME_IGNORE_STATE_CHANGED] with [non-null]:RcsEngineImpl reference [CONTEXT log_prefix="RcsEngineImpl[DUAL_REG]:[a637de82-00e6]>Handler" thread_id=73 ]
01-07 01:07:32.348 4407 4449 I BugleRcsEngine: Connected state: [1], networkType: [WIFI] [CONTEXT thread_id=67 ]
01-07 01:07:32.355 4407 4528 I BugleRcsEngine: No RCS Configuration was found in Bugle for simID: redacted-pii:sim_id[chars:20,last3:897] [CONTEXT log_prefix="ProvisioningEngineDataRetriever" thread_id=73 ]
01-07 01:07:38.390 4407 4528 I BugleRcsEngine: handleMessage processing message:[NOTIFY_UPTIME_IGNORE_STATE_CHANGED] with [non-null]:RcsEngineImpl reference [CONTEXT log_prefix="RcsEngineImpl[DUAL_REG]:[a637de82-00e6]>Handler" thread_id=73 ]
01-07 01:07:38.391 4407 4449 I BugleRcsEngine: Connected state: [1], networkType: [WIFI] [CONTEXT thread_id=67 ]
01-07 01:07:38.397 4407 4528 I BugleRcsEngine: No RCS Configuration was found in Bugle for simID: redacted-pii:sim_id[chars:20,last3:897] [CONTEXT log_prefix="ProvisioningEngineDataRetriever" thread_id=73 ]
01-07 01:11:27.524 4407 4528 I BugleRcsEngine: handleMessage processing message:[NOTIFY_UPTIME_IGNORE_STATE_CHANGED] with [non-null]:RcsEngineImpl reference [CONTEXT log_prefix="RcsEngineImpl[DUAL_REG]:[a637de82-00e6]>Handler" thread_id=73 ]
01-07 01:11:27.524 4407 4449 I BugleRcsEngine: Connected state: [1], networkType: [WIFI] [CONTEXT thread_id=67 ]
01-07 01:11:27.532 4407 4528 I BugleRcsEngine: No RCS Configuration was found in Bugle for simID: redacted-pii:sim_id[chars:20,last3:897] [CONTEXT log_prefix="ProvisioningEngineDataRetriever" thread_id=73 ]
01-07 01:12:00.699 4407 4449 I BugleRcsEngine: Connected state: [1], networkType: [WIFI] [CONTEXT thread_id=67 ]
01-07 01:12:00.699 4407 4528 I BugleRcsEngine: handleMessage processing message:[NOTIFY_UPTIME_IGNORE_STATE_CHANGED] with [non-null]:RcsEngineImpl reference [CONTEXT log_prefix="RcsEngineImpl[DUAL_REG]:[a637de82-00e6]>Handler" thread_id=73 ]
01-07 01:12:00.707 4407 4528 I BugleRcsEngine: No RCS Configuration was found in Bugle for simID: redacted-pii:sim_id[chars:20,last3:897] [CONTEXT log_prefix="ProvisioningEngineDataRetriever" thread_id=73 ]
01-07 01:12:39.885 4407 4528 I BugleRcsEngine: handleMessage processing message:[NOTIFY_UPTIME_IGNORE_STATE_CHANGED] with [non-null]:RcsEngineImpl reference [CONTEXT log_prefix="RcsEngineImpl[DUAL_REG]:[a637de82-00e6]>Handler" thread_id=73 ]
01-07 01:12:39.885 4407 4449 I BugleRcsEngine: Connected state: [1], networkType: [WIFI] [CONTEXT thread_id=67 ]
01-07 01:12:39.944 4407 4528 I BugleRcsEngine: No RCS Configuration was found in Bugle for simID: redacted-pii:sim_id[chars:20,last3:897] [CONTEXT log_prefix="ProvisioningEngineDataRetriever" thread_id=73 ]
01-07 01:12:42.901 4407 4528 I BugleRcsEngine: handleMessage processing message:[NOTIFY_UPTIME_IGNORE_STATE_CHANGED] with [non-null]:RcsEngineImpl reference [CONTEXT log_prefix="RcsEngineImpl[DUAL_REG]:[a637de82-00e6]>Handler" thread_id=73 ]
01-07 01:12:42.902 4407 4449 I BugleRcsEngine: Connected state: [1], networkType: [WIFI] [CONTEXT thread_id=67 ]
01-07 01:12:42.908 4407 4528 I BugleRcsEngine: No RCS Configuration was found in Bugle for simID: redacted-pii:sim_id[chars:20,last3:897] [CONTEXT log_prefix="ProvisioningEngineDataRetriever" thread_id=73 ]
01-07 01:13:34.178 4407 4528 I BugleRcsEngine: handleMessage processing message:[NOTIFY_UPTIME_IGNORE_STATE_CHANGED] with [non-null]:RcsEngineImpl reference [CONTEXT log_prefix="RcsEngineImpl[DUAL_REG]:[a637de82-00e6]>Handler" thread_id=73 ]
01-07 01:13:34.178 4407 4449 I BugleRcsEngine: Connected state: [1], networkType: [WIFI] [CONTEXT thread_id=67 ]
01-07 01:13:34.185 4407 4528 I BugleRcsEngine: No RCS Configuration was found in Bugle for simID: redacted-pii:sim_id[chars:20,last3:897] [CONTEXT log_prefix="ProvisioningEngineDataRetriever" thread_id=73 ]
01-07 01:13:37.191 4407 4528 I BugleRcsEngine: handleMessage processing message:[NOTIFY_UPTIME_IGNORE_STATE_CHANGED] with [non-null]:RcsEngineImpl reference [CONTEXT log_prefix="RcsEngineImpl[DUAL_REG]:[a637de82-00e6]>Handler" thread_id=73 ]
01-07 01:13:37.191 4407 4449 I BugleRcsEngine: Connected state: [1], networkType: [WIFI] [CONTEXT thread_id=67 ]
01-07 01:13:37.198 4407 4528 I BugleRcsEngine: No RCS Configuration was found in Bugle for simID: redacted-pii:sim_id[chars:20,last3:897] [CONTEXT log_prefix="ProvisioningEngineDataRetriever" thread_id=73 ]
01-07 01:13:40.210 4407 4528 I BugleRcsEngine: handleMessage processing message:[NOTIFY_UPTIME_IGNORE_STATE_CHANGED] with [non-null]:RcsEngineImpl reference [CONTEXT log_prefix="RcsEngineImpl[DUAL_REG]:[a637de82-00e6]>Handler" thread_id=73 ]
01-07 01:13:40.211 4407 4449 I BugleRcsEngine: Connected state: [1], networkType: [WIFI] [CONTEXT thread_id=67 ]
01-07 01:13:40.217 4407 4528 I BugleRcsEngine: No RCS Configuration was found in Bugle for simID: redacted-pii:sim_id[chars:20,last3:897] [CONTEXT log_prefix="ProvisioningEngineDataRetriever" thread_id=73 ]
01-07 01:14:16.416 4407 4528 I BugleRcsEngine: handleMessage processing message:[NOTIFY_UPTIME_IGNORE_STATE_CHANGED] with [non-null]:RcsEngineImpl reference [CONTEXT log_prefix="RcsEngineImpl[DUAL_REG]:[a637de82-00e6]>Handler" thread_id=73 ]
01-07 01:14:16.416 4407 4449 I BugleRcsEngine: Connected state: [1], networkType: [WIFI] [CONTEXT thread_id=67 ]
01-07 01:14:16.423 4407 4528 I BugleRcsEngine: No RCS Configuration was found in Bugle for simID: redacted-pii:sim_id[chars:20,last3:897] [CONTEXT log_prefix="ProvisioningEngineDataRetriever" thread_id=73 ]
01-07 01:14:43.553 4407 4528 I BugleRcsEngine: handleMessage processing message:[NOTIFY_UPTIME_IGNORE_STATE_CHANGED] with [non-null]:RcsEngineImpl reference [CONTEXT log_prefix="RcsEngineImpl[DUAL_REG]:[a637de82-00e6]>Handler" thread_id=73 ]
01-07 01:14:43.553 4407 4449 I BugleRcsEngine: Connected state: [1], networkType: [WIFI] [CONTEXT thread_id=67 ]
01-07 01:14:43.560 4407 4528 I BugleRcsEngine: No RCS Configuration was found in Bugle for simID: redacted-pii:sim_id[chars:20,last3:897] [CONTEXT log_prefix="ProvisioningEngineDataRetriever" thread_id=73 ]
01-07 01:15:43.872 4407 4528 I BugleRcsEngine: handleMessage processing message:[NOTIFY_UPTIME_IGNORE_STATE_CHANGED] with [non-null]:RcsEngineImpl reference [CONTEXT log_prefix="RcsEngineImpl[DUAL_REG]:[a637de82-00e6]>Handler" thread_id=73 ]
01-07 01:15:43.873 4407 4449 I BugleRcsEngine: Connected state: [1], networkType: [WIFI] [CONTEXT thread_id=67 ]
01-07 01:15:43.880 4407 4528 I BugleRcsEngine: No RCS Configuration was found in Bugle for simID: redacted-pii:sim_id[chars:20,last3:897] [CONTEXT log_prefix="ProvisioningEngineDataRetrie097032-DefaultCallSmsData-1-cc2)" thread_id=136 ]
01-07 01:12:33.752 6289 7164 I BugleRcsEngine: Enter CheckPreconditionsState [f61fc3f9-9583-42e2-a8b3-3e9c418d9391] [CONTEXT log_prefix="(PEv2-SM172097032-DefaultCallSmsData-1-cc2)" thread_id=136 ]
01-07 01:12:33.757 6289 6305 W Bugle: TextClassifierLibManagerImpl: Reclaiming memory at level: 40
01-07 01:12:33.759 6289 7164 W BugleRcsEngine: Unable to send diagnostic log [CONTEXT thread_id=136 ]
01-07 01:12:33.762 6289 7163 I BugleRcsProvisioning: RcsProvisioningEventReceiver: Received ProvisioningEvent: Update provisioning status
01-07 01:12:33.784 6289 6305 W Bugle: TextClassifierLibManagerImpl: Reclaiming memory at level: 40
01-07 01:12:33.786 6289 6330 I Bugle: BroadcastReceiverAsyncWorkTracker: Acknowledging broadcast of com.google.android.apps.messaging.shared.receiver.RcsProvisioningEventReceiver@1a87167
01-07 01:12:33.801 6289 7164 I BugleRcsEngine: getRcsProvisioningGoogleTosConfiguration # bnuv@5d5fcd, consentState = 0, ServerUpdateTime = 0 [CONTEXT log_prefix="ProvisioningEngineDataRetriever" thread_id=136 ]
01-07 01:12:33.799 6289 6305 W Bugle: TextClassifierLibManagerImpl: Reclaiming memory at level: 40
01-07 01:12:33.805 6289 7164 I BugleRcsEngine: getRcsProvisioningGoogleTosConfiguration # bnuv@5d5fcd, consentState = 0, ServerUpdateTime = 0 [CONTEXT log_prefix="ProvisioningEngineDataRetriever" thread_id=136 ]
01-07 01:12:33.809 6289 7164 I BugleRcsEngine: provisioningEngineDataRetriever = cjww@1b5998f, googleToSConsentCache.hasClientConsent() = false, provisioningEngineDataRetriever.getGoogleTosConsent = false rcsDefaultOnConsentCache.hasClientConsent = false [f61fc3f9-9583-42e2-a8b3-3e9c418d9391] [CONTEXT log_prefix="(PEv2-SM172097032-DefaultCallSmsData-1-cc2)" thread_id=136 ]
01-07 01:12:33.813 6289 7164 I BugleRcsEngine: transitionViaMessage, srcState=CheckPreconditionsState, destState = WaitingForRcsDefaultOnState [f61fc3f9-9583-42e2-a8b3-3e9c418d9391] [CONTEXT log_prefix="(PEv2-SM172097032-DefaultCallSmsData-1-cc2)" thread_id=136 ]
01-07 01:12:33.813 6289 7164 I BugleRcsEngine: CheckPreconditionsState: Transition to Waiting For RCS Default On [f61fc3f9-9583-42e2-a8b3-3e9c418d9391] [CONTEXT log_prefix="(PEv2-SM172097032-DefaultCallSmsData-1-cc2)" thread_id=136 ]
01-07 01:12:33.814 6289 7164 I BugleRcsEngine: transitionTo: destState=WaitingForRcsDefaultOnState [f61fc3f9-9583-42e2-a8b3-3e9c418d9391] [CONTEXT log_prefix="(PEv2-SM172097032-DefaultCallSmsData-1-cc2)" thread_id=136 ]
01-07 01:12:33.814 6289 7164 I BugleRcsEngine: onTransitionRequested CheckPreconditionsState [f61fc3f9-9583-42e2-a8b3-3e9c418d9391] [CONTEXT log_prefix="(PEv2-SM172097032-DefaultCallSmsData-1-cc2)" thread_id=136 ]
01-07 01:12:33.814 6289 7164 I BugleRcsEngine: Enter WaitingForRcsDefaultOnState [f61fc3f9-9583-42e2-a8b3-3e9c418d9391] [CONTEXT log_prefix="(PEv2-SM172097032-DefaultCallSmsData-1-cc2)" thread_id=136 ]
01-07 01:12:33.820 6289 7164 W BugleRcsEngine: Unable to send diagnostic log [CONTEXT thread_id=136 ]
01-07 01:12:33.823 6289 7164 W BugleRcsEngine: Unable to send diagnostic log [CONTEXT thread_id=136 ]
01-07 01:12:33.824 6289 7164 I BugleRcsEngine: Sending ProvisioningEvent to Bugle [Show RCS default on UI (24)], no extra data [CONTEXT thread_id=136 ]
01-07 01:12:33.825 6289 7164 I BugleRcsEngine: Broadcasting provisioning intent com.google.android.ims.provisioning.engine.provisioningEventAction to Bugle with extras redacted-pii:[chars:83] from source PROVISIONING_EVENT [CONTEXT log_prefix="EngineBroadcaster" thread_id=136 ]
01-07 01:12:33.828 6289 7163 W BugleRcsEngine: Unable to send diagnostic log [CONTEXT thread_id=135 ]
01-07 01:12:33.831 6289 6311 W Bugle: TextClassifierLibManagerImpl: Reclaiming memory at level: 40
01-07 01:12:33.832 6289 7164 I BugleRcsEngine: transitionViaMessage, srcState=WaitingForRcsDefaultOnState, destState = SetGoogleToSConsentState [f61fc3f9-9583-42e2-a8b3-3e9c418d9391] [CONTEXT log_prefix="(PEv2-SM172097032-DefaultCallSmsData-1-cc2)" thread_id=136 ]
01-07 01:12:33.832 6289 6311 W Bugle: TextClassifierLibManagerImpl: Reclaiming memory at level: 40
01-07 01:12:33.833 6289 7163 I BugleRcsProvisioning: RcsProvisioningEventReceiver: Received ProvisioningEvent: Show RCS default on UI
01-07 01:12:33.834 6289 7164 I BugleRcsEngine: WaitingForRcsDefaultOnState: Transition to set Google ToS Consent [f61fc3f9-9583-42e2-a8b3-3e9c418d9391] [CONTEXT log_prefix="(PEv2-SM172097032-DefaultCallSmsData-1-cc2)" thread_id=136 ]
01-07 01:12:33.835 6289 7164 I BugleRcsEngine: transitionTo: destState=SetGoogleToSConsentState [f61fc3f9-9583-42e2-a8b3-3e9c418d9391] [CONTEXT log_prefix="(PEv2-SM172097032-DefaultCallSmsData-1-cc2)" thread_id=136 ]
01-07 01:12:33.835 6289 7164 I BugleRcsEngine: onTransitionRequested WaitingForRcsDefaultOnState [f61fc3f9-9583-42e2-a8b3-3e9c418d9391] [CONTEXT log_prefix="(PEv2-SM172097032-DefaultCallSmsData-1-cc2)" thread_id=136 ]
01-07 01:12:33.836 6289 7164 I BugleRcsEngine: Exit WaitingForRcsDefaultOnState [f61fc3f9-9583-42e2-a8b3-3e9c418d9391] [CONTEXT log_prefix="(PEv2-SM172097032-DefaultCallSmsData-1-cc2)" thread_id=136 ]
01-07 01:12:33.836 6289 7164 W BugleRcsEngine: Unable to send diagnostic log [CONTEXT thread_id=136 ]
01-07 01:12:33.837 6289 6330 I Bugle: BroadcastReceiverAsyncWorkTracker: Acknowledging broadcast of com.google.android.apps.messaging.shared.receiver.RcsProvisioningEventReceiver@10952e0
01-07 01:12:33.837 6289 7164 I BugleRcsEngine: Enter SetGoogleToSConsentState [f61fc3f9-9583-42e2-a8b3-3e9c418d9391] [CONTEXT log_prefix="(PEv2-SM172097032-DefaultCallSmsData-1-cc2)" thread_id=136 ]
01-07 01:12:33.840 6289 6322 W Bugle: TextClassifierLibManagerImpl: Reclaiming memory at level: 40
01-07 01:12:33.845 6289 7164 W BugleRcsEngine: Unable to send diagnostic log [CONTEXT thread_id=136 ]
01-07 01:12:33.848 6289 7164 I BugleRcsEngine: getRcsProvisioningGoogleTosConfiguration # bnuv@5d5fcd, consentState = 0, ServerUpdateTime = 0 [CONTEXT log_prefix="ProvisioningEngineDataRetriever" thread_id=136 ]
01-07 01:12:33.851 6289 7164 I BugleRcsEngine: getRcsProvisioningGoogleTosConfiguration # bnuv@5d5fcd, consentState = 0, ServerUpdateTime = 0 [CONTEXT log_prefix="ProvisioningEngineDataRetriever" thread_id=136 ]
01-07 01:12:33.853 6289 7161 W BugleRcsEngine: Unable to send diagnostic log [CONTEXT thread_id=133 ]
01-07 01:12:33.904 6289 7161 W BugleRcsEngine: Unable to send diagnostic log [CONTEXT thread_id=133 ]
01-07 01:12:41.488 6289 6943 E Bugle: SharedStorageInteractor: Security error,calling app is not whitelisted to access Bugle's data, uid: 10144
01-07 01:12:41.490 6289 6943 W BugleRcsEngine: Unable to send ContentProvider request event log [CONTEXT thread_id=131 ]
