01-06 23:58:57.471 4407 4592 I BugleRcsEngine: triggerStopRcsStack for msisdn:redacted-pii:phone_number[chars:0,last2:] [CONTEXT log_prefix="RcsEngineImpl[DUAL_REG]:[a637de82-00e6]" thread_id=75 ]
01-06 23:58:57.472 4407 4528 I BugleRcsEngine: handleMessage processing message:[STOP_RCS_STACK] with [non-null]:RcsEngineImpl reference [CONTEXT log_prefix="RcsEngineImpl[DUAL_REG]:[a637de82-00e6]>Handler" thread_id=73 ]
01-06 23:58:57.473 4407 4528 I BugleRcsEngine: RCS engine STOP RCS stack [CONTEXT log_prefix="RcsEngineImpl[DUAL_REG]:[a637de82-00e6]>Handler" thread_id=73 ]
01-06 23:58:57.474 4407 4528 I BugleRcsEngine: imsModule is null, shutdown not required [CONTEXT log_prefix="RcsEngineImpl[DUAL_REG]:[a637de82-00e6]" thread_id=73 ]
01-06 23:58:57.475 4407 4528 I BugleRcsEngine: skipping imsModule.stop [CONTEXT log_prefix="RcsEngineImpl[DUAL_REG]:[a637de82-00e6]" thread_id=73 ]
01-06 23:58:57.475 4407 4528 I BugleRcsEngine: handleMessage processing message:[NOTIFY_UPTIME_IGNORE_STATE_CHANGED] with [non-null]:RcsEngineImpl reference [CONTEXT log_prefix="RcsEngineImpl[DUAL_REG]:[a637de82-00e6]>Handler" thread_id=73 ]
01-06 23:58:57.498 4407 4528 I BugleRcsEngine: RCS Configuration storage in Bugle is disabled by p/h flag, using ProvisioningEngineStateCacheUtil.getProvisioningConfigurationForGivenSimIfExist() [CONTEXT log_prefix="ProvisioningEngineDataRetriever" thread_id=73 ]
01-06 23:58:57.552 4407 4407 I CarrierServices: SystemBindingService onDestroy
01-06 23:58:57.570 4407 4407 I CarrierServices: SystemBindingService onCreate
01-06 23:58:57.580 4407 4438 W BugleRcsEngine: Unable to send diagnostic log [CONTEXT thread_id=57 ]
01-06 23:58:57.595 4407 4446 I CarrierServices: SystemBindingService: Starting JibeService
01-06 23:58:57.603 4407 4446 I BugleRcsEngine: Broadcasting provisioning intent rcs.intent.action.rcsSystemBinding to Bugle with extras redacted-pii:[null] from source SYSTEM_BINDING_SERVICE [CONTEXT log_prefix="EngineBroadcaster" thread_id=64 ]
01-06 23:59:00.788 4407 4419 I BugleRcsEngine: triggerStopRcsStack for msisdn:redacted-pii:phone_number[chars:0,last2:] [CONTEXT log_prefix="RcsEngineImpl[DUAL_REG]:[a637de82-00e6]" thread_id=47 ]
01-06 23:59:00.802 4407 4528 I BugleRcsEngine: handleMessage processing message:[STOP_RCS_STACK] with [non-null]:RcsEngineImpl reference [CONTEXT log_prefix="RcsEngineImpl[DUAL_REG]:[a637de82-00e6]>Handler" thread_id=73 ]
01-06 23:59:00.803 4407 4528 I BugleRcsEngine: RCS engine STOP RCS stack [CONTEXT log_prefix="RcsEngineImpl[DUAL_REG]:[a637de82-00e6]>Handler" thread_id=73 ]
01-06 23:59:00.808 4407 4528 I BugleRcsEngine: imsModule is null, shutdown not required [CONTEXT log_prefix="RcsEngineImpl[DUAL_REG]:[a637de82-00e6]" thread_id=73 ]
01-06 23:59:00.809 4407 4528 I BugleRcsEngine: skipping imsModule.stop [CONTEXT log_prefix="RcsEngineImpl[DUAL_REG]:[a637de82-00e6]" thread_id=73 ]
01-06 23:59:00.816 4407 4528 I BugleRcsEngine: handleMessage processing message:[NOTIFY_UPTIME_IGNORE_STATE_CHANGED] with [non-null]:RcsEngineImpl reference [CONTEXT log_prefix="RcsEngineImpl[DUAL_REG]:[a637de82-00e6]>Handler" thread_id=73 ]
01-06 23:59:00.827 4407 4528 I BugleRcsEngine: RCS Configuration storage in Bugle is disabled by p/h flag, using ProvisioningEngineStateCacheUtil.getProvisioningConfigurationForGivenSimIfExist() [CONTEXT log_prefix="ProvisioningEngineDataRetriever" thread_id=73 ]
01-06 23:59:01.090 4407 4419 I BugleRcsEngine: triggerStopRcsStack for msisdn:redacted-pii:phone_number[chars:0,last2:] [CONTEXT log_prefix="RcsEngineImpl[DUAL_REG]:[a637de82-00e6]" thread_id=47 ]
01-06 23:59:01.093 4407 4528 I BugleRcsEngine: handleMessage processing message:[STOP_RCS_STACK] with [non-null]:RcsEngineImpl reference [CONTEXT log_prefix="RcsEngineImpl[DUAL_REG]:[a637de82-00e6]>Handler" thread_id=73 ]
01-06 23:59:01.094 4407 4528 I BugleRcsEngine: RCS engine STOP RCS stack [CONTEXT log_prefix="RcsEngineImpl[DUAL_REG]:[a637de82-00e6]>Handler" thread_id=73 ]
01-06 23:59:01.097 4407 4528 I BugleRcsEngine: imsModule is null, shutdown not required [CONTEXT log_prefix="RcsEngineImpl[DUAL_REG]:[a637de82-00e6]" thread_id=73 ]
01-06 23:59:01.097 4407 4528 I BugleRcsEngine: skipping imsModule.stop [CONTEXT log_prefix="RcsEngineImpl[DUAL_REG]:[a637de82-00e6]" thread_id=73 ]
01-06 23:59:01.098 4407 4528 I BugleRcsEngine: handleMessage processing message:[NOTIFY_UPTIME_IGNORE_STATE_CHANGED] with [non-null]:RcsEngineImpl reference [CONTEXT log_prefix="RcsEngineImpl[DUAL_REG]:[a637de82-00e6]>Handler" thread_id=73 ]
01-06 23:59:01.102 4407 4528 I BugleRcsEngine: RCS Configuration storage in Bugle is disabled by p/h flag, using ProvisioningEngineStateCacheUtil.getProvisioningConfigurationForGivenSimIfExist() [CONTEXT log_prefix="ProvisioningEngineDataRetriever" thread_id=73 ]
01-06 23:59:01.295 4407 4528 I BugleRcsEngine: handleMessage processing message:[NOTIFY_UPTIME_IGNORE_STATE_CHANGED] with [non-null]:RcsEngineImpl reference [CONTEXT log_prefix="RcsEngineImpl[DUAL_REG]:[a637de82-00e6]>Handler" thread_id=73 ]
01-06 23:59:01.296 4407 4449 I BugleRcsEngine: Connected state: [1], networkType: [WIFI] [CONTEXT thread_id=67 ]
01-06 23:59:01.300 4407 4528 I BugleRcsEngine: RCS Configuration storage in Bugle is disabled by p/h flag, using ProvisioningEngineStateCacheUtil.getProvisioningConfigurationForGivenSimIfExist() [CONTEXT log_prefix="ProvisioningEngineDataRetriever" thread_id=73 ]
01-06 23:59:01.621 4407 4419 I BugleRcsEngine: triggerStopRcsStack for msisdn:redacted-pii:phone_number[chars:0,last2:] [CONTEXT log_prefix="RcsEngineImpl[DUAL_REG]:[a637de82-00e6]" thread_id=47 ]
01-06 23:59:01.625 4407 4528 I BugleRcsEngine: handleMessage processing message:[STOP_RCS_STACK] with [non-null]:RcsEngineImpl reference [CONTEXT log_prefix="RcsEngineImpl[DUAL_REG]:[a637de82-00e6]>Handler" thread_id=73 ]
01-06 23:59:01.626 4407 4528 I BugleRcsEngine: RCS engine STOP RCS stack [CONTEXT log_prefix="RcsEngineImpl[DUAL_REG]:[a637de82-00e6]>Handler" thread_id=73 ]
01-06 23:59:01.648 4407 4528 I BugleRcsEngine: imsModule is null, shutdown not required [CONTEXT log_prefix="RcsEngineImpl[DUAL_REG]:[a637de82-00e6]" thread_id=73 ]
01-06 23:59:01.648 4407 4528 I BugleRcsEngine: skipping imsModule.stop [CONTEXT log_prefix="RcsEngineImpl[DUAL_REG]:[a637de82-00e6]" thread_id=73 ]
01-06 23:59:01.649 4407 4528 I BugleRcsEngine: handleMessage processing message:[NOTIFY_UPTIME_IGNORE_STATE_CHANGED] with [non-null]:RcsEngineImpl reference [CONTEXT log_prefix="RcsEngineImpl[DUAL_REG]:[a637de82-00e6]>Handler" thread_id=73 ]
01-06 23:59:01.651 4407 4528 I BugleRcsEngine: RCS Configuration storage in Bugle is disabled by p/h flag, using ProvisioningEngineStateCacheUtil.getProvisioningConfigurationForGivenSimIfovisioning: BugleSystemBindingManager: onBuglePhenotypeFlagChanged
01-06 23:59:30.854 4168 4311 W BugleRcsEngine: Unable to send diagnostic log [CONTEXT thread_id=69 ]
01-06 23:59:30.863 4168 4254 I BugleRcsEngine: SystemBinding enabled: true [CONTEXT log_prefix="SystemBindingManager" thread_id=53 ]
01-06 23:59:30.898 4168 4277 I BugleRcsEngine: System Binding updated [CONTEXT thread_id=57 ]
01-06 23:59:30.899 4168 4277 I BuglePhenotype: Notify about updates in current package [CONTEXT current_package_name="com.google.android.ims.library" ]
01-06 23:59:30.901 4168 4309 I BugleTransport: onBuglePhenotypeFlagChanged: kicking off updateActiveTransport
01-06 23:59:30.944 4168 4278 I BugleRcsEngine: SystemBinding enabled: true [CONTEXT log_prefix="SystemBindingManager" thread_id=58 ]
01-06 23:59:30.946 4168 4278 I BugleRcsEngine: System Binding updated [CONTEXT thread_id=58 ]
01-06 23:59:30.969 4168 4252 W Bugle: TextClassifierLibManagerImpl: Reclaiming memory at level: 40
01-06 23:59:31.030 4168 4306 W BugleRcsEngine: Unable to send diagnostic log [CONTEXT thread_id=66 ]
01-06 23:59:30.940 4168 4277 I BugleRcsProvisioning: RcsProvisioningTrigger: onCsLibPhenotypeUpdated, enableProvisioningTaskInBugle = true
01-06 23:59:31.035 4168 4307 I BugleRcsEngine: No RCS Configuration was found in Bugle for simID: redacted-pii:sim_id[chars:20,last3:897] [CONTEXT log_prefix="ProvisioningEngineDataRetriever" thread_id=67 ]
01-06 23:59:31.035 4168 4280 W BugleRcsEngine: Unable to send diagnostic log [CONTEXT thread_id=60 ]
01-06 23:59:31.035 4168 4277 I BugleRcsProvisioning: RcsProvisioningTrigger: updateAvailabilityForAllSimsAsync : hint = CSLIB_PHENOTYPE_UPDATE logTriggerEvent = true
01-06 23:59:31.036 4168 4307 W BugleAction: Failed to get msisdn from Bugle
01-06 23:59:31.038 4168 4306 I BugleRcsEngine: No RCS Configuration was found in Bugle for simID: redacted-pii:sim_id[chars:20,last3:897] [CONTEXT log_prefix="ProvisioningEngineDataRetriever" thread_id=66 ]
01-06 23:59:31.039 4168 4279 I BugleTransport: isChatAvailable: RcsAvailability is DISABLED_VIA_GSERVICES (RCS is disabled for this carrier by Google)
01-06 23:59:31.042 4168 4284 W BugleRcsEngine: Unable to send diagnostic log [CONTEXT thread_id=62 ]
01-06 23:59:31.051 4168 4277 I Bugle: RcsAvailabilityUtilForProvisioningEngineV2: updateAvailabilityForAllSimsAsync, hint: CSLIB_PHENOTYPE_UPDATE
01-06 23:59:31.051 4168 4277 I com.google.android.apps.messaging.shared.rcs.availability.RcsAvailabilityUpdaterLocal: updateAvailabilityForAllSimsAsync: scheduling updateAvailabilityForRcsProvisioningId call. Hint: CSLIB_PHENOTYPE_UPDATE, enableWelcomePopupWithoutGoogleTos: false, reshowSuccessPopup: false
01-06 23:59:31.052 4168 4277 I Bugle: RcsAvailabilityUtilForProvisioningEngineV2: onCsLibPhenotypeUpdated
01-06 23:59:31.052 4168 4304 I com.google.android.apps.messaging.shared.rcs.availability.RcsAvailabilityUpdaterLocal: updateRcsAvailabilityForDefaultCallSim: hint: CSLIB_PHENOTYPE_UPDATE, canReshowWelcomeMessage: false
01-06 23:59:31.057 4168 4306 W BugleRcsEngine: Unable to send diagnostic log [CONTEXT thread_id=66 ]
01-06 23:59:31.057 4168 4307 W Bugle: Bugle: SubscriptionMetadataUtils get: unexpected subId = -2, replacing with -1
01-06 23:59:31.065 4168 4252 I BugleRcsEngine: SystemBinding enabled: true [CONTEXT log_prefix="SystemBindingManager" thread_id=52 ]
01-06 23:59:31.069 4168 4279 W BugleRcsEngine: Unable to send diagnostic log [CONTEXT thread_id=59 ]
01-06 23:59:31.072 4168 4278 I BugleRcsEngine: System Binding updated [CONTEXT thread_id=58 ]
01-06 23:59:31.086 4168 4307 W Bugle: Bugle: SubscriptionMetadataUtils get: unexpected subId = -2, replacing with -1
01-06 23:59:31.086 4168 4307 W Bugle: Bugle: SubscriptionMetadataUtils get: unexpected subId = -2, replacing with -1
01-06 23:59:31.098 4168 4307 W Bugle: Bugle: SubscriptionMetadataUtils get: unexpected subId = -2, replacing with -1
01-06 23:59:31.103 4168 4307 I Bugle: getRawTelephonyPhoneNumber redacted-pii[0-chars] [CONTEXT sub_id=-1 ]
01-06 23:59:31.103 4168 4307 W Bugle: Bugle: SubscriptionMetadataUtils get: unexpected subId = -1, replacing with -1
01-06 23:59:31.107 4168 4307 W Bugle: Bugle: SubscriptionMetadataUtils get: unexpected subId = -1, replacing with -1
01-06 23:59:31.109 4168 4307 W BugleAction: No default number, returning empty msisdn
01-06 23:59:31.111 4168 4307 I BugleRcsEngine: isRcsAvailableForSubId called with an invalid sub id: -2 [CONTEXT log_prefix="RcsProvisioningManager" thread_id=67 ]
01-06 23:59:31.116 4168 4280 I BugleTransport: updateActiveTransport: refreshing chat transport
01-06 23:59:31.118 4168 4280 I BugleTransport: Tachygram is disabled because the RCS Configuration is empty [CONTEXT ratelimit_period="5 SECONDS" ]
01-06 23:59:31.119 4168 4280 I BugleTransport: Enabled chat transport is TRANSPORT_RCS [CONTEXT group_by="TRANSPORT_RCS" ratelimit_period="5 SECONDS" ]
01-06 23:59:31.126 4168 4280 I BugleTransport: refreshChatTransport: isChatAvailable: false, enabledTransport: 1, configuration: <empty>
01-06 23:59:31.127 4168 4304 I BugleRcsEngine: [SR]: Single Registration is disabled. Skipping Single Registration capability check for subId: 1, OS.isAtLeastS:[true], enableSingleRegistrationProvisioning:[false] [CONTEXT thread_id=64 ]
01-06 23:59:31.128 4168 4304 I BugleRcsEngine: No RCS Configuration was found in Bugle for simID: redacted-pii:sim_id[chars:20,last3:897] [CONTEXT log_prefix="ProvisioningEngineDataRetriever" thread_id=64 ]
01-06 23:59:31.143 4168 4304 I com.google.android.apps.messaging.shared.rcs.availability.RcsAvailabilityUpdaterLocal: RcsAvailability configuration availability and enabled status: simId: redacted-pii:sim_id[chars:20,last3:897], SipConnectionType: DUAL_REG, isConfigurationAvailableAndEnabled: false
01-06 23:59:31.144 4168 4279 I RcsClientLib: Connecting RcsEngineLifecycleService
01-06 23:59:31.159 4168 4304 I BugleRcsEngine: Using config server URL from biuf [CONTEXT log_prefix="ProvisioningServerUtil" thread_id=64 ]
01-06 23:59:31.161 4168 4279 W RcsClientLib: No CS.apk RCS service found. Is RCS running in Bugle?
01-06 23:59:31.174 4168 4304 I com.google.android.apps.messaging.shared.rcs.availability.RcsAvailabilityUpdaterLocal: RcsAvailability: Subscription Id: 1, simId: redacted-pii:sim_id[chars:20,last3:897], sipConnectionType: DUAL_REG, isRcsAvailable: false
01-06 23:59:31.202 4168 4279 I RcsClientLib: shouldUseCarrierServicesJibeService: false, CarrierServices rcs service found: false
01-06 23:59:31.270 4168 4304 I com.google.android.apps.messaging.shared.rcs.availability.RcsAvailabilityUpdaterLocal: updateAvailabilityForRcsProvisioningId. SimId: redacted-pii:sim_id[chars:20,last3:897], currentAvailability: 2, newAvailability: 10, hint: CSLIB_PHENOTYPE_UPDATE
01-06 23:59:31.276 4168 4280 I BugleRcsProvisioning: RcsProvisioningTrigger: onRcsAvailabilityUpdate : availability is updated to Carrier RCS is not set up, lastAvailabilityLocal is RCS is disabled for this carrier by Google, simId hash = 8088839304507497781, simId = redacted-pii:sim_id[chars:20,last3:897], isPev3Enabled = true
01-06 23:59:31.278 4168 4308 I BugleRcsProvisioning: scheduleProvisioningForEligibleSims
01-06 23:59:31.323 4168 4304 I RcsClientLib: com.google.android.rcs.client.lifecycle.RcsEngineLifecycleService connected
01-06 23:59:31.342 4168 4307 I afym: scheduleProvisioningForEligibleSims: operationTrigger: 2 bugle trigger event: 9
01-06 23:59:31.347 4168 4307 I afym: scheduleProvisioningForDefaultSimIfEligible: defaultSimType: DEFAULT_CALL_SIM operationTrigger: 2 bugle trigger event: 9
01-06 23:59:31.348 4168 4280 I BugleRcsEngine: getRcsProvisioningGoogleTosConfiguration # bnuv@5d5fcd, consentState = 0, ServerUpdateTime = 0 [CONTEXT log_prefix="ProvisioningEngineDataRetriever" thread_id=60 ]
01-06 23:59:31.348 4168 4307 I BugleRcsEngine: [SR]: Single Registration is disabled. Skipping Single Registration capability check for subId: 1, OS.isAtLeastS:[true], enableSingleRegistrationProvisioning:[false] [CONTEXT thread_id=67 ]
01-06 23:59:31.393 4168 4321 I RcsClientLib: Disconnecting RcsEngineLifecycleService
01-06 23:59:31.395 4168 4278 W Bugle: TextClassifierLibManagerImpl: Reclaiming memory at level: 40
01-06 23:59:31.395 4168 4280 I BugleRcsProvisioning: RcsProvisioningTrigger: Should not schedule Revoke Google Consent Task because both the consent types are empty in the Storage
01-06 23:59:31.349 4168 4307 I afym: RcsProvisioningTrigger: DR is active, initializing DR provisioning. DUAL_REG
01-06 23:59:31.398 4168 4279 I BugleRcsProvisioning: RcsProvisioningTrigger: Did not schedule RevokeGoogleConsentTask
01-06 23:59:31.409 4168 4309 I BugleRcsEngine: [SR]: Single Registration is disabled. Skipping Single Registration capability check for subId: 1, OS.isAtLeastS:[true], enableSingleRegistrationProvisioning:[false] [CONTEXT thread_id=68 ]
01-06 23:59:31.412 4168 4280 I BugleRcsEngine: Receive onRcsAvailabilityUpdate, SIM = redacted-pii:sim_id[chars:20,last3:897], availability = RcsAvailability{mAvailability=CARRIER_SETUP_PENDING (Carrier RCS is not set up)} [CONTEXT log_prefix="RcsProvisioningManager" thread_id=60 ]
01-06 23:59:31.421 4168 4280 I BugleRcsEngine: No RCS Configuration was found in Bugle for simID: redacted-pii:sim_id[chars:20,last3:897] [CONTEXT log_prefix="ProvisioningEngineDataRetriever" thread_id=60 ]
01-06 23:59:31.422 4168 4279 I BugleTransport: onRcsAvailabilityUpdate: kicking off updateActiveTransport for simId:redacted-pii:sim_id[chars:20,last3:897]
01-06 23:59:31.422 4168 4280 I BugleRcsProvisioning: RcsProvisioningTrigger: onRcsAvailabilityUpdate : isPreviousDisabled = true, isCurrentDisabled = false, config[simId:redacted-pii:sim_id[chars:20,last3:897]] = [Type: 0, Version: 0, Validity: 0, Last updated: 0, Remaining validity: 0, Reconfiguration requested: false, Messaging technology: SIMPLE_IM, rcsVolteSingleRegistration: false], hasToken: false, isValidAndUpdated: false
01-06 23:59:31.423 4168 4280 I BugleRcsProvisioning: RcsProvisioningTrigger: Schedule KEEP provision when trigger configuration not valid
01-06 23:59:31.423 4168 4280 I BugleRcsProvisioning: scheduleProvisioningForRcsProvisioningId rcsProvisioningId: redacted-pii:sim_id[chars:35,last3:97)], provisioningTriggerEvent: 9
01-06 23:59:31.420 4168 4307 W BugleRcs: getAvailableProvisioningIds: accessing uninitialized provisioning identities. dncp: FULLdncp: FULL
	at cjmd.i(PG:53)
	at cjuu.a(PG:3)
	at cjux.a(PG:17)
	at cknu.run(PG:9)
	at dkqk.run(PG:21)
	at crzm.run(PG:3)
	at java.util.concurrent.ThreadPoolExecutor.runWorker(ThreadPoolExecutor.java:1145)
	at java.util.concurrent.ThreadPoolExecutor$Worker.run(ThreadPoolExecutor.java:644)
	at cryq.run(PG:6)
	at java.lang.Thread.run(Thread.java:1012)
	at csaw.run(PG:64)

01-06 23:59:31.428 4168 4309 I BugleRcsEngine: No RCS Configuration was found in Bugle for simID: redacted-pii:sim_id[chars:20,last3:897] [CONTEXT log_prefix="ProvisioningEngineDataRetriever" thread_id=68 ]
01-06 23:59:31.428 4168 4307 I BugleRcsEngine: CommonRcsProvisioningChangeListenerHandler.notifyListener : Notify RcsProvisioningChangeListener bjbz@16693c onRcsProvisioningChange, SIM = redacted-pii:sim_id[chars:35,last3:97)], available rcs provisioning ids  =  [CONTEXT log_prefix="RcsProvisioningManager" thread_id=67 ]
01-06 23:59:31.431 4168 4308 I afym: scheduleProvisioningForRcsProvisioningId: rcsProvisioningId: SimId(idValue=89860318640220133897) operationTrigger: 6 bugle trigger event: 9
01-06 23:59:31.432 4168 4279 I BugleRcsEngine: AvailabilityObserver.onUpdate : Notify RcsAvailabilityListener brtj@c453f2f onRcsAvailabilityUpdate, SIM = redacted-pii:sim_id[chars:20,last3:897], availability = 10 [CONTEXT log_prefix="RcsProvisioningManager" thread_id=59 ]
01-06 23:59:31.433 4168 4279 I BugleTransport: isChatAvailable: RcsAvailability is CARRIER_SETUP_PENDING (Carrier RCS is not set up)
01-06 23:59:31.436 4168 4309 I BugleRcsEngine: Scheduled provisioning task with 0 seconds delay, KEEP policy, trigger is CSLIB_PHENOTYPE_UPDATE, workerId is eac8e748-f9d7-4079-b08a-8644e9db5c30 [CONTEXT thread_id=68 ]
01-06 23:59:31.438 4168 4306 I BugleRcsEngine: No RCS Configuration was found in Bugle for simID: redacted-pii:sim_id[chars:20,last3:897] [CONTEXT log_prefix="ProvisioningEngineDataRetriever" thread_id=66 ]
01-06 23:59:31.445 4168 4284 I BugleRcsEngine: No RCS Configuration was found in Bugle for simID: redacted-pii:sim_id[chars:20,last3:897] [CONTEXT log_prefix="ProvisioningEngineDataRetriever" thread_id=62 ]
01-06 23:59:31.456 4168 4308 I BugleRcsEngine: [SR]: Single Registration is disabled. Skipping Single Registration capability check for subId: 1, OS.isAtLeastS:[true], enableSingleRegistrationProvisioning:[false] [CONTEXT thread_id=65 ]
01-06 23:59:31.466 4168 4284 W BugleAction: Failed to get msisdn from Bugle
01-06 23:59:31.472 4168 4308 I afym: RcsProvisioningTrigger: DR is active, initializing DR provisioning. DUAL_REG
01-06 23:59:31.485 4168 4306 I BugleRcsEngine: [SR]: Single Registration is disabled. Skipping Single Registration capability check for subId: 1, OS.isAtLeastS:[true], enableSingleRegistrationProvisioning:[false] [CONTEXT thread_id=66 ]
01-06 23:59:31.489 4168 4306 I BugleRcsEngine: No RCS Configuration was found in Bugle for simID: redacted-pii:sim_id[chars:20,last3:897] [CONTEXT log_prefix="ProvisioningEngineDataRetriever" thread_id=66 ]
01-06 23:59:31.487 4168 4284 W Bugle: Bugle: SubscriptionMetadataUtils get: unexpected subId = -2, replacing with -1
01-06 23:59:31.506 4168 4284 W Bugle: Bugle: SubscriptionMetadataUtils get: unexpected subId = -2, replacing with -1
01-06 23:59:31.508 4168 4284 W Bugle: Bugle: SubscriptionMetadataUtils get: unexpected subId = -2, replacing with -1
01-06 23:59:31.505 4168 4306 I BugleRcsEngine: Scheduled provisioning task with 0 seconds delay, KEEP policy, trigger is CSLIB_PHENOTYPE_UPDATE, workerId is 03360672-f2c5-44c4-8190-3401de29274d [CONTEXT thread_id=66 ]
01-06 23:59:31.513 4168 4284 I Bugle: getRawTelephonyPhoneNumber redacted-pii[0-chars] [CONTEXT sub_id=-1 ]
01-06 23:59:31.515 4168 4284 W Bugle: Bugle: SubscriptionMetadataUtils get: unexpected subId = -1, replacing with -1
01-06 23:59:31.517 4168 4284 W Bugle: Bugle: SubscriptionMetadataUtils get: unexpected subId = -1, replacing with -1
01-06 23:59:31.519 4168 4284 W BugleAction: No default number, returning empty msisdn
01-06 23:59:31.520 4168 4284 I BugleRcsEngine: isRcsAvailableForSubId called with an invalid sub id: -2 [CONTEXT log_prefix="RcsProvisioningManager" thread_id=62 ]
01-06 23:59:31.520 4168 4306 I BugleTransport: updateActiveTransport: refreshing chat transport
01-06 23:59:31.522 4168 4306 I BugleTransport: refreshChatTransport: isChatAvailable: false, enabledTransport: 1, configuration: <empty>
01-06 23:59:31.524 4168 4308 I RcsClientLib: Connecting RcsEngineLifecycleService
01-06 23:59:31.525 4168 4308 W RcsClientLib: No CS.apk RCS service found. Is RCS running in Bugle?
01-06 23:59:31.530 4168 4308 I RcsClientLib: shouldUseCarrierServicesJibeService: false, CarrierServices rcs service found: false
01-06 23:59:31.584 4168 4308 I RcsClientLib: com.google.android.rcs.client.lifecycle.RcsEngineLifecycleService connected
01-06 23:59:31.732 4168 4312 I RcsClientLib: Disconnecting RcsEngineLifecycleService
01-06 23:59:31.795 4168 4168 I BugleRcsWorker: [seqId=0][workId=eac8e748-f9d7-4079-b08a-8644e9db5c30] RCS provisioning task has started
01-06 23:59:31.827 4168 4308 I BugleRcsWorker: [seqId=0][workId=eac8e748-f9d7-4079-b08a-8644e9db5c30] Starting StateMachine, trigger is CSLIB_PHENOTYPE_UPDATE
01-06 23:59:31.828 4168 4308 I BugleRcsEngine: start PEv2, trigger is CSLIB_PHENOTYPE_UPDATE, workerId is eac8e748-f9d7-4079-b08a-8644e9db5c30 [null] [CONTEXT log_prefix="(PEv2-SM32552553-DefaultCallSmsData-1-cc2)" thread_id=65 ]
01-06 23:59:31.829 4168 4308 I BugleRcsEngine: Created new RcsProvisioningProtoDataStorage for sim redacted-pii:sim_id[chars:20,last3:897] [CONTEXT thread_id=65 ]
01-06 23:59:31.831 4168 4308 I BugleRcsEngine: No RCS Configuration was found in Bugle for simID: redacted-pii:sim_id[chars:20,last3:897] [CONTEXT log_prefix="ProvisioningEngineDataRetriever" thread_id=65 ]
01-06 23:59:31.846 4168 4308 I BugleRcsEngine: start [null] [CONTEXT log_prefix="(PEv2-SM32552553-DefaultCallSmsData-1-cc2)" thread_id=65 ]
01-06 23:59:31.850 4168 5453 I BugleRcsEngine: Enter EnabledState [null] [CONTEXT log_prefix="(PEv2-SM32552553-DefaultCallSmsData-1-cc2)" thread_id=112 ]
01-06 23:59:31.857 4168 5453 W BugleRcsEngine: Unable to send diagnostic log [CONTEXT thread_id=112 ]
01-06 23:59:31.867 4168 5453 I BugleRcsEngine: Sending ProvisioningEvent to Bugle [Send Provisioning Session ID (18)], redacted-pii:[chars:97] [CONTEXT thread_id=112 ]
01-06 23:59:31.868 4168 5453 I BugleRcsEngine: Broadcasting provisioning intent com.google.android.ims.provisioning.engine.provisioningEventAction to Bugle with extras redacted-pii:[chars:255] from source PROVISIONING_EVENT [CONTEXT log_prefix="EngineBroadcaster" thread_id=112 ]
01-06 23:59:31.896 4168 5453 I BugleRcsEngine: Start a new provisioning session [6810131b-744e-41d1-96a7-19a331874c1b] [CONTEXT log_prefix="(PEv2-SM32552553-DefaultCallSmsData-1-cc2)" thread_id=112 ]
01-06 23:59:31.898 4168 5453 I BugleRcsEngine: No RCS Configuration was found in Bugle for simID: redacted-pii:sim_id[chars:20,last3:897] [CONTEXT log_prefix="ProvisioningEngineDataRetriever" thread_id=112 ]
01-06 23:59:31.905 4168 5453 I BugleRcsEngine: No RCS Configuration was found in Bugle for simID: redacted-pii:sim_id[chars:20,last3:897] [CONTEXT log_prefix="ProvisioningEngineDataRetriever" thread_id=112 ]
01-06 23:59:31.905 4168 5453 I BugleRcsEngine: transitionViaMessage, srcState=EnabledState, destState = CheckPreconditionsState [6810131b-744e-41d1-96a7-19a331874c1b] [CONTEXT log_prefix="(PEv2-SM32552553-DefaultCallSmsData-1-cc2)" thread_id=112 ]
01-06 23:59:31.912 4168 5453 I BugleRcsEngine: Sending ProvisioningEvent to Bugle [Update provisioning status (11)], redacted-pii:[chars:85] [CONTEXT thread_id=112 ]
01-06 23:59:31.919 4168 5453 I BugleRcsEngine: Broadcasting provisioning intent com.google.android.ims.provisioning.engine.provisioningEventAction to Bugle with extras redacted-pii:[chars:243] from source PROVISIONING_EVENT [CONTEXT log_prefix="EngineBroadcaster" thread_id=112 ]
01-06 23:59:31.935 4168 5453 I BugleRcsEngine: EnabledState: Transition to check preconditions [6810131b-744e-41d1-96a7-19a331874c1b] [CONTEXT log_prefix="(PEv2-SM32552553-DefaultCallSmsData-1-cc2)" thread_id=112 ]
01-06 23:59:31.936 4168 5453 I BugleRcsEngine: transitionTo: destState=CheckPreconditionsState [6810131b-744e-41d1-96a7-19a331874c1b] [CONTEXT log_prefix="(PEv2-SM32552553-DefaultCallSmsData-1-cc2)" thread_id=112 ]
01-06 23:59:31.936 4168 5453 I BugleRcsEngine: onTransitionRequested EnabledState [6810131b-744e-41d1-96a7-19a331874c1b] [CONTEXT log_prefix="(PEv2-SM32552553-DefaultCallSmsData-1-cc2)" thread_id=112 ]
01-06 23:59:31.939 4168 5453 I BugleRcsEngine: Enter CheckPreconditionsState [6810131b-744e-41d1-96a7-19a331874c1b] [CONTEXT log_prefix="(PEv2-SM32552553-DefaultCallSmsData-1-cc2)" thread_id=112 ]
01-06 23:59:31.952 4168 5453 W BugleRcsEngine: Unable to send diagnostic log [CONTEXT thread_id=112 ]
01-06 23:59:31.994 4168 5453 I BugleRcsEngine: getRcsProvisioningGoogleTosConfiguration # bnuv@5d5fcd, consentState = 0, ServerUpdateTime = 0 [CONTEXT log_prefix="ProvisioningEngineDataRetriever" thread_id=112 ]
01-06 23:59:32.007 4168 5453 I BugleRcsEngine: getRcsProvisioningGoogleTosConfiguration # bnuv@5d5fcd, consentState = 0, ServerUpdateTime = 0 [CONTEXT log_prefix="ProvisioningEngineDataRetriever" thread_id=112 ]
01-06 23:59:32.036 4168 5453 I BugleRcsEngine: provisioningEngineDataRetriever = cjww@2dc619b, googleToSConsentCache.hasClientConsent() = false, provisioningEngineDataRetriever.getGoogleTosConsent = false rcsDefaultOnConsentCache.hasClientConsent = false [6810131b-744e-41d1-96a7-19a331874c1b] [CONTEXT log_prefix="(PEv2-SM32552553-DefaultCallSmsData-1-cc2)" thread_id=112 ]
01-06 23:59:32.053 4168 5453 I BugleRcsEngine: transitionViaMessage, srcState=CheckPreconditionsState, destState = WaitingForRcsDefaultOnState [6810131b-744e-41d1-96a7-19a331874c1b] [CONTEXT log_prefix="(PEv2-SM32552553-DefaultCallSmsData-1-cc2)" thread_id=112 ]
01-06 23:59:32.056 4168 5453 I BugleRcsEngine: CheckPreconditionsState: Transition to Waiting For RCS Default On [6810131b-744e-41d1-96a7-19a331874c1b] [CONTEXT log_prefix="(PEv2-SM32552553-DefaultCallSmsData-1-cc2)" thread_id=112 ]
01-06 23:59:32.057 4168 5453 I BugleRcsEngine: transitionTo: destState=WaitingForRcsDefaultOnState [6810131b-744e-41d1-96a7-19a331874c1b] [CONTEXT log_prefix="(PEv2-SM32552553-DefaultCallSmsData-1-cc2)" thread_id=112 ]
01-06 23:59:32.059 4168 5453 I BugleRcsEngine: onTransitionRequested CheckPreconditionsState [6810131b-744e-41d1-96a7-19a331874c1b] [CONTEXT log_prefix="(PEv2-SM32552553-DefaultCallSmsData-1-cc2)" thread_id=112 ]
01-06 23:59:32.060 4168 5453 I BugleRcsEngine: Enter WaitingForRcsDefaultOnState [6810131b-744e-41d1-96a7-19a331874c1b] [CONTEXT log_prefix="(PEv2-SM32552553-DefaultCallSmsData-1-cc2)" thread_id=112 ]
01-06 23:59:32.075 4168 5453 W BugleRcsEngine: Unable to send diagnostic log [CONTEXT thread_id=112 ]
01-06 23:59:32.086 4168 5453 W BugleRcsEngine: Unable to send diagnostic log [CONTEXT thread_id=112 ]
01-06 23:59:32.091 4168 5453 I BugleRcsEngine: Sending ProvisioningEvent to Bugle [Show RCS default on UI (24)], no extra data [CONTEXT thread_id=112 ]
01-06 23:59:32.093 4168 5453 I BugleRcsEngine: Broadcasting provisioning intent com.google.android.ims.provisioning.engine.provisioningEventAction to Bugle with extras redacted-pii:[chars:83] from source PROVISIONING_EVENT [CONTEXT log_prefix="EngineBroadcaster" thread_id=112 ]
01-06 23:59:32.112 4168 5453 I BugleRcsEngine: transitionViaMessage, srcState=WaitingForRcsDefaultOnState, destState = SetGoogleToSConsentState [6810131b-744e-41d1-96a7-19a331874c1b] [CONTEXT log_prefix="(PEv2-SM32552553-DefaultCallSmsData-1-cc2)" thread_id=112 ]
01-06 23:59:32.113 4168 5453 I BugleRcsEngine: WaitingForRcsDefaultOnState: Transition to set Google ToS Consent [6810131b-744e-41d1-96a7-19a331874c1b] [CONTEXT log_prefix="(PEv2-SM32552553-DefaultCallSmsData-1-cc2)" thread_id=112 ]
01-06 23:59:32.114 4168 5453 I BugleRcsEngine: transitionTo: destState=SetGoogleToSConsentState [6810131b-744e-41d1-96a7-19a331874c1b] [CONTEXT log_prefix="(PEv2-SM32552553-DefaultCallSmsData-1-cc2)" thread_id=112 ]
01-06 23:59:32.115 4168 5453 I BugleRcsEngine: onTransitionRequested WaitingForRcsDefaultOnState [6810131b-744e-41d1-96a7-19a331874c1b] [CONTEXT log_prefix="(PEv2-SM32552553-DefaultCallSmsData-1-cc2)" thread_id=112 ]
01-06 23:59:32.116 4168 5453 I BugleRcsEngine: Exit WaitingForRcsDefaultOnState [6810131b-744e-41d1-96a7-19a331874c1b] [CONTEXT log_prefix="(PEv2-SM32552553-DefaultCallSmsData-1-cc2)" thread_id=112 ]
01-06 23:59:32.116 4168 5453 W BugleRcsEngine: Unable to send diagnostic log [CONTEXT thread_id=112 ]
01-06 23:59:32.117 4168 5453 I BugleRcsEngine: Enter SetGoogleToSConsentState [6810131b-744e-41d1-96a7-19a331874c1b] [CONTEXT log_prefix="(PEv2-SM32552553-DefaultCallSmsData-1-cc2)" thread_id=112 ]
01-06 23:59:32.187 4168 5453 W BugleRcsEngine: Unable to send diagnostic log [CONTEXT thread_id=112 ]
01-06 23:59:32.274 4168 5453 I BugleRcsEngine: getRcsProvisioningGoogleTosConfiguration # bnuv@5d5fcd, consentState = 0, ServerUpdateTime = 0 [CONTEXT log_prefix="ProvisioningEngineDataRetriever" thread_id=112 ]
01-06 23:59:32.294 4168 4280 W BugleRcsEngine: Unable to send diagnostic log [CONTEXT thread_id=60 ]
01-06 23:59:32.322 4168 5453 I BugleRcsEngine: getRcsProvisioningGoogleTosConfiguration # bnuv@5d5fcd, consentState = 0, ServerUpdateTime = 0 [CONTEXT log_prefix="ProvisioningEngineDataRetriever" thread_id=112 ]
01-06 23:59:32.481 4168 4308 W BugleRcsEngine: Unable to send diagnostic log [CONTEXT thread_id=65 ]
01-06 23:59:32.615 4168 4308 W BugleRcsEngine: Unable to send diagnostic log [CONTEXT thread_id=65 ]
01-06 23:59:32.858 4168 4358 E Bugle: SharedStorageInteractor: Security error,calling app is not whitelisted to access Bugle's data, uid: 10144
01-06 23:59:32.860 4168 4358 W BugleRcsEngine: Unable to send ContentProvider request event log [CONTEXT thread_id=79 ]
01-06 23:59:32.861 4168 4358 E BugleRcsEngine: Error while retrieving RcsProvisioningRcsDefaultOnConfiguration from Bugle storage. [CONTEXT log_prefix="ProvisioningEngineDataRetriever" thread_id=79 ] cknl: ContentProvider request failed, failureReason: UID_NOT_VERIFIED_ERRORcknl: ContentProvider request failed, failureReason: UID_NOT_VERIFIED_ERROR
	at cknm.g(PG:134)
	at cknm.i(PG:14)
	at cknm.o(PG:7)
	at cjww.e(PG:7)
	at cjnx.a(PG:3)
	at cjnp.i(PG:9)
	at cjnj.apply(PG:7)
	at dkwh.a(PG:7)
	at dqra.run(PG:18)
	at dqqd.execute(PG:1)
	at dkwl.execute(PG:18)
	at dqod.o(PG:1)
	at dqod.j(PG:95)
	at dqod.setException(PG:19)
	at dqoj.run(PG:81)
	at dqqd.execute(PG:1)
	at dqod.o(PG:1)
	at dqod.j(PG:95)
	at dqod.setException(PG:19)
	at cuol.a(PG:35)
	at chhd.run(PG:12)
	at dqqd.execute(PG:1)
	at chhe.c(PG:12)
	at chht.b(PG:36)
	at chhz.u(PG:20)
	at chhv.a(PG:3)
	at cfoh.b(PG:15)
	at cesy.onConsentRegistered(PG:3)
	at com.google.android.gms.asterism.internal.IAsterismCallbacks$Stub.dispatchTransaction(PG:28)
	at com.google.android.aidl.BaseStub.onTransact(PG:13)
	at android.os.Binder.execTransactInternal(Binder.java:1505)
	at android.os.Binder.execTransact(Binder.java:1444)

01-06 23:59:32.864 4168 4358 W BugleRcsEngine: setAsterismConsent failure: sessionId=6810131b-744e-41d1-96a7-19a331874c1b requestCode=1 consent=0 googleToSConsentSource=4 [CONTEXT thread_id=79 ] cfko: 34502: cfko: 34502: 
	at cfox.a(PG:15)
	at cfoh.b(PG:11)
	at cesy.onConsentRegistered(PG:3)
	at com.google.android.gms.asterism.internal.IAsterismCallbacks$Stub.dispatchTransaction(PG:28)
	at com.google.android.aidl.BaseStub.onTransact(PG:13)
	at android.os.Binder.execTransactInternal(Binder.java:1505)
	at android.os.Binder.execTransact(Binder.java:1444)

01-06 23:59:32.865 4168 4358 W BugleRcsEngine: Unable to send diagnostic log [CONTEXT thread_id=79 ]
01-06 23:59:32.924 4168 4284 I BugleRcsProvisioning: RcsProvisioningEventReceiver: Received ProvisioningEvent: Send Provisioning Session ID
01-06 23:59:32.932 4168 4308 W BugleRcsEngine: googleToSConsentApi.setConsent 0 failed [6810131b-744e-41d1-96a7-19a331874c1b] [CONTEXT log_prefix="(PEv2-SM32552553-DefaultCallSmsData-1-cc2)" thread_id=65 ] cfko: 34502: cfko: 34502: 
	at cfox.a(PG:15)
	at cfoh.b(PG:11)
	at cesy.onConsentRegistered(PG:3)
	at com.google.android.gms.asterism.internal.IAsterismCallbacks$Stub.dispatchTransaction(PG:28)
	at com.google.android.aidl.BaseStub.onTransact(PG:13)
	at android.os.Binder.execTransactInternal(Binder.java:1505)
	at android.os.Binder.execTransact(Binder.java:1444)

01-06 23:59:32.939 4168 4321 I Bugle: BroadcastReceiverAsyncWorkTracker: Acknowledging broadcast of com.google.android.apps.messaging.shared.receiver.RcsProvisioningEventReceiver@115ccba
01-06 23:59:33.111 4168 5453 I BugleRcsEngine: SetGoogleToSConsentState: event Set Consent API error [6810131b-744e-41d1-96a7-19a331874c1b] [CONTEXT log_prefix="(PEv2-SM32552553-DefaultCallSmsData-1-cc2)" thread_id=112 ]
01-06 23:59:33.151 4168 4280 I BugleRcsProvisioning: RcsProvisioningEventReceiver: Received ProvisioningEvent: Update provisioning status
01-06 23:59:33.255 4168 4312 I Bugle: BroadcastReceiverAsyncWorkTracker: Acknowledging broadcast of com.google.android.apps.messaging.shared.receiver.RcsProvisioningEventReceiver@5fcb09d
01-06 23:59:33.337 4168 4284 I BugleRcsProvisioning: RcsProvisioningEventReceiver: Received ProvisioningEvent: Show RCS default on UI
01-06 23:59:33.339 4168 4321 I Bugle: BroadcastReceiverAsyncWorkTracker: Acknowledging broadcast of com.google.android.apps.messaging.shared.receiver.RcsProvisioningEventReceiver@818f8e3
01-06 23:59:41.857 4168 4312 I Bugle: BroadcastReceiverAsyncWorkTracker: Acknowledging broadcast of buoi@63ef3b
01-06 23:59:47.482 4168 4312 I Bugle: BroadcastReceiverAsyncWorkTracker: Acknowledging broadcast of com.google.android.apps.messaging.shared.experiments.receiver.BuglePhenotypeBroadcastReceiver@42110e
01-06 23:59:48.190 4168 4321 I Bugle: BroadcastReceiverAsyncWorkTracker: Acknowledging broadcast of com.google.android.apps.messaging.shared.experiments.receiver.BuglePhenotypeBroadcastReceiver@600bbd4
01-06 23:59:48.221 4168 4321 I Bugle: BroadcastReceiverAsyncWorkTracker: Acknowledging broadcast of com.google.android.apps.messaging.shared.experiments.receiver.BuglePhenotypeBroadcastReceiver@5fca4c3
01-06 23:59:48.400 4168 4312 I Bugle: BroadcastReceiverAsyncWorkTracker: Acknowledging broadcast of com.google.android.apps.messaging.shared.experiments.receiver.BuglePhenotypeBroadcastReceiver@e447858
01-06 23:59:48.500 4168 4312 I BuglePhenotype: onReceive for bugle package [CONTEXT package_name="com.google.android.apps.messaging#com.google.android.apps.messaging" ]
01-06 23:59:48.504 4168 4312 I Bugle: BroadcastReceiverAsyncWorkTracker: Acknowledging broadcast of com.google.android.apps.messaging.shared.experiments.receiver.BuglePhenotypeBroadcastReceiver@2b4c204
01-06 23:59:48.551 4168 4312 I BuglePhenotype: onReceive for cslib package [CONTEXT package_name="com.google.android.ims.library" ]
01-06 23:59:48.563 4168 4321 I Bugle: BroadcastReceiverAsyncWorkTracker: Acknowledging broadcast of com.google.android.apps.messaging.shared.experiments.receiver.BuglePhenotypeBroadcastReceiver@94f2e6e
01-06 23:59:48.866 4168 4254 I BuglePhenotype: Notify about updates in current package [CONTEXT current_package_name="com.google.android.ims.library" ]
01-06 23:59:48.995 4168 4278 I BugleRcsEngine: SystemBinding enabled: true [CONTEXT log_prefix="SystemBindingManager" thread_id=58 ]
01-06 23:59:49.002 4168 4278 I BugleRcsEngine: System Binding updated [CONTEXT thread_id=58 ]
01-06 23:59:48.979 4168 4254 I BugleRcsProvisioning: RcsProvisioningTrigger: onCsLibPhenotypeUpdated, enableProvisioningTaskInBugle = true
01-06 23:59:49.432 4168 4254 I BugleRcsProvisioning: RcsProvisioningTrigger: updateAvailabilityForAllSimsAsync : hint = CSLIB_PHENOTYPE_UPDATE logTriggerEvent = true
01-06 23:59:49.428 4168 4284 W BugleRcsEngine: Unable to send diagnostic log [CONTEXT thread_id=62 ]
01-06 23:59:49.445 4168 4280 W BugleRcsEngine: Unable to send diagnostic log [CONTEXT thread_id=60 ]
01-06 23:59:49.470 4168 4254 I Bugle: RcsAvailabilityUtilForProvisioningEngineV2: updateAvailabilityForAllSimsAsync, hint: CSLIB_PHENOTYPE_UPDATE
01-06 23:59:49.470 4168 4254 I com.google.android.apps.messaging.shared.rcs.availability.RcsAvailabilityUpdaterLocal: updateAvailabilityForAllSimsAsync: scheduling updateAvailabilityForRcsProvisioningId call. Hint: CSLIB_PHENOTYPE_UPDATE, enableWelcomePopupWithoutGoogleTos: false, reshowSuccessPopup: false
01-06 23:59:49.471 4168 4254 I Bugle: RcsAvailabilityUtilForProvisioningEngineV2: onCsLibPhenotypeUpdated
01-06 23:59:49.476 4168 4284 W BugleRcsEngine: Unable to send diagnostic log [CONTEXT thread_id=62 ]
01-06 23:59:49.477 4168 4306 I com.google.android.apps.messaging.shared.rcs.availability.RcsAvailabilityUpdaterLocal: updateRcsAvailabilityForDefaultCallSim: hint: CSLIB_PHENOTYPE_UPDATE, canReshowWelcomeMessage: false
01-06 23:59:49.493 4168 4252 I BugleRcsEngine: SystemBinding enabled: true [CONTEXT log_prefix="SystemBindingManager" thread_id=52 ]
01-06 23:59:49.494 4168 4252 I BugleRcsEngine: System Binding updated [CONTEXT thread_id=52 ]
01-06 23:59:49.496 4168 4280 W BugleRcsEngine: Unable to send diagnostic log [CONTEXT thread_id=60 ]
01-06 23:59:49.555 4168 4306 I BugleRcsEngine: [SR]: Single Registration is disabled. Skipping Single Registration capability check for subId: 1, OS.isAtLeastS:[true], enableSingleRegistrationProvisioning:[false] [CONTEXT thread_id=66 ]
01-06 23:59:49.559 4168 4306 I BugleRcsEngine: No RCS Configuration was found in Bugle for simID: redacted-pii:sim_id[chars:20,last3:897] [CONTEXT log_prefix="ProvisioningEngineDataRetriever" thread_id=66 ]
01-06 23:59:49.560 4168 4306 I com.google.android.apps.messaging.shared.rcs.availability.RcsAvailabilityUpdaterLocal: RcsAvailability configuration availability and enabled status: simId: redacted-pii:sim_id[chars:20,last3:897], SipConnectionType: DUAL_REG, isConfigurationAvailableAndEnabled: false
01-06 23:59:49.561 4168 4306 I BugleRcsEngine: Using config server URL from biuf [CONTEXT log_prefix="ProvisioningServerUtil" thread_id=66 ]
01-06 23:59:49.605 4168 4306 I com.google.android.apps.messaging.shared.rcs.availability.RcsAvailabilityUpdaterLocal: RcsAvailability: Subscription Id: 1, simId: redacted-pii:sim_id[chars:20,last3:897], siExist() [CONTEXT log_prefix="ProvisioningEngineDataRetriever" thread_id=73 ]
01-06 23:59:02.744 4407 4407 I CarrierServices: SystemBindingService onDestroy
01-06 23:59:02.762 4407 4407 I CarrierServices: SystemBindingService onCreate
01-06 23:59:02.843 4407 4452 W BugleRcsEngine: Unable to send diagnostic log [CONTEXT thread_id=70 ]
01-06 23:59:02.841 4407 4446 I CarrierServices: SystemBindingService: Starting JibeService
01-06 23:59:03.036 4407 4446 I BugleRcsEngine: Broadcasting provisioning intent rcs.intent.action.rcsSystemBinding to Bugle with extras redacted-pii:[null] from source SYSTEM_BINDING_SERVICE [CONTEXT log_prefix="EngineBroadcaster" thread_id=64 ]
01-06 23:59:04.404 4407 4449 I BugleRcsEngine: Connected state: [1], networkType: [WIFI] [CONTEXT thread_id=67 ]
01-06 23:59:04.373 4407 4528 I BugleRcsEngine: handleMessage processing message:[NOTIFY_UPTIME_IGNORE_STATE_CHANGED] with [non-null]:RcsEngineImpl reference [CONTEXT log_prefix="RcsEngineImpl[DUAL_REG]:[a637de82-00e6]>Handler" thread_id=73 ]
01-06 23:59:04.482 4407 4528 I BugleRcsEngine: RCS Configuration storage in Bugle is disabled by p/h flag, using ProvisioningEngineStateCacheUtil.getProvisioningConfigurationForGivenSimIfExist() [CONTEXT log_prefix="ProvisioningEngineDataRetriever" thread_id=73 ]
01-06 23:59:04.540 4407 4592 I BugleRcsEngine: triggerStopRcsStack for msisdn:redacted-pii:phone_number[chars:0,last2:] [CONTEXT log_prefix="RcsEngineImpl[DUAL_REG]:[a637de82-00e6]" thread_id=75 ]
01-06 23:59:04.554 4407 4528 I BugleRcsEngine: handleMessage processing message:[STOP_RCS_STACK] with [non-null]:RcsEngineImpl reference [CONTEXT log_prefix="RcsEngineImpl[DUAL_REG]:[a637de82-00e6]>Handler" thread_id=73 ]
01-06 23:59:04.555 4407 4528 I BugleRcsEngine: RCS engine STOP RCS stack [CONTEXT log_prefix="RcsEngineImpl[DUAL_REG]:[a637de82-00e6]>Handler" thread_id=73 ]
01-06 23:59:04.555 4407 4528 I BugleRcsEngine: imsModule is null, shutdown not required [CONTEXT log_prefix="RcsEngineImpl[DUAL_REG]:[a637de82-00e6]" thread_id=73 ]
01-06 23:59:04.556 4407 4528 I BugleRcsEngine: skipping imsModule.stop [CONTEXT log_prefix="RcsEngineImpl[DUAL_REG]:[a637de82-00e6]" thread_id=73 ]
01-06 23:59:04.557 4407 4528 I BugleRcsEngine: handleMessage processing message:[NOTIFY_UPTIME_IGNORE_STATE_CHANGED] with [non-null]:RcsEngineImpl reference [CONTEXT log_prefix="RcsEngineImpl[DUAL_REG]:[a637de82-00e6]>Handler" thread_id=73 ]
01-06 23:59:04.584 4407 4528 I BugleRcsEngine: RCS Configuration storage in Bugle is disabled by p/h flag, using ProvisioningEngineStateCacheUtil.getProvisioningConfigurationForGivenSimIfExist() [CONTEXT log_prefix="ProvisioningEngineDataRetriever" thread_id=73 ]
01-06 23:59:07.589 4407 4449 I BugleRcsEngine: Connected state: [1], networkType: [WIFI] [CONTEXT thread_id=67 ]
01-06 23:59:07.598 4407 4528 I BugleRcsEngine: handleMessage processing message:[NOTIFY_UPTIME_IGNORE_STATE_CHANGED] with [non-null]:RcsEngineImpl reference [CONTEXT log_prefix="RcsEngineImpl[DUAL_REG]:[a637de82-00e6]>Handler" thread_id=73 ]
01-06 23:59:07.663 4407 4528 I BugleRcsEngine: RCS Configuration storage in Bugle is disabled by p/h flag, using ProvisioningEngineStateCacheUtil.getProvisioningConfigurationForGivenSimIfExist() [CONTEXT log_prefix="ProvisioningEngineDataRetriever" thread_id=73 ]
01-06 23:59:08.401 4407 4420 I BugleRcsEngine: triggerStopRcsStack for msisdn:redacted-pii:phone_number[chars:0,last2:] [CONTEXT log_prefix="RcsEngineImpl[DUAL_REG]:[a637de82-00e6]" thread_id=48 ]
01-06 23:59:08.419 4407 4528 I BugleRcsEngine: handleMessage processing message:[STOP_RCS_STACK] with [non-null]:RcsEngineImpl reference [CONTEXT log_prefix="RcsEngineImpl[DUAL_REG]:[a637de82-00e6]>Handler" thread_id=73 ]
01-06 23:59:08.420 4407 4528 I BugleRcsEngine: RCS engine STOP RCS stack [CONTEXT log_prefix="RcsEngineImpl[DUAL_REG]:[a637de82-00e6]>Handler" thread_id=73 ]
01-06 23:59:08.420 4407 4528 I BugleRcsEngine: imsModule is null, shutdown not required [CONTEXT log_prefix="RcsEngineImpl[DUAL_REG]:[a637de82-00e6]" thread_id=73 ]
01-06 23:59:08.420 4407 4528 I BugleRcsEngine: skipping imsModule.stop [CONTEXT log_prefix="RcsEngineImpl[DUAL_REG]:[a637de82-00e6]" thread_id=73 ]
01-06 23:59:08.421 4407 4528 I BugleRcsEngine: handleMessage processing message:[NOTIFY_UPTIME_IGNORE_STATE_CHANGED] with [non-null]:RcsEngineImpl reference [CONTEXT log_prefix="RcsEngineImpl[DUAL_REG]:[a637de82-00e6]>Handler" thread_id=73 ]
01-06 23:59:08.502 4407 4528 I BugleRcsEngine: RCS Configuration storage in Bugle is disabled by p/h flag, using ProvisioningEngineStateCacheUtil.getProvisioningConfigurationForGivenSimIfExist() [CONTEXT log_prefix="ProvisioningEngineDataRetriever" thread_id=73 ]
01-06 23:59:10.239 4407 4592 I BugleRcsEngine: triggerStopRcsStack for msisdn:redacted-pii:phone_number[chars:0,last2:] [CONTEXT log_prefix="RcsEngineImpl[DUAL_REG]:[a637de82-00e6]" thread_id=75 ]
01-06 23:59:10.243 4407 4528 I BugleRcsEngine: handleMessage processing message:[STOP_RCS_STACK] with [non-null]:RcsEngineImpl reference [CONTEXT log_prefix="RcsEngineImpl[DUAL_REG]:[a637de82-00e6]>Handler" thread_id=73 ]
01-06 23:59:10.244 4407 4528 I BugleRcsEngine: RCS engine STOP RCS stack [CONTEXT log_prefix="RcsEngineImpl[DUAL_REG]:[a637de82-00e6]>Handler" thread_id=73 ]
01-06 23:59:10.249 4407 4528 I BugleRcsEngine: imsModule is null, shutdown not required [CONTEXT log_prefix="RcsEngineImpl[DUAL_REG]:[a637de82-00e6]" thread_id=73 ]
01-06 23:59:10.250 4407 4528 I BugleRcsEngine: skipping imsModule.stop [CONTEXT log_prefix="RcsEngineImpl[DUAL_REG]:[a637de82-00e6]" thread_id=73 ]
01-06 23:59:10.250 4407 4528 I BugleRcsEngine: handleMessage processing message:[NOTIFY_UPTIME_IGNORE_STATE_CHANGED] with [non-null]:RcsEngineImpl reference [CONTEXT log_prefix="RcsEngineImpl[DUAL_REG]:[a637de82-00e6]>Handler" thread_id=73 ]
01-06 23:59:10.261 4407 4528 I BugleRcsEngine: RCS Configuration storage in Bugle is disabled by p/h flag, using ProvisioningEngineStateCacheUtil.getProvisioningConfigurationForGivenSimIfExist() [CONTEXT log_prefix="ProvisioningEngineDataRetriever" thread_id=73 ]
01-06 23:59:31.352 4407 4420 I BugleRcsEngine: triggerStopRcsStack for msisdn:redacted-pii:phone_number[chars:0,last2:] [CONTEXT log_prefix="RcsEngineImpl[DUAL_REG]:[a637de82-00e6]" thread_id=48 ]
01-06 23:59:31.383 4407 4528 I BugleRcsEngine: handleMessage processing message:[STOP_RCS_STACK] with [non-null]:RcsEngineImpl reference [CONTEXT log_prefix="RcsEngineImpl[DUAL_REG]:[a637de82-00e6]>Handler" thread_id=73 ]
01-06 23:59:31.384 4407 4528 I BugleRcsEngine: RCS engine STOP RCS stack [CONTEXT log_prefix="RcsEngineImpl[DUAL_REG]:[a637de82-00e6]>Handler" thread_id=73 ]
01-06 23:59:31.560 4407 4528 I BugleRcsEngine: imsModule is null, shutdown not required [CONTEXT log_prefix="RcsEngineImpl[DUAL_REG]:[a637de82-00e6]" thread_id=73 ]
01-06 23:59:31.562 4407 4528 I BugleRcsEngine: skipping imsModule.stop [CONTEXT log_prefix="RcsEngineImpl[DUAL_REG]:[a637de82-00e6]" thread_id=73 ]
01-06 23:59:31.563 4407 4528 I BugleRcsEngine: resetting RcsEngine internal state [CONTEXT log_prefix="RcsEngineImpl[DUAL_REG]:[a637de82-00e6]" thread_id=73 ]
01-06 23:59:31.582 4407 4528 I BugleRcsEngine: handleMessage processing message:[NOTIFY_UPTIME_IGNORE_STATE_CHANGED] with [non-null]:RcsEngineImpl reference [CONTEXT log_prefix="RcsEngineImpl[DUAL_REG]:[a637de82-00e6]>Handler" thread_id=73 ]
01-06 23:59:31.692 4407 4528 I BugleRcsEngine: No RCS Configuration was found in Bugle for simID: redacted-pii:sim_id[chars:20,last3:897] [CONTEXT log_prefix="ProvisioningEngineDataRetriever" thread_id=73 ]
01-06 23:59:31.719 4407 4420 I BugleRcsEngine: triggerStopRcsStack for msisdn:redacted-pii:phone_number[chars:0,last2:] [CONTEXT log_prefix="RcsEngineImpl[DUAL_REG]:[a637de82-00e6]" thread_id=48 ]
01-06 23:59:31.726 4407 4528 I BugleRcsEngine: handleMessage processing message:[STOP_RCS_STACK] with [non-null]:RcsEngineImpl reference [CONTEXT log_prefix="RcsEngineImpl[DUAL_REG]:[a637de82-00e6]>Handler" thread_id=73 ]
01-06 23:59:31.727 4407 4528 I BugleRcsEngine: RCS engine STOP RCS stack [CONTEXT log_prefix="RcsEngineImpl[DUAL_REG]:[a637de82-00e6]>Handler" thread_id=73 ]
01-06 23:59:31.727 pConnectionType: DUAL_REG, isRcsAvailable: false
01-06 23:59:49.606 4168 4306 I com.google.android.apps.messaging.shared.rcs.availability.RcsAvailabilityUpdaterLocal: updateAvailabilityForRcsProvisioningId. SimId: redacted-pii:sim_id[chars:20,last3:897], currentAvailability: 10, newAvailability: 10, hint: CSLIB_PHENOTYPE_UPDATE
01-06 23:59:49.610 4168 4284 I BugleRcsProvisioning: RcsProvisioningTrigger: onRcsAvailabilityUpdate : availability is updated to Carrier RCS is not set up, lastAvailabilityLocal is Carrier RCS is not set up, simId hash = 8088839304507497781, simId = redacted-pii:sim_id[chars:20,last3:897], isPev3Enabled = true
01-06 23:59:49.614 4168 4280 I BugleRcsProvisioning: scheduleProvisioningForEligibleSims
01-06 23:59:49.615 4168 4308 I afym: scheduleProvisioningForEligibleSims: operationTrigger: 2 bugle trigger event: 9
01-06 23:59:49.615 4168 4308 I afym: scheduleProvisioningForDefaultSimIfEligible: defaultSimType: DEFAULT_CALL_SIM operationTrigger: 2 bugle trigger event: 9
01-06 23:59:49.625 4168 4308 I BugleRcsEngine: [SR]: Single Registration is disabled. Skipping Single Registration capability check for subId: 1, OS.isAtLeastS:[true], enableSingleRegistrationProvisioning:[false] [CONTEXT thread_id=65 ]
01-06 23:59:49.631 4168 4308 I afym: RcsProvisioningTrigger: DR is active, initializing DR provisioning. DUAL_REG
01-06 23:59:49.640 4168 4284 I BugleRcsEngine: [SR]: Single Registration is disabled. Skipping Single Registration capability check for subId: 1, OS.isAtLeastS:[true], enableSingleRegistrationProvisioning:[false] [CONTEXT thread_id=62 ]
01-06 23:59:49.675 4168 4308 I BugleRcsProvisioning: BugleSystemBindingManager: onBuglePhenotypeFlagChanged
01-06 23:59:49.677 4168 4280 W BugleRcsEngine: Unable to send diagnostic log [CONTEXT thread_id=60 ]
01-06 23:59:49.684 4168 4278 I BugleRcsEngine: SystemBinding enabled: true [CONTEXT log_prefix="SystemBindingManager" thread_id=58 ]
01-06 23:59:49.686 4168 4277 I BugleRcsEngine: System Binding updated [CONTEXT thread_id=57 ]
01-06 23:59:49.687 4168 4306 W BugleRcsEngine: Unable to send diagnostic log [CONTEXT thread_id=66 ]
