01-06 23:58:40.892 4168 4208 I Bugle: MessagesSearchIndexablesProvider: Querying NonIndexableKeys.
01-06 23:58:40.905 4168 4168 I Bugle: BugleApplicationBase: Bugle version: messages.android_20240528_00_rc01_alldpi.x86_64.phone , Bugle version code: 235003880
01-06 23:58:40.911 4168 4168 I Bugle: DarkModeManager: setDarkMode: -1
01-06 23:58:40.949 4168 4168 W GnpSdk: Failed to get GrowthKitJobScheduler in GrowthKitBootCompletedBroadcastReceiver So GrowthKit failed to schedule jobs after package replaced / boot completed. java.lang.NullPointerException: Attempt to invoke interface method 'java.lang.Object eeaz.b()' on a null object referencejava.lang.NullPointerException: Attempt to invoke interface method 'java.lang.Object eeaz.b()' on a null object reference
	at com.google.android.libraries.internal.growth.growthkit.inject.GrowthKitBootCompletedBroadcastReceiver.onReceive(PG:54)
	at android.app.ActivityThread.handleReceiver(ActivityThread.java:4772)
	at android.app.ActivityThread.-$$Nest$mhandleReceiver(Unknown Source:0)
	at android.app.ActivityThread$H.handleMessage(ActivityThread.java:2436)
	at android.os.Handler.dispatchMessage(Handler.java:107)
	at android.os.Looper.loopOnce(Looper.java:232)
	at android.os.Looper.loop(Looper.java:317)
	at android.app.ActivityThread.main(ActivityThread.java:8705)
	at java.lang.reflect.Method.invoke(Native Method)
	at com.android.internal.os.RuntimeInit$MethodAndArgsCaller.run(RuntimeInit.java:580)
	at com.android.internal.os.ZygoteInit.main(ZygoteInit.java:886)

01-06 23:58:41.268 4168 4254 I GnpSdk: GrowthKit disabled by flag. Aborting GrowthKitBootCompletedBroadcastReceiver
01-06 23:58:41.276 4168 4304 I com.google.android.libraries.phenotype.client.Phlogger$PhClient: Unable to retrieve flag snapshot for com.google.android.libraries.notifications.platform#com.google.android.apps.messaging, using defaults.
01-06 23:58:41.279 4168 4308 I com.google.android.libraries.phenotype.client.Phlogger$PhClient: Unable to retrieve flag snapshot for com.google.android.libraries.performance.primes#com.google.android.apps.messaging, using defaults.
01-06 23:58:41.306 4168 4168 I GnpSdk: Intent received for action [android.intent.action.BOOT_COMPLETED] package [com.google.android.apps.messaging].
01-06 23:58:41.317 4168 4168 I GnpSdk: Phenotype initialized.
01-06 23:58:41.327 4168 4168 I GnpSdk: Validation OK for action [android.intent.action.BOOT_COMPLETED].
01-06 23:58:41.341 4168 4284 I Bugle: Initializing EmojiCompat
01-06 23:58:41.380 4168 4168 I GnpSdk: Submitting Broadcast execution [31792775] to tiktok executor.
01-06 23:58:41.418 4168 4304 I GnpSdk: Executing action in BroadcastReceiver [android.intent.action.BOOT_COMPLETED].
01-06 23:58:41.461 4168 4308 I GnpSdk: GrowthKit is disabled by Phenotype flag.
01-06 23:58:41.476 4168 4304 I GnpSdk: Finished Broadcast execution [31792775].
01-06 23:58:41.584 4168 4307 I BugleNotifications: Silently refreshing notifications after Boot/Package replacement
01-06 23:58:41.563 4168 4284 I CarrierServices: Initializing Carrier Services Library. [CONTEXT thread_id=62 ]
01-06 23:58:41.814 4168 4277 I com.google.apps.tiktok.sync.impl.SyncManagerImpl: #poke(). Scheduling workers.
01-06 23:58:41.895 4168 4254 I com.google.apps.tiktok.sync.impl.SyncManagerImpl: Completed sync. Scheduling next wakeup
01-06 23:58:41.896 4168 4254 I com.google.apps.tiktok.sync.impl.workmanager.SyncWorkManagerOneTimeScheduler: Scheduling next onetime WorkManager workers
01-06 23:58:42.027 4168 4284 I CarrierServices: Initializing Carrier Services Logging. [CONTEXT thread_id=62 ]
01-06 23:58:42.217 4168 4306 I Bugle: DatabaseHelperBasic: sqlite version is 3.44.3
01-06 23:58:42.249 4168 4309 I BugleDataModel: DatabaseHelperUtils: insertSelfParticipant. participantId: 1, selfParticipantId: 1, subId: -1
01-06 23:58:42.384 4168 4309 I BugleShortcuts: Clearing shortcuts for DB recreation
01-06 23:58:42.588 4168 4306 W Bugle: Bugle: SubscriptionMetadataUtils get: unexpected subId = -1, replacing with -1
01-06 23:58:42.594 4168 4284 I BugleBackup: Registering preference change listener for "bugle".
01-06 23:58:42.610 4168 4306 I Bugle: TelephonyManagerFactory: Returning per-subscription TelephonyManager (>= N) subscription{id:-1}
01-06 23:58:42.616 4168 4309 I Bugle: TelephonySyncManager: setting full sync. inProgress: true, before: false
01-06 23:58:42.651 4168 4306 W Bugle: Bugle: SubscriptionMetadataUtils get: unexpected subId = -1, replacing with -1
01-06 23:58:42.729 4168 4306 I Bugle: TelephonyManagerFactory: Returning per-subscription TelephonyManager (>= N) subscription{id:1}
01-06 23:58:42.814 4168 4284 I com.google.android.libraries.phenotype.client.Phlogger$PhClient: Unable to retrieve flag snapshot for com.google.android.libraries.consentverifier#com.google.android.apps.messaging, using defaults.
01-06 23:58:42.829 4168 4279 I BugleRcs: couldn't get package info for carrier services package with name com.google.android.ims android.content.pm.PackageManager$NameNotFoundException: com.google.android.imsandroid.content.pm.PackageManager$NameNotFoundException: com.google.android.ims
	at android.app.ApplicationPackageManager.getPackageInfoAsUser(ApplicationPackageManager.java:273)
	at android.app.ApplicationPackageManager.getPackageInfo(ApplicationPackageManager.java:233)
	at android.app.ApplicationPackageManager.getPackageInfo(ApplicationPackageManager.java:227)
	at bvlg.<init>(PG:48)
	at bvlg.a(PG:10)
	at bhqn.d(PG:27)
	at aguf.run(PG:18)
	at dkqk.run(PG:21)
	at java.util.concurrent.Executors$RunnableAdapter.call(Executors.java:487)
	at dqsy.a(PG:3)
	at dqrv.run(PG:21)
	at dqsz.run(PG:5)
	at crzm.run(PG:3)
	at java.util.concurrent.ThreadPoolExecutor.runWorker(ThreadPoolExecutor.java:1145)
	at java.util.concurrent.ThreadPoolExecutor$Worker.run(ThreadPoolExecutor.java:644)
	at cryq.run(PG:6)
	at java.lang.Thread.run(Thread.java:1012)
	at csaw.run(PG:64)

01-06 23:58:42.863 4168 4309 I Bugle: TelephonySyncManager: Starting full sync, reason: 7
01-06 23:58:42.921 4168 4304 I com.google.apps.tiktok.sync.impl.workmanager.SyncWorkManagerOneTimeScheduler: Successfully scheduled next onetime workers
01-06 23:58:43.027 4168 4306 W Bugle: Bugle: SubscriptionMetadataUtils get: unexpected subId = -1, replacing with -1
01-06 23:58:43.032 4168 4306 W Bugle: Bugle: SubscriptionMetadataUtils get: unexpected subId = -1, replacing with -1
01-06 23:58:43.185 4168 4321 I com.google.apps.tiktok.account.data.google.GmsAccounts: GMSCore Auth returned 0 accounts.
01-06 23:58:43.186 4168 4321 I com.google.apps.tiktok.account.data.google.GmsAccounts: GoogleOwnersProvider returned 0 accounts.
01-06 23:58:43.438 4168 4309 I Bugle: DatabaseHelperBasic: sqlite version is 3.44.3
01-06 23:58:43.469 4168 4309 I BugleDataModel: HeavyWorkQueueEmptyObserver: Starting observation of WorkQueueWorkManagerTable
01-06 23:58:43.550 4168 4278 E com.google.android.libraries.concurrent.blockable.BlockableFutures: Cannot block on non-blocking thread java.lang.IllegalStateException: Cannot block on non-blocking thread: BG Thread #3java.lang.IllegalStateException: Cannot block on non-blocking thread: BG Thread #3
	at csae.c(PG:110)
	at csae.a(PG:1)
	at bddj.k(PG:71)
	at csgz.b(PG:3)
	at bddj.w(PG:31)
	at bddj.v(PG:11)
	at befw.d(PG:37)
	at bhai.d(PG:643)
	at bhai.a(PG:17)
	at bqmc.a(PG:234)
	at bqmt.accept(PG:18)
	at j$.util.Optional.ifPresent(Unknown Source:4)
	at bqmu.apply(PG:90)
	at dkqi.apply(PG:13)
	at dqoi.d(PG:3)
	at dqoj.run(PG:42)
	at crzm.run(PG:3)
	at dnmw.run(PG:50)
	at cscj.run(PG:18)
	at cryt.run(PG:8)
	at java.lang.Thread.run(Thread.java:1012)
	at csaw.run(PG:64)

01-06 23:58:43.886 4168 4308 I BugleNotifications: Foreground service channel created
01-06 23:58:44.024 4168 4279 I Bugle: TelephonySyncManager: setting full sync. inProgress: true, before: true
01-06 23:58:44.138 4168 4254 I BugleDataModel: ForwardSyncBatchExecutor: Starting batch for messages. lowerBoundTimeMillis: -1, upperBoundTimeMillis: 1736236721917, maxMessagesToUpdate: 80, maxMessagesToScan: 4000, batchId: 4667233a-d532-43c7-8a5a-e81cf8a48c4a, syncId: 2e725397-4c92-4b69-a812-6e64f05c4c54, bugle_conversation_matching: true, firstFullSyncStartTimestamp: 1736236721917, syncReason: 7
01-06 23:58:44.140 4168 4279 I Bugle: TelephonySyncManager: Starting full sync, reason: 2
01-06 23:58:44.326 4168 4312 I BugleNotifications: Creating notification input ids [CONTEXT im_entry_input="" im_notification_input="" im_settings_store_input="" im_final_input="" ]
01-06 23:58:44.327 4168 4279 I BugleNotifications: New set of conversations empty, canceling notifications
01-06 23:58:44.328 4168 4321 I BugleNotifications: Conversation and messages data list is empty, not creating summary builder info
01-06 23:58:44.328 4168 4321 I BugleNotifications: No builder infos, not creating notification creation package
01-06 23:58:44.329 4168 4279 I BugleNotifications: Notification creation package is null, not creating notification [CONTEXT notification_type="2" ]
01-06 23:58:44.511 4168 4321 I Bugle: BroadcastReceiverAsyncWorkTracker: Launching foreground service for com.google.android.apps.messaging.receiver.PhoneBootAndPackageReplacedReceiver@ebfb163
01-06 23:58:44.593 4168 4321 I Bugle: BroadcastReceiverAsyncWorkTracker: Acknowledging broadcast of com.google.android.apps.messaging.receiver.PhoneBootAndPackageReplacedReceiver@ebfb163
01-06 23:58:47.184 4168 4254 I BugleDataModel: ForwardSyncBatchExecutor: All messages now in sync, batchId: 4667233a-d532-43c7-8a5a-e81cf8a48c4a, syncId: 2e725397-4c92-4b69-a812-6e64f05c4c54
01-06 23:58:47.266 4168 4307 I Bugle: PartTableDetectionHeuristic: Previous content provider uri is empty. Wipeout inconclusive.
01-06 23:58:47.273 4168 4254 I Bugle: TelephonySyncManager: setting full sync. inProgress: false, before: true
01-06 23:58:47.493 4168 4254 I BugleDataModel: ActionExecutorImpl: Starting ActionService
01-06 23:58:47.580 4168 4254 I BugleDataModel: ActionExecutorImpl: ACTION_EXECUTE_QUEUED_FillPartSizeAction
01-06 23:58:47.589 4168 4309 I BugleDataModel: ExecuteActionRunnable: running action FillPartSizeAction
01-06 23:58:47.611 4168 4254 I BugleSearch: Queues icing index rebuild work item. [CONTEXT class_name="IcingSyncManagerListener" ]
01-06 23:58:47.656 4168 4309 I BugleDataModel: ActionExecutorImpl: ACTION_BACKGROUND_QUEUED_FillPartSizeAction
01-06 23:58:47.734 4168 4304 I BugleDataModel: ActionExecutorImpl: ACTION_RESPONSE_QUEUED_FillPartSizeAction
01-06 23:58:47.745 4168 4279 I BugleDataModel: ActionExecutorImpl: Stopping ActionService
01-06 23:58:47.772 4168 4307 I Bugle: BootAndPackageReplacedReceiver: run post-reboot oobe tasks
01-06 23:58:48.064 4168 4252 W Bugle: Bugle: SubscriptionMetadataUtils get: unexpected subId = -1, replacing with -1
01-06 23:58:48.066 4168 4252 I Bugle: SubscriptionUtilsAsOfLMR1: getActiveSubscriptionInfo(): empty sub info for subscription{id:-1}
01-06 23:58:48.088 4168 4307 I BugleRcsProvisioning: BugleSystemBindingManager: onBootComplete
01-06 23:58:48.105 4168 4312 I BugleContacts: ContactsSyncFeature is not enabled.
01-06 23:58:48.114 4168 4307 I BugleRcsProvisioning: RcsProvisioningTrigger: onBootComplete
01-06 23:58:48.118 4168 4307 I BugleRcsProvisioning: RcsProvisioningTrigger: updateAvailabilityForAllSimsAsync : hint = BOOT_COMPLETE logTriggerEvent = true
01-06 23:58:48.123 4168 4321 I Bugle: Stopped tracking messages [] for tracking purpose RCS_STILL_SENDING
01-06 23:58:48.128 4168 4277 I BugleRcsEngine: SystemBinding enabled: true [CONTEXT log_prefix="SystemBindingManager" thread_id=57 ]
01-06 23:58:48.129 4168 4277 I BugleRcsEngine: System Binding updated [CONTEXT thread_id=57 ]
01-06 23:58:48.161 4168 4307 I Bugle: RcsAvailabilityUtilForProvisioningEngineV2: updateAvailabilityForAllSimsAsync, hint: BOOT_COMPLETE
01-06 23:58:48.168 4168 4307 I com.google.android.apps.messaging.shared.rcs.availability.RcsAvailabilityUpdaterLocal: updateAvailabilityForAllSimsAsync: scheduling updateAvailabilityForRcsProvisioningId call. Hint: BOOT_COMPLETE, enableWelcomePopupWithoutGoogleTos: false, reshowSuccessPopup: false
01-06 23:58:48.220 4168 4306 I com.google.android.apps.messaging.shared.rcs.availability.RcsAvailabilityUpdaterLocal: updateRcsAvailabilityForDefaultCallSim: hint: BOOT_COMPLETE, canReshowWelcomeMessage: false
01-06 23:58:48.233 4168 4307 I BugleDataModel: ActionExecutorImpl: Starting ActionService
01-06 23:58:48.273 4168 4303 I BugleDataModel: ExecuteActionRunnable: running action RecurringTelemetryUploaderAction
01-06 23:58:48.283 4168 4303 I BugleDataModel: ActionExecutorImpl: ACTION_EXECUTE_QUEUED_DeferBackgroundWorkAction
01-06 23:58:48.287 4168 4303 I BugleDataModel: ExecuteActionRunnable: running action DeferBackgroundWorkAction
01-06 23:58:48.300 4168 4303 I BugleDataModel: ActionExecutorImpl: ACTION_BACKGROUND_QUEUED_RecurringTelemetryUploaderAction
01-06 23:58:48.364 4168 4252 I Bugle: CountryCodeDetector: updateHomeCountry from SIM country. subscription{id:1}, detected country: US
01-06 23:58:48.272 4168 4307 I BugleDataModel: ActionExecutorImpl: ACTION_EXECUTE_QUEUED_RecurringTelemetryUploaderAction
01-06 23:58:48.385 4168 4304 I com.google.android.apps.messaging.shared.rcsmessagetracking.RcsNotDeliveredMessageTracker: Refreshing notification for 0 not yet delivered RCS
01-06 23:58:48.418 4168 4252 W Bugle: Bugle: SubscriptionMetadataUtils get: unexpected subId = -1, replacing with -1
01-06 23:58:48.420 4168 4252 I Bugle: CountryCodeDetector: updateSmsNetworkCountry from default subscription network country. detected country: us
01-06 23:58:48.442 4168 4321 I Bugle: BroadcastReceiverAsyncWorkTracker: Ending foreground service on async work complete for broadcast of com.google.android.apps.messaging.receiver.PhoneBootAndPackageReplacedReceiver@ebfb163
01-06 23:58:48.588 4168 4252 I BugleDataModel: ExpireWapPushSiMessageAction: no WAP Push SI messages.
01-06 23:58:48.599 4168 4311 W Bugle: Bugle: SubscriptionMetadataUtils get: unexpected subId = -1, replacing with -1
01-06 23:58:48.636 4168 4311 W Bugle: Bugle: SubscriptionMetadataUtils get: unexpected subId = -1, replacing with -1
01-06 23:58:48.653 4168 4311 W Bugle: Bugle: SubscriptionMetadataUtils get: unexpected subId = -1, replacing with -1
01-06 23:58:48.656 4168 4311 W Bugle: Bugle: SubscriptionMetadataUtils get: unexpected subId = -1, replacing with -1
01-06 23:58:48.664 4168 4311 I BugleRcsEngine: [SR]: Single Registration is disabled. Skipping Single Registration capability check for subId: -1, OS.isAtLeastS:[true], enableSingleRegistrationProvisioning:[false] [CONTEXT thread_id=69 ]
01-06 23:58:48.915 4168 4311 I com.google.android.apps.messaging.shared.rcs.availability.RcsAvailabilityUpdaterLocal: RcsAvailability configuration availability and enabled status: simId: redacted-pii:sim_id[chars:0,last3:], SipConnectionType: DUAL_REG, isConfigurationAvailableAndEnabled: false
01-06 23:58:48.957 4168 4311 I com.google.android.apps.messaging.shared.rcs.availability.RcsAvailabilityUpdaterLocal: updateRcsAvailability: currentAvailability: 1, newAvailability: 9, hint: NO_HINT
01-06 23:58:48.968 4168 4307 I BugleRcsProvisioning: RcsProvisioningTrigger: onRcsAvailabilityUpdate : availability is updated to RCS is disabled due to SIM absent, lastAvailabilityLocal is null, simId hash = -2222282042352804837, simId = redacted-pii:sim_id[chars:0,last3:], isPev3Enabled = true
01-06 23:58:48.973 4168 4307 W com.google.android.apps.messaging.shared.simstatetracker.SharedPreferencesSimStateStore: SharedPreferencesSimStateStore: No sim subscription info found for RCS provisioning id
01-06 23:58:48.980 4168 4307 W com.google.android.apps.messaging.shared.simstatetracker.SharedPreferencesSimStateStore: SharedPreferencesSimStateStore: can't get simId for null SimSubscriptionInfo when setting PhoneDefaults.
01-06 23:58:48.983 4168 4307 W com.google.android.apps.messaging.shared.simstatetracker.SharedPreferencesSimStateStore: SharedPreferencesSimStateStore: can't get simId for null SimSubscriptionInfo when setting PhoneDefaults.
01-06 23:58:49.009 4168 4307 W com.google.android.apps.messaging.shared.simstatetracker.SharedPreferencesSimStateStore: SharedPreferencesSimStateStore: can't get simId for null SimSubscriptionInfo when setting PhoneDefaults.
01-06 23:58:49.010 4168 4307 W com.google.android.apps.messaging.shared.simstatetracker.SharedPreferencesSimStateStore: SharedPreferencesSimStateStore: can't get simId for null SimSubscriptionInfo when setting PhoneDefaults.
01-06 23:58:49.035 4168 4307 I BugleRcsEngine: Receive onRcsAvailabilityUpdate, SIM = redacted-pii:sim_id[chars:0,last3:], availability = RcsAvailability{mAvailability=DISABLED_SIM_ABSENT (RCS is disabled due to SIM absent)} [CONTEXT log_prefix="RcsProvisioningManager" thread_id=67 ]
01-06 23:58:49.051 4168 4279 I BugleTransport: onRcsAvailabilityUpdate: kicking off updateActiveTransport for simId:redacted-pii:sim_id[chars:0,last3:]
01-06 23:58:49.053 4168 4307 I BugleRcsProvisioning: RcsProvisioningTrigger: onRcsAvailabilityUpdate : isPreviousDisabled = true, isCurrentDisabled = true, config[simId:redacted-pii:sim_id[chars:0,last3:]] = [Type: 0, Version: 0, Validity: 0, Last updated: 0, Remaining validity: 0, Reconfiguration requested: false, Messaging technology: SIMPLE_IM, rcsVolteSingleRegistration: false], hasToken: false, isValidAndUpdated: false
01-06 23:58:49.072 4168 4309 I BugleRcsEngine: RCS Configuration storage in Bugle is disabled by p/h flag, using ProvisioningEngineStateCacheUtil.getProvisioningConfigurationForGivenSimIfExist() [CONTEXT log_prefix="ProvisioningEngineDataRetriever" thread_id=68 ]
01-06 23:58:49.071 4168 4304 I BugleTransport: isChatAvailable: RcsAvailability is DISABLED_SIM_ABSENT (RCS is disabled due to SIM absent)
01-06 23:58:49.054 4168 4308 W BugleRcs: getAvailableProvisioningIds: accessing uninitialized provisioning identities.
01-06 23:58:49.071 4168 4279 I BugleRcsEngine: AvailabilityObserver.onUpdate : Notify RcsAvailabilityListener brtj@c453f2f onRcsAvailabilityUpdate, SIM = redacted-pii:sim_id[chars:0,last3:], availability = 9 [CONTEXT log_prefix="RcsProvisioningManager" thread_id=59 ]
01-06 23:58:49.113 4168 4307 W BugleAction: Failed to get msisdn from Bugle
01-06 23:58:49.116 4168 4307 W Bugle: Bugle: SubscriptionMetadataUtils get: unexpected subId = -2, replacing with -1
01-06 23:58:49.125 4168 4308 W BugleRcs: getAvailableProvisioningIds: accessing uninitialized provisioning identities.
01-06 23:58:49.147 4168 4311 I Bugle: getRawTelephonyPhoneNumber redacted-pii[12-chars] [CONTEXT sub_id=1 ]
01-06 23:58:49.150 4168 4307 W Bugle: Bugle: SubscriptionMetadataUtils get: unexpected subId = -2, replacing with -1
01-06 23:58:49.153 4168 4308 W BugleRcs: getAvailableProvisioningIds: accessing uninitialized provisioning identities.
01-06 23:58:49.169 4168 4308 I BugleRcsEngine: CommonRcsProvisioningChangeListenerHandler.notifyListener : Notify RcsProvisioningChangeListener bjbz@16693c onRcsProvisioningChange, SIM = redacted-pii:sim_id[chars:15,last3:e=)], available rcs provisioning ids  =  [CONTEXT log_prefix="RcsProvisioningManager" thread_id=65 ]
01-06 23:58:49.204 4168 4307 I BugleBackup: Registering preference change listener for "buglesub_-1".
01-06 23:58:49.206 4168 4311 I Bugle: SubscriptionUtils.getCanonicalForSelf: self=redacted-pii[12-chars], country=US [CONTEXT sub_id=1 ]
01-06 23:58:49.207 4168 4307 W Bugle: Bugle: SubscriptionMetadataUtils get: unexpected subId = -2, replacing with -1
01-06 23:58:49.308 4168 4307 I Bugle: getRawTelephonyPhoneNumber redacted-pii[0-chars] [CONTEXT sub_id=-1 ]
01-06 23:58:49.329 4168 4307 W Bugle: Bugle: SubscriptionMetadataUtils get: unexpected subId = -1, replacing with -1
01-06 23:58:49.329 4168 4307 W BugleAction: No default number, returning empty msisdn
01-06 23:58:49.351 4168 4307 I BugleRcsEngine: isRcsAvailableForSubId called with an invalid sub id: -2 [CONTEXT log_prefix="RcsProvisioningManager" thread_id=67 ]
01-06 23:58:49.395 4168 4308 I BugleTransport: updateActiveTransport: refreshing chat transport
01-06 23:58:49.395 4168 4308 I BugleTransport: Tachygram is disabled because the RCS Configuration is empty [CONTEXT ratelimit_period="5 SECONDS" ]
01-06 23:58:49.396 4168 4308 I BugleTransport: Enabled chat transport is TRANSPORT_RCS [CONTEXT group_by="TRANSPORT_RCS" ratelimit_period="5 SECONDS" ]
01-06 23:58:49.396 4168 4308 I BugleTransport: refreshChatTransport: isChatAvailable: false, enabledTransport: 1, configuration: <empty>
01-06 23:58:49.444 4168 4308 I RcsClientLib: Connecting RcsEngineLifecycleService
01-06 23:58:49.447 4168 4308 W RcsClientLib: No CS.apk RCS service found. Is RCS running in Bugle?
01-06 23:58:49.461 4168 4308 I RcsClientLib: shouldUseCarrierServicesJibeService: false, CarrierServices rcs service found: false
01-06 23:58:49.524 4168 4311 W BugleAction: Failed to get msisdn from Bugle
01-06 23:58:49.550 4168 4311 W Bugle: Bugle: SubscriptionMetadataUtils get: unexpected subId = -2, replacing with -1
01-06 23:58:49.555 4168 4311 W Bugle: Bugle: SubscriptionMetadataUtils get: unexpected subId = -2, replacing with -1
01-06 23:58:49.567 4168 4311 I Bugle: getRawTelephonyPhoneNumber redacted-pii[0-chars] [CONTEXT sub_id=-1 ]
01-06 23:58:49.571 4168 4311 W Bugle: Bugle: SubscriptionMetadataUtils get: unexpected subId = -1, replacing with -1
01-06 23:58:49.583 4168 4311 W BugleAction: No default number, returning empty msisdn
01-06 23:58:49.661 4168 4321 W BugleUsageStatistics: InstallReferrerFetcher: Bad response code: 2
01-06 23:58:49.955 4168 4311 W BugleUsageStatistics: UptimeTracker: Unable to retrieve SIM operator information for metrics!
01-06 23:58:49.956 4168 4311 W BugleUsageStatistics: UptimeTracker: Unable to retrieve SIM operator information for metrics!
01-06 23:58:49.980 4168 4311 W LoggingReporter: MIXED_UP_PARTICIPANT: occurred in conversation with id=-1
01-06 23:58:49.996 4168 4311 I MixedUpConvInspector: logging Mixed Up Participant Info to clearcut completed successfully
01-06 23:58:50.720 4168 4306 I BugleDataModel: ActionExecutorImpl: ACTION_RESPONSE_QUEUED_RecurringTelemetryUploaderAction
01-06 23:58:50.738 4168 4311 I BugleDataModel: ActionExecutorImpl: Stopping ActionService
01-06 23:58:50.779 4168 4254 W Bugle: TextClassifierLibManagerImpl: Reclaiming memory at level: 40
01-06 23:58:50.917 4168 4311 I RcsClientLib: com.google.android.rcs.client.lifecycle.RcsEngineLifecycleService connected
01-06 23:58:50.990 4168 4311 W RcsClientLib: Error while stopping RCS engine. java.lang.IllegalStateException: JibeService Not Initializedjava.lang.IllegalStateException: JibeService Not Initialized
	at android.os.Parcel.createExceptionOrNull(Parcel.java:3250)
	at android.os.Parcel.createException(Parcel.java:3226)
	at android.os.Parcel.readException(Parcel.java:3209)
	at android.os.Parcel.readException(Parcel.java:3151)
	at com.google.android.aidl.BaseProxy.transactAndReadExceptionReturnVoid(PG:11)
	at com.google.android.ims.rcs.engine.IRcsEngineTemporaryController$Stub$Proxy.triggerStopRcsStack(PG:9)
	at com.google.android.rcs.client.lifecycle.RcsEngineLifecycleService.triggerStopRcsStack(PG:10)
	at blzw.call(PG:5)
	at dksu.a(PG:3)
	at dkqd.a(PG:13)
	at dqsx.a(PG:3)
	at dqrv.run(PG:21)
	at dqsz.run(PG:5)
	at crzm.run(PG:3)
	at java.util.concurrent.ThreadPoolExecutor.runWorker(ThreadPoolExecutor.java:1145)
	at java.util.concurrent.ThreadPoolExecutor$Worker.run(ThreadPoolExecutor.java:644)
	at cryq.run(PG:6)
	at java.lang.Thread.run(Thread.java:1012)
	at csaw.run(PG:64)

01-06 23:58:51.127 4168 4254 W Bugle: TextClassifierLibManagerImpl: Reclaiming memory at level: 40
01-06 23:58:51.130 4168 4278 W Bugle: TextClassifierLibManagerImpl: Reclaiming memory at level: 40
01-06 23:58:51.136 4168 4306 I BugleTransport: onSystemBound: kicking off updateActiveTransport
01-06 23:58:51.136 4168 4306 I BugleRcsProvisioning: RcsProvisioningTrigger: System bound to :rcs process. Schedule provisioning.
01-06 23:58:51.140 4168 4311 I BugleRcsEngine: RCS Configuration storage in Bugle is disabled by p/h flag, using ProvisioningEngineStateCacheUtil.getProvisioningConfigurationForGivenSimIfExist() [CONTEXT log_prefix="ProvisioningEngineDataRetriever" thread_id=69 ]
01-06 23:58:51.141 4168 4311 W BugleAction: Failed to get msisdn from Bugle
01-06 23:58:51.140 4168 4308 I BugleTransport: isChatAvailable: RcsAvailability is DISABLED_SIM_ABSENT (RCS is disabled due to SIM absent)
01-06 23:58:51.142 4168 4311 W Bugle: Bugle: SubscriptionMetadataUtils get: unexpected subId = -2, replacing with -1
01-06 23:58:51.145 4168 4311 W Bugle: Bugle: SubscriptionMetadataUtils get: unexpected subId = -2, replacing with -1
01-06 23:58:51.172 4168 4311 I Bugle: getRawTelephonyPhoneNumber redacted-pii[0-chars] [CONTEXT sub_id=-1 ]
01-06 23:58:51.172 4168 4311 W Bugle: Bugle: SubscriptionMetadataUtils get: unexpected subId = -1, replacing with -1
01-06 23:58:51.173 4168 4311 W BugleAction: No default number, returning empty msisdn
01-06 23:58:51.175 4168 4311 I BugleRcsEngine: isRcsAvailableForSubId called with an invalid sub id: -2 [CONTEXT log_prefix="RcsProvisioningManager" thread_id=69 ]
01-06 23:58:51.176 4168 4279 I BugleTransport: updateActiveTransport: refreshing chat transport
01-06 23:58:51.177 4168 4279 I BugleTransport: refreshChatTransport: isChatAvailable: false, enabledTransport: 1, configuration: <empty>
01-06 23:58:51.182 4168 4308 I RcsClientLib: Connecting RcsEngineLifecycleService
01-06 23:58:51.182 4168 4308 W RcsClientLib: No CS.apk RCS service found. Is RCS running in Bugle?
01-06 23:58:51.183 4168 4308 I RcsClientLib: shouldUseCarrierServicesJibeService: false, CarrierServices rcs service found: false
01-06 23:58:51.184 4168 4306 I BugleRcsProvisioning: scheduleProvisioning using legacy code path
01-06 23:58:51.185 4168 4306 I BugleRcsEngine: [SR]: Single Registration is disabled. Skipping Single Registration capability check for subId: -1, OS.isAtLeastS:[true], enableSingleRegistrationProvisioning:[false] [CONTEXT thread_id=66 ]
01-06 23:58:51.186 4168 4306 I BugleRcsProvisioning: RcsProvisioningTrigger: DR is active, initializing DR provisioning. DUAL_REG
01-06 23:58:51.192 4168 4311 I BugleRcsEngine: [SR]: Single Registration is disabled. Skipping Single Registration capability check for subId: -1, OS.isAtLeastS:[true], enableSingleRegistrationProvisioning:[false] [CONTEXT thread_id=69 ]
01-06 23:58:51.194 4168 4321 I Bugle: BroadcastReceiverAsyncWorkTracker: Acknowledging broadcast of com.google.android.apps.messaging.rcsprovisioning.RcsProvisioningBroadcastReceiver@6184417
01-06 23:58:51.197 4168 4279 I RcsClientLib: com.google.android.rcs.client.lifecycle.RcsEngineLifecycleService connected
01-06 23:58:51.200 4168 4254 W Bugle: TextClassifierLibManagerImpl: Reclaiming memory at level: 40
01-06 23:58:51.201 4168 4311 I BugleRcsEngine: Skipping provisioning scheduling since RCS is disabled [CONTEXT thread_id=69 ]
01-06 23:58:51.223 4168 4254 W Bugle: TextClassifierLibManagerImpl: Reclaiming memory at level: 40
01-06 23:58:51.224 4168 4306 W RcsClientLib: Error while stopping RCS engine. java.lang.IllegalStateException: JibeService Not Initializedjava.lang.IllegalStateException: JibeService Not Initialized
	at android.os.Parcel.createExceptionOrNull(Parcel.java:3250)
	at android.os.Parcel.createException(Parcel.java:3226)
	at android.os.Parcel.readException(Parcel.java:3209)
	at android.os.Parcel.readException(Parcel.java:3151)
	at com.google.android.aidl.BaseProxy.transactAndReadExceptionReturnVoid(PG:11)
	at com.google.android.ims.rcs.engine.IRcsEngineTemporaryController$Stub$Proxy.triggerStopRcsStack(PG:9)
	at com.google.android.rcs.client.lifecycle.RcsEngineLifecycleService.triggerStopRcsStack(PG:10)
	at blzw.call(PG:5)
	at dksu.a(PG:3)
	at dkqd.a(PG:13)
	at dqsx.a(PG:3)
	at dqrv.run(PG:21)
	at dqsz.run(PG:5)
	at crzm.run(PG:3)
	at java.util.concurrent.ThreadPoolExecutor.runWorker(ThreadPoolExecutor.java:1145)
	at java.util.concurrent.ThreadPoolExecutor$Worker.run(ThreadPoolExecutor.java:644)
	at cryq.run(PG:6)
	at java.lang.Thread.run(Thread.java:1012)
	at csaw.run(PG:64)

01-06 23:58:51.225 4168 4279 I BugleRcsProvisioning: RcsProvisioningTrigger: SIM swap detected, restarting provisioning
01-06 23:58:51.227 4168 4254 W Bugle: TextClassifierLibManagerImpl: Reclaiming memory at level: 40
01-06 23:58:51.231 4168 4279 I BugleRcsProvisioning: RcsProvisioningTrigger: updateRcsAvailabilityForProvisioningId : rcsProvisioningId = redacted-pii:sim_id[chars:35,last3:97)] hint = SIM_SWAP, logTriggerEvent = true 
01-06 23:58:51.254 4168 4279 W com.google.android.apps.messaging.shared.simstatetracker.SharedPreferencesSimStateStore: SharedPreferencesSimStateStore: No sim subscription info found for RCS provisioning id
01-06 23:58:51.255 4168 4279 I com.google.android.apps.messaging.shared.rcs.availability.RcsAvailabilityUpdaterLocal: updateAvailabilityForRcsProvisioningId. SimId: redacted-pii:sim_id[chars:20,last3:897], currentAvailability: 1, newAvailability: 9, hint: SIM_SWAP
01-06 23:58:51.262 4168 4279 W com.google.android.apps.messaging.shared.simstatetracker.SharedPreferencesSimStateStore: SharedPreferencesSimStateStore: No sim subscription info found for RCS provisioning id
01-06 23:58:51.268 4168 4279 I BugleRcsEngine: [SR]: Single Registration is disabled. Skipping Single Registration capability check for subId: -1, OS.isAtLeastS:[true], enableSingleRegistrationProvisioning:[false] [CONTEXT thread_id=59 ]
01-06 23:58:51.268 4168 4279 I BugleRcsEngine: RcsAvailabilityLogWorkerScheduler is cancelled [CONTEXT thread_id=59 ]
01-06 23:58:51.282 4168 4312 I Bugle: BroadcastReceiverAsyncWorkTracker: Acknowledging broadcast of com.google.android.apps.messaging.rcsprovisioning.RcsProvisioningBroadcastReceiver@4beada0
01-06 23:58:51.300 4168 4278 W Bugle: TextClassifierLibManagerImpl: Reclaiming memory at level: 40
01-06 23:58:51.325 4168 4308 I BugleRcsEngine: Cancel All Provisioning work operation result is: SUCCESS, trigger is SIM_SWAP [CONTEXT thread_id=65 ]
01-06 23:58:51.331 4168 4311 I BugleRcsEngine: [SR]: Single Registration is disabled. Skipping Single Registration capability check for subId: -1, OS.isAtLeastS:[true], enableSingleRegistrationProvisioning:[false] [CONTEXT thread_id=69 ]
01-06 23:58:51.334 4168 4311 I BugleRcsEngine: Skipping provisioning scheduling since RCS is disabled [CONTEXT thread_id=69 ]
01-06 23:58:51.518 4168 4308 W RcsClientLib: Error while stopping RCS engine. java.lang.IllegalStateException: JibeService Not Initializedjava.lang.IllegalStateException: JibeService Not Initialized
	at android.os.Parcel.createExceptionOrNull(Parcel.java:3250)
	at android.os.Parcel.createException(Parcel.java:3226)
	at android.os.Parcel.readException(Parcel.java:3209)
	at android.os.Parcel.readException(Parcel.java:3151)
	at com.google.android.aidl.BaseProxy.transactAndReadExceptionReturnVoid(PG:11)
	at com.google.android.ims.rcs.engine.IRcsEngineTemporaryController$Stub$Proxy.triggerStopRcsStack(PG:9)
	at com.google.android.rcs.client.lifecycle.RcsEngineLifecycleService.triggerStopRcsStack(PG:10)
	at blzw.call(PG:5)
	at dksu.a(PG:3)
	at dkqd.a(PG:13)
	at dqsx.a(PG:3)
	at dqrv.run(PG:21)
	at dqsz.run(PG:5)
	at crzm.run(PG:3)
	at java.util.concurrent.ThreadPoolExecutor.runWorker(ThreadPoolExecutor.java:1145)
	at java.util.concurrent.ThreadPoolExecutor$Worker.run(ThreadPoolExecutor.java:644)
	at cryq.run(PG:6)
	at java.lang.Thread.run(Thread.java:1012)
	at csaw.run(PG:64)

01-06 23:58:51.747 4168 4308 W RcsClientLib: Error while stopping RCS engine. java.lang.IllegalStateException: JibeService Not Initializedjava.lang.IllegalStateException: JibeService Not Initialized
	at android.os.Parcel.createExceptionOrNull(Parcel.java:3250)
	at android.os.Parcel.createException(Parcel.java:3226)
	at android.os.Parcel.readException(Parcel.java:3209)
	at android.os.Parcel.readException(Parcel.java:3151)
	at com.google.android.aidl.BaseProxy.transactAndReadExceptionReturnVoid(PG:11)
	at com.google.android.ims.rcs.engine.IRcsEngineTemporaryController$Stub$Proxy.triggerStopRcsStack(PG:9)
	at com.google.android.rcs.client.lifecycle.RcsEngineLifecycleService.triggerStopRcsStack(PG:10)
	at blzw.call(PG:5)
	at dksu.a(PG:3)
	at dkqd.a(PG:13)
	at dqsx.a(PG:3)
	at dqrv.run(PG:21)
	at dqsz.run(PG:5)
	at crzm.run(PG:3)
	at java.util.concurrent.ThreadPoolExecutor.runWorker(ThreadPoolExecutor.java:1145)
	at java.util.concurrent.ThreadPoolExecutor$Worker.run(ThreadPoolExecutor.java:644)
	at cryq.run(PG:6)
	at java.lang.Thread.run(Thread.java:1012)
	at csaw.run(PG:64)

01-06 23:58:52.526 4168 4312 I RcsClientLib: Disconnecting RcsEngineLifecycleService
01-06 23:58:52.777 4168 4312 I RcsClientLib: Disconnecting RcsEngineLifecycleService
01-06 23:58:53.410 4168 4321 I Bugle: BroadcastReceiverAsyncWorkTracker: Acknowledging broadcast of buoi@63ef3b
01-06 23:58:55.906 4168 4168 I BugleDataModel: ActionExecutorImpl: Starting ActionService
01-06 23:58:55.980 4168 4168 I BugleDataModel: ActionExecutorImpl: ACTION_EXECUTE_QUEUED_SyncTelephonyThreadsAction
01-06 23:58:56.054 4168 4279 I BugleDataModel: ExecuteActionRunnable: running action SyncTelephonyThreadsAction
01-06 23:58:56.055 4168 4279 I BugleDataModel: ActionExecutorImpl: ACTION_BACKGROUND_QUEUED_SyncTelephonyThreadsAction
01-06 23:58:56.088 4168 4311 I BugleDataModel: SyncTelephonyThreadsAction: Not starting SyncTelephonyThreadsAction because BCM is used.
01-06 23:58:56.165 4168 4311 I BugleDataModel: ActionExecutorImpl: ACTION_RESPONSE_QUEUED_SyncTelephonyThreadsAction
01-06 23:58:56.172 4168 4306 I BugleDataModel: ActionExecutorImpl: Stopping ActionService
01-06 23:58:56.192 4168 4312 I Bugle: BroadcastReceiverAsyncWorkTracker: Acknowledging broadcast of buoi@63ef3b
01-06 23:58:56.216 4168 4306 I Bugle: BugleStartup: Registering SIM change receiver...
01-06 23:58:56.224 4168 4306 I Bugle: BugleStartup: Updating app config...
01-06 23:58:56.242 4168 4306 I Bugle: BugleStartup: Done with SIM change receiver & app config.
01-06 23:58:56.242 4168 4306 I Bugle: BugleStartup: Handling shared prefs upgrade & Load MMS Configuration...
01-06 23:58:56.278 4168 4594 I BugleRcsEngine: do not delay first event [CONTEXT thread_id=100 ]
01-06 23:58:56.292 4168 4278 I Bugle: Upgrading shared prefs from -1 to 2
01-06 23:58:56.301 4168 4254 I BugleRcsEngine: SIM delay is not enabled [CONTEXT thread_id=53 ]
01-06 23:58:56.302 4168 4254 I BugleRcsEngine: process intent: android.intent.action.SIM_STATE_CHANGED [CONTEXT log_prefix="(Sim)" thread_id=53 ]
01-06 23:58:56.309 4168 4278 I BugleBackup: Registering preference change listener for "buglesub_1".
01-06 23:58:56.316 4168 4594 I BugleRcsEngine: Processing an intent [CONTEXT log_prefix="(Sim)" thread_id=100 ]
01-06 23:58:56.317 4168 4594 I BugleRcsEngine: SIM state LOADED [CONTEXT log_prefix="(Sim)" thread_id=100 ]
01-06 23:58:56.324 4168 4278 W Bugle: BuglePhoneNumberUtils: canonicalizeMccMnc: invalid mccmnc. mcc: null, mnc: null
01-06 23:58:56.336 4168 4254 I BugleSimStateTracker: Updating PhoneSimState
01-06 23:58:56.343 4168 4311 I Bugle: BugleStartup: Initializing RCS availability...
01-06 23:58:56.346 4168 4306 W Bugle: BuglePhoneNumberUtils: canonicalizeMccMnc: invalid mccmnc. mcc: null, mnc: null
01-06 23:58:56.348 4168 4594 I BugleRcsEngine: Broadcasting provisioning intent rcs.intent.action.rcsSimSwap to Bugle with extras redacted-pii:[chars:86] from source SIM_STATE_TRACKER [CONTEXT log_prefix="EngineBroadcaster" thread_id=100 ]
01-06 23:58:56.352 4168 4311 I Bugle: BugleStartup: Done with RCS availability.
01-06 23:58:56.361 4168 4311 I Bugle: BugleStartup: Done initializing with enabled individual init failures.
01-06 23:58:56.368 4168 4594 I BugleRcsEngine: SIM changed: true. current id: redacted-pii:sim_id[chars:20,last3:897]; stored id: redacted-pii:sim_id[chars:0,last3:]; isFiDevice: false; subId: 1; slotIndex: 0 [CONTEXT log_prefix="(Sim)" thread_id=100 ]
01-06 23:58:56.375 4168 4311 I BugleRcsProvisioning: RcsProvisioningTrigger: SIM swap detected, restarting provisioning
01-06 23:58:56.376 4168 4311 I BugleRcsProvisioning: RcsProvisioningTrigger: updateRcsAvailabilityForProvisioningId : rcsProvisioningId = redacted-pii:sim_id[chars:35,last3:97)] hint = SIM_SWAP, logTriggerEvent = true 
01-06 23:58:56.385 4168 4311 W com.google.android.apps.messaging.shared.simstatetracker.SharedPreferencesSimStateStore: SharedPreferencesSimStateStore: No sim subscription info found for RCS provisioning id
01-06 23:58:56.400 4168 4594 I BugleRcsEngine: Skipping writing subId because this is main bugle process. [CONTEXT log_prefix="(Sim)" thread_id=100 ]
01-06 23:58:56.399 4168 4311 I com.google.android.apps.messaging.shared.rcs.availability.RcsAvailabilityUpdaterLocal: updateAvailabilityForRcsProvisioningId. SimId: redacted-pii:sim_id[chars:20,last3:897], currentAvailability: 9, newAvailability: 9, hint: SIM_SWAP
01-06 23:58:56.401 4168 4311 W com.google.android.apps.messaging.shared.simstatetracker.SharedPreferencesSimStateStore: SharedPreferencesSimStateStore: No sim subscription info found for RCS provisioning id
01-06 23:58:56.407 4168 4594 I BugleRcsEngine: Updated SIM info: currentSimId: redacted-pii:sim_id[chars:20,last3:897]; imsi: redacted-pii:imsi[chars:15]; rawMsisdn: redacted-pii:phone_number[chars:12,last2:67]; formattedMsisdn: redacted-pii:phone_number[chars:0,last2:]; mccmnc: redacted-pii:sim_operator[chars:6]; gid1: redacted-pii:sim_gid[chars:0]; isFiDevice: false; subId: 1; slotIndex: 0 [CONTEXT log_prefix="(Sim)" thread_id=100 ]
01-06 23:58:56.413 4168 4279 I GnpSdk: GrowthKit is disabled by Phenotype flag.
01-06 23:58:56.418 4168 4311 I BugleRcsEngine: [SR]: Single Registration is disabled. Skipping Single Registration capability check for subId: 1, OS.isAtLeastS:[true], enableSingleRegistrationProvisioning:[false] [CONTEXT thread_id=69 ]
01-06 23:58:56.425 4168 4311 I BugleRcsEngine: RcsAvailabilityLogWorkerScheduler is cancelled [CONTEXT thread_id=69 ]
01-06 23:58:56.426 4168 4278 I GnpSdk: GrowthKit is disabled by Phenotype flag.
01-06 23:58:56.429 4168 4594 I BugleRcsEngine: First update of the SIM info. [CONTEXT log_prefix="(Sim)" thread_id=100 ]
01-06 23:58:56.446 4168 4254 I BugleSimStateTracker: Is carrier config for identified carrier: true
01-06 23:58:56.450 4168 4594 I BugleRcsEngine: Broadcasting Intent { act=com.google.android.ims.SIM_LOADED (has extras) } [CONTEXT log_prefix="(Sim)" thread_id=100 ]
01-06 23:58:56.453 4168 4168 I Bugle: SimChangeReceiver: action: com.google.android.ims.SIM_LOADED
01-06 23:58:56.459 4168 4312 I Bugle: BroadcastReceiverAsyncWorkTracker: Acknowledging broadcast of com.google.android.apps.messaging.rcsprovisioning.RcsProvisioningBroadcastReceiver@e0754c
01-06 23:58:56.460 4168 4594 I BugleRcsEngine: Processing an intent [CONTEXT log_prefix="(Sim)" thread_id=100 ]
01-06 23:58:56.461 4168 4594 I BugleRcsEngine: Ignoring duplicate SIM state: LOADED [CONTEXT log_prefix="(Sim)" thread_id=100 ]
01-06 23:58:56.491 4168 4254 W com.google.android.apps.messaging.shared.simstatetracker.SharedPreferencesSimStateStore: SharedPreferencesSimStateStore: can't get simId for null SimSubscriptionInfo when setting PhoneDefaults.
01-06 23:58:56.492 4168 4254 W com.google.android.apps.messaging.shared.simstatetracker.SharedPreferencesSimStateStore: SharedPreferencesSimStateStore: can't get simId for null SimSubscriptionInfo when setting PhoneDefaults.
01-06 23:58:56.492 4168 4254 W com.google.android.apps.messaging.shared.simstatetracker.SharedPreferencesSimStateStore: SharedPreferencesSimStateStore: can't get simId for null SimSubscriptionInfo when setting PhoneDefaults.
01-06 23:58:56.511 4168 4254 W com.google.android.apps.messaging.shared.simstatetracker.SharedPreferencesSimStateStore: SharedPreferencesSimStateStore: can't get simId for null SimSubscriptionInfo when setting PhoneDefaults.
01-06 23:58:56.514 4168 4254 W Bugle: Bugle: SubscriptionMetadataUtils get: unexpected subId = -1, replacing with -1
01-06 23:58:56.515 4168 4254 I Bugle: SubscriptionUtilsAsOfLMR1: getActiveSubscriptionInfo(): empty sub info for subscription{id:-1}
01-06 23:58:56.515 4168 4254 I Bugle: SubscriptionUtilsAsOfLMR1: getSimSerialNumber: system returned empty sub info for  subscription{id:-1}
01-06 23:58:56.518 4168 4254 I BugleSimStateTracker: Looking up Fi through package names.
01-06 23:58:56.537 4168 4254 W Bugle: Bugle: SubscriptionMetadataUtils get: unexpected subId = -1, replacing with -1
01-06 23:58:56.537 4168 4254 I Bugle: SubscriptionUtilsAsOfLMR1: getActiveSubscriptionInfo(): empty sub info for subscription{id:-1}
01-06 23:58:56.538 4168 4254 I Bugle: SubscriptionUtilsAsOfLMR1: getSimSerialNumber: system returned empty sub info for  subscription{id:-1}
01-06 23:58:56.539 4168 4254 I BugleSimStateTracker: Looking up Fi through package names.
01-06 23:58:56.541 4168 4254 W Bugle: Bugle: SubscriptionMetadataUtils get: unexpected subId = -1, replacing with -1
01-06 23:58:56.541 4168 4254 I Bugle: SubscriptionUtilsAsOfLMR1: getActiveSubscriptionInfo(): empty sub info for subscription{id:-1}
01-06 23:58:56.554 4168 4254 I Bugle: SubscriptionUtilsAsOfLMR1: getSimSerialNumber: system returned empty sub info for  subscription{id:-1}
01-06 23:58:56.555 4168 4254 I BugleSimStateTracker: Looking up Fi through package names.
01-06 23:58:56.561 4168 4254 I BugleSimStateTracker: Looking up Fi through package names.
01-06 23:58:56.569 4168 4254 I BugleSimStateTracker: default call SIM: redacted-pii:sim_id[chars:20,last3:897], default sms SIM redacted-pii:sim_id[chars:20,last3:897]. default data SIM redacted-pii:sim_id[chars:20,last3:897].
01-06 23:58:56.599 4168 4308 I BugleJobs: Starts to observe table change.
01-06 23:58:56.629 4168 4252 I BugleJobs: Scheduling IcingRecurringWorker. [CONTEXT class_name="IcingMonitoringUtils" ]
01-06 23:58:56.659 4168 4279 I Bugle: RcsAvailabilityUtilForProvisioningEngineV2: updateAvailabilityAsync, hint: NO_HINT
01-06 23:58:56.661 4168 4309 I com.google.android.libraries.phenotype.client.Phlogger$PhClient: Unable to retrieve flag snapshot for com.google.android.libraries.mobileconfiguration#com.google.android.apps.messaging, using defaults.
01-06 23:58:56.682 4168 4279 I com.google.android.apps.messaging.shared.rcs.availability.RcsAvailabilityUpdaterLocal: updateAvailabilityAsync: scheduling updateRcsAvailability call. Hint: NO_HINT, enableWelcomePopupWithoutGoogleTos: false, reshowSuccessPopup: false
01-06 23:58:56.685 4168 4308 I BugleRcsEngine: Cancel All Provisioning work operation result is: SUCCESS, trigger is SIM_SWAP [CONTEXT thread_id=65 ]
01-06 23:58:56.686 4168 4279 W Bugle: Bugle: SubscriptionMetadataUtils get: unexpected subId = -1, replacing with -1
01-06 23:58:56.686 4168 4284 I BugleRcsEngine: [SR]: Single Registration is disabled. Skipping Single Registration capability check for subId: 1, OS.isAtLeastS:[true], enableSingleRegistrationProvisioning:[false] [CONTEXT thread_id=62 ]
01-06 23:58:56.703 4168 4279 W Bugle: Bugle: SubscriptionMetadataUtils get: unexpected subId = -1, replacing with -1
01-06 23:58:56.707 4168 4284 I BugleRcsEngine: Skipping provisioning scheduling since RCS is disabled [CONTEXT thread_id=62 ]
01-06 23:58:56.740 4168 4303 I BugleRcsEngine: [SR]: Single Registration is disabled. Skipping Single Registration capability check for subId: 1, OS.isAtLeastS:[true], enableSingleRegistrationProvisioning:[false] [CONTEXT thread_id=63 ]
01-06 23:58:56.741 4168 4303 I com.google.android.apps.messaging.shared.rcs.availability.RcsAvailabilityUpdaterLocal: RcsAvailability configuration availability and enabled status: simId: redacted-pii:sim_id[chars:20,last3:897], SipConnectionType: DUAL_REG, isConfigurationAvailableAndEnabled: false
01-06 23:58:56.742 4168 4303 I com.google.android.apps.messaging.shared.rcs.availability.RcsAvailabilityUpdaterLocal: updateRcsAvailability: currentAvailability: 9, newAvailability: 2, hint: NO_HINT
01-06 23:58:56.743 4168 4311 I BugleRcsProvisioning: RcsProvisioningTrigger: onRcsAvailabilityUpdate : availability is updated to RCS is disabled for this carrier by Google, lastAvailabilityLocal is null, simId hash = 8088839304507497781, simId = redacted-pii:sim_id[chars:20,last3:897], isPev3Enabled = true
01-06 23:58:56.744 4168 4284 I BugleNetwork: FirebaseRegistrationStartupTask: Enabling Firebase component
01-06 23:58:56.744 4168 4311 W com.google.android.apps.messaging.shared.simstatetracker.SharedPreferencesSimStateStore: SharedPreferencesSimStateStore: No sim subscription info found for RCS provisioning id
01-06 23:58:56.745 4168 4311 W com.google.android.apps.messaging.shared.simstatetracker.SharedPreferencesSimStateStore: SharedPreferencesSimStateStore: can't get simId for null SimSubscriptionInfo when setting PhoneDefaults.
01-06 23:58:56.745 4168 4311 W com.google.android.apps.messaging.shared.simstatetracker.SharedPreferencesSimStateStore: SharedPreferencesSimStateStore: can't get simId for null SimSubscriptionInfo when setting PhoneDefaults.
01-06 23:58:56.746 4168 4311 W com.google.android.apps.messaging.shared.simstatetracker.SharedPreferencesSimStateStore: SharedPreferencesSimStateStore: can't get simId for null SimSubscriptionInfo when setting PhoneDefaults.
01-06 23:58:56.746 4168 4311 W com.google.android.apps.messaging.shared.simstatetracker.SharedPreferencesSimStateStore: SharedPreferencesSimStateStore: can't get simId for null SimSubscriptionInfo when setting PhoneDefaults.
01-06 23:58:56.747 4168 4311 I BugleRcsEngine: Receive onRcsAvailabilityUpdate, SIM = redacted-pii:sim_id[chars:20,last3:897], availability = RcsAvailability{mAvailability=DISABLED_VIA_GSERVICES (RCS is disabled for this carrier by Google)} [CONTEXT log_prefix="RcsProvisioningManager" thread_id=69 ]
01-06 23:58:56.748 4168 4311 I BugleRcsProvisioning: RcsProvisioningTrigger: onRcsAvailabilityUpdate : isPreviousDisabled = true, isCurrentDisabled = true, config[simId:redacted-pii:sim_id[chars:20,last3:897]] = [Type: 0, Version: 0, Validity: 0, Last updated: 0, Remaining validity: 0, Reconfiguration requested: false, Messaging technology: SIMPLE_IM, rcsVolteSingleRegistration: false], hasToken: false, isValidAndUpdated: false
01-06 23:58:56.752 4168 4303 I BugleTransport: onRcsAvailabilityUpdate: kicking off updateActiveTransport for simId:redacted-pii:sim_id[chars:20,last3:897]
01-06 23:58:56.753 4168 4303 I BugleRcsEngine: AvailabilityObserver.onUpdate : Notify RcsAvailabilityListener brtj@c453f2f onRcsAvailabilityUpdate, SIM = redacted-pii:sim_id[chars:20,last3:897], availability = 2 [CONTEXT log_prefix="RcsProvisioningManager" thread_id=63 ]
01-06 23:58:56.755 4168 4279 W Bugle: Bugle: SubscriptionMetadataUtils get: unexpected subId = -1, replacing with -1
01-06 23:58:56.755 4168 4279 W Bugle: Bugle: SubscriptionMetadataUtils get: unexpected subId = -1, replacing with -1
01-06 23:58:56.756 4168 4280 I BugleRcsEngine: RCS Configuration storage in Bugle is disabled by p/h flag, using ProvisioningEngineStateCacheUtil.getProvisioningConfigurationForGivenSimIfExist() [CONTEXT log_prefix="ProvisioningEngineDataRetriever" thread_id=60 ]
01-06 23:58:56.766 4168 4254 I BugleSimStateTracker: Looking up Fi through package names.
01-06 23:58:56.769 4168 4308 W BugleRcs: getAvailableProvisioningIds: accessing uninitialized provisioning identities.
01-06 23:58:56.769 4168 4254 W com.google.android.apps.messaging.shared.simstatetracker.SharedPreferencesSimStateStore: SharedPreferencesSimStateStore: No loggable guid found for sim id
01-06 23:58:56.771 4168 4308 W BugleRcs: getAvailableProvisioningIds: accessing uninitialized provisioning identities.
01-06 23:58:56.771 4168 4308 W BugleRcs: getAvailableProvisioningIds: accessing uninitialized provisioning identities.
01-06 23:58:56.772 4168 4308 I BugleRcsEngine: CommonRcsProvisioningChangeListenerHandler.notifyListener : Notify RcsProvisioningChangeListener bjbz@16693c onRcsProvisioningChange, SIM = redacted-pii:sim_id[chars:35,last3:97)], available rcs provisioning ids  =  [CONTEXT log_prefix="RcsProvisioningManager" thread_id=65 ]
01-06 23:58:56.777 4168 4311 W BugleAction: Failed to get msisdn from Bugle
01-06 23:58:56.779 4168 4311 W Bugle: Bugle: SubscriptionMetadataUtils get: unexpected subId = -2, replacing with -1
01-06 23:58:56.780 4168 4311 W Bugle: Bugle: SubscriptionMetadataUtils get: unexpected subId = -2, replacing with -1
01-06 23:58:56.781 4168 4311 W Bugle: Bugle: SubscriptionMetadataUtils get: unexpected subId = -2, replacing with -1
01-06 23:58:56.792 4168 4308 I BugleTransport: isChatAvailable: RcsAvailability is DISABLED_VIA_GSERVICES (RCS is disabled for this carrier by Google)
01-06 23:58:56.835 4168 4311 I Bugle: getRawTelephonyPhoneNumber redacted-pii[0-chars] [CONTEXT sub_id=-1 ]
01-06 23:58:56.844 4168 4311 W Bugle: Bugle: SubscriptionMetadataUtils get: unexpected subId = -1, replacing with -1
01-06 23:58:56.845 4168 4311 W BugleAction: No default number, returning empty msisdn
01-06 23:58:56.845 4168 4311 I BugleRcsEngine: isRcsAvailableForSubId called with an invalid sub id: -2 [CONTEXT log_prefix="RcsProvisioningManager" thread_id=69 ]
01-06 23:58:56.849 4168 4280 I BugleTransport: updateActiveTransport: refreshing chat transport
01-06 23:58:56.854 4168 4254 I BugleSimStateTracker: allNewlyBuiltSimSubscriptionInfos (simId, loggableGuid): [(redacted-pii:sim_id[chars:20,last3:897], cdcbcffc-b490-4c3c-9d16-e86cb7679cc2)]
01-06 23:58:56.860 4168 4254 I BugleSimStateTracker: Storing updatedSimSubscriptionInfos: [(redacted-pii:sim_id[chars:20,last3:897], cdcbcffc-b490-4c3c-9d16-e86cb7679cc2)]
01-06 23:58:56.872 4168 4280 I BugleTransport: Tachygram is disabled because the RCS Configuration is empty [CONTEXT ratelimit_period="5 SECONDS" skipped=1 ]
01-06 23:58:56.873 4168 4280 I BugleTransport: Enabled chat transport is TRANSPORT_RCS [CONTEXT group_by="TRANSPORT_RCS" ratelimit_period="5 SECONDS" skipped=1 ]
